*** Using Compiler 'V6.18', folder: 'D:\keil5ARM\Core\ARM\ARMCLANG\Bin'
Rebuild target 'CHASSIS_A'
compiling app_init.c...
assembling startup_stm32h723xx.s...
compiling app_chassis.c...
compiling gpio.c...
compiling app_climb.c...
compiling stm32h7xx_hal_msp.c...
compiling tim.c...
compiling stm32h7xx_it.c...
compiling stm32h7xx_hal_timebase_tim.c...
compiling freertos.c...
compiling fdcan.c...
compiling main.c...
compiling usb_otg.c...
compiling usart.c...
compiling app_navigation.c...
compiling app_communication.c...
compiling app_can_router.c...
compiling app_sensors.c...
compiling app_monitor.c...
compiling app_safety.c...
compiling task_control.c...
compiling task_navigation.c...
compiling task_io.c...
compiling task_supervision.c...
compiling app_rtos.c...
compiling bsp_board.c...
compiling bsp_can.c...
compiling dji_motor.c...
compiling PID.c...
compiling rs01_motor.c...
compiling Bsp_Control_Timer.c...
compiling ak_motor.c...
compiling bsp_uart.c...
compiling PathFollower.c...
compiling VOFA.c...
compiling stm32h7xx_hal_cortex.c...
compiling stm32h7xx_hal_rcc.c...
compiling stm32h7xx_hal_tim_ex.c...
compiling stm32h7xx_hal_flash.c...
compiling stm32h7xx_hal_gpio.c...
compiling stm32h7xx_hal_hsem.c...
compiling stm32h7xx_hal_flash_ex.c...
compiling stm32h7xx_hal_pwr.c...
compiling stm32h7xx_hal_dma_ex.c...
compiling stm32h7xx_hal_rcc_ex.c...
compiling stm32h7xx_hal_pwr_ex.c...
compiling stm32h7xx_hal_mdma.c...
compiling stm32h7xx_hal.c...
compiling stm32h7xx_hal_tim.c...
compiling stm32h7xx_hal_dma.c...
compiling stm32h7xx_hal_i2c_ex.c...
compiling stm32h7xx_hal_exti.c...
compiling stm32h7xx_hal_pcd_ex.c...
compiling stm32h7xx_hal_uart_ex.c...
compiling mpu_wrappers_v2.c...
compiling croutine.c...
compiling event_groups.c...
compiling system_stm32h7xx.c...
compiling stm32h7xx_hal_pcd.c...
compiling list.c...
compiling stm32h7xx_hal_hcd.c...
compiling stm32h7xx_ll_usb.c...
compiling stream_buffer.c...
compiling heap_4.c...
compiling port.c...
compiling timers.c...
compiling stm32h7xx_hal_uart.c...
compiling queue.c...
compiling stm32h7xx_hal_fdcan.c...
compiling stm32h7xx_hal_i2c.c...
compiling tasks.c...
compiling cmsis_os2.c...
linking...
Program Size: Code=43540 RO-data=2116 RW-data=20 ZI-data=75012  
FromELF: creating hex file...
"CHASSIS_A\CHASSIS_A.axf" - 0 Error(s), 0 Warning(s).
Build Time Elapsed:  00:00:06
