*** Using Compiler 'V6.18', folder: 'D:\keil5ARM\Core\ARM\ARMCLANG\Bin'
Rebuild target 'CHASSIS_A'
assembling startup_stm32h723xx.s...
compiling stm32h7xx_hal_msp.c...
compiling app_system.c...
compiling tim.c...
compiling gpio.c...
compiling freertos.c...
compiling stm32h7xx_hal_timebase_tim.c...
compiling fdcan.c...
compiling stm32h7xx_it.c...
compiling main.c...
compiling usb_otg.c...
compiling app_chassis.c...
compiling usart.c...
compiling app_navigation.c...
compiling app_safety.c...
compiling app_sensors.c...
compiling app_monitor.c...
compiling app_climb.c...
compiling task_io.c...
compiling app_can_router.c...
compiling task_control.c...
compiling app_communication.c...
compiling task_supervision.c...
compiling task_navigation.c...
../user_code/RTOS/app_rtos.c(506): warning: implicit declaration of function '__disable_irq' is invalid in C99 [-Wimplicit-function-declaration]
    __disable_irq();
    ^
../user_code/RTOS/app_rtos.c(509): warning: implicit declaration of function '__NOP' is invalid in C99 [-Wimplicit-function-declaration]
        __NOP();
        ^
2 warnings generated.
compiling app_rtos.c...
compiling bsp_board.c...
compiling rs01_motor.c...
compiling bsp_uart.c...
compiling dji_motor.c...
compiling bsp_can.c...
compiling PID.c...
compiling bsp_control_timer.c...
compiling ak_motor.c...
compiling PathFollower.c...
compiling VOFA.c...
compiling stm32h7xx_hal_cortex.c...
compiling stm32h7xx_hal_flash.c...
compiling stm32h7xx_hal_gpio.c...
compiling stm32h7xx_hal_hsem.c...
compiling stm32h7xx_hal_tim_ex.c...
compiling stm32h7xx_hal_flash_ex.c...
compiling stm32h7xx_hal_rcc.c...
compiling stm32h7xx_hal_dma_ex.c...
compiling stm32h7xx_hal_pwr.c...
compiling stm32h7xx_hal_rcc_ex.c...
compiling stm32h7xx_hal_mdma.c...
compiling stm32h7xx_hal_dma.c...
compiling stm32h7xx_hal_tim.c...
compiling stm32h7xx_hal_pwr_ex.c...
compiling stm32h7xx_hal_i2c_ex.c...
compiling stm32h7xx_hal.c...
compiling stm32h7xx_hal_exti.c...
compiling stm32h7xx_hal_pcd_ex.c...
compiling stm32h7xx_hal_uart_ex.c...
compiling stm32h7xx_hal_pcd.c...
compiling croutine.c...
compiling list.c...
compiling system_stm32h7xx.c...
compiling mpu_wrappers_v2.c...
compiling event_groups.c...
compiling stm32h7xx_ll_usb.c...
compiling stm32h7xx_hal_hcd.c...
compiling stm32h7xx_hal_uart.c...
compiling queue.c...
compiling port.c...
compiling stm32h7xx_hal_i2c.c...
compiling stm32h7xx_hal_fdcan.c...
compiling heap_4.c...
compiling stream_buffer.c...
compiling timers.c...
compiling tasks.c...
compiling cmsis_os2.c...
linking...
CHASSIS_A\CHASSIS_A.axf: Error: L6218E: Undefined symbol __NOP (referred from app_rtos.o).
Not enough information to list image symbols.
Not enough information to list load addresses in the image map.
Finished: 2 information, 0 warning and 1 error messages.
"CHASSIS_A\CHASSIS_A.axf" - 1 Error(s), 2 Warning(s).
Target not created.
Build Time Elapsed:  00:00:09
