Component: ARM Compiler 5.06 update 7 (build 960) Tool: armlink [4d3601]

==============================================================================

Section Cross References

    startup_stm32h723xx.o(STACK) refers (Special) to heapauxi.o(.text) for __use_two_region_memory
    startup_stm32h723xx.o(HEAP) refers (Special) to heapauxi.o(.text) for __use_two_region_memory
    startup_stm32h723xx.o(RESET) refers (Special) to heapauxi.o(.text) for __use_two_region_memory
    startup_stm32h723xx.o(RESET) refers to startup_stm32h723xx.o(STACK) for __initial_sp
    startup_stm32h723xx.o(RESET) refers to startup_stm32h723xx.o(.text) for Reset_Handler
    startup_stm32h723xx.o(RESET) refers to stm32h7xx_it.o(i.NMI_Handler) for NMI_Handler
    startup_stm32h723xx.o(RESET) refers to stm32h7xx_it.o(i.HardFault_Handler) for HardFault_Handler
    startup_stm32h723xx.o(RESET) refers to stm32h7xx_it.o(i.MemManage_Handler) for MemManage_Handler
    startup_stm32h723xx.o(RESET) refers to stm32h7xx_it.o(i.BusFault_Handler) for BusFault_Handler
    startup_stm32h723xx.o(RESET) refers to stm32h7xx_it.o(i.UsageFault_Handler) for UsageFault_Handler
    startup_stm32h723xx.o(RESET) refers to port.o(.emb_text) for SVC_Handler
    startup_stm32h723xx.o(RESET) refers to stm32h7xx_it.o(i.DebugMon_Handler) for DebugMon_Handler
    startup_stm32h723xx.o(RESET) refers to cmsis_os2.o(i.SysTick_Handler) for SysTick_Handler
    startup_stm32h723xx.o(RESET) refers to stm32h7xx_it.o(i.FDCAN1_IT0_IRQHandler) for FDCAN1_IT0_IRQHandler
    startup_stm32h723xx.o(RESET) refers to stm32h7xx_it.o(i.FDCAN2_IT0_IRQHandler) for FDCAN2_IT0_IRQHandler
    startup_stm32h723xx.o(RESET) refers to stm32h7xx_it.o(i.TIM1_UP_IRQHandler) for TIM1_UP_IRQHandler
    startup_stm32h723xx.o(RESET) refers to stm32h7xx_it.o(i.FDCAN3_IT0_IRQHandler) for FDCAN3_IT0_IRQHandler
    startup_stm32h723xx.o(.text) refers (Special) to heapauxi.o(.text) for __use_two_region_memory
    startup_stm32h723xx.o(.text) refers to system_stm32h7xx.o(i.ExitRun0Mode) for ExitRun0Mode
    startup_stm32h723xx.o(.text) refers to system_stm32h7xx.o(i.SystemInit) for SystemInit
    startup_stm32h723xx.o(.text) refers to __main.o(!!!main) for __main
    startup_stm32h723xx.o(.text) refers to startup_stm32h723xx.o(HEAP) for Heap_Mem
    startup_stm32h723xx.o(.text) refers to startup_stm32h723xx.o(STACK) for Stack_Mem
    main.o(i.HAL_TIM_PeriodElapsedCallback) refers to stm32h7xx_hal.o(i.HAL_IncTick) for HAL_IncTick
    main.o(i.PeriphCommonClock_Config) refers to rt_memclr_w.o(.text) for __aeabi_memclr4
    main.o(i.PeriphCommonClock_Config) refers to stm32h7xx_hal_rcc_ex.o(i.HAL_RCCEx_PeriphCLKConfig) for HAL_RCCEx_PeriphCLKConfig
    main.o(i.SystemClock_Config) refers to rt_memclr_w.o(.text) for __aeabi_memclr4
    main.o(i.SystemClock_Config) refers to stm32h7xx_hal_pwr_ex.o(i.HAL_PWREx_ConfigSupply) for HAL_PWREx_ConfigSupply
    main.o(i.SystemClock_Config) refers to stm32h7xx_hal_rcc.o(i.HAL_RCC_OscConfig) for HAL_RCC_OscConfig
    main.o(i.SystemClock_Config) refers to stm32h7xx_hal_rcc.o(i.HAL_RCC_ClockConfig) for HAL_RCC_ClockConfig
    main.o(i.main) refers to stm32h7xx_hal_cortex.o(i.HAL_MPU_Disable) for HAL_MPU_Disable
    main.o(i.main) refers to stm32h7xx_hal_cortex.o(i.HAL_MPU_ConfigRegion) for HAL_MPU_ConfigRegion
    main.o(i.main) refers to stm32h7xx_hal_cortex.o(i.HAL_MPU_Enable) for HAL_MPU_Enable
    main.o(i.main) refers to stm32h7xx_hal.o(i.HAL_Init) for HAL_Init
    main.o(i.main) refers to main.o(i.SystemClock_Config) for SystemClock_Config
    main.o(i.main) refers to main.o(i.PeriphCommonClock_Config) for PeriphCommonClock_Config
    main.o(i.main) refers to gpio.o(i.MX_GPIO_Init) for MX_GPIO_Init
    main.o(i.main) refers to fdcan.o(i.MX_FDCAN1_Init) for MX_FDCAN1_Init
    main.o(i.main) refers to fdcan.o(i.MX_FDCAN2_Init) for MX_FDCAN2_Init
    main.o(i.main) refers to fdcan.o(i.MX_FDCAN3_Init) for MX_FDCAN3_Init
    main.o(i.main) refers to tim.o(i.MX_TIM6_Init) for MX_TIM6_Init
    main.o(i.main) refers to tim.o(i.MX_TIM7_Init) for MX_TIM7_Init
    main.o(i.main) refers to tim.o(i.MX_TIM13_Init) for MX_TIM13_Init
    main.o(i.main) refers to tim.o(i.MX_TIM14_Init) for MX_TIM14_Init
    main.o(i.main) refers to usart.o(i.MX_UART4_Init) for MX_UART4_Init
    main.o(i.main) refers to usart.o(i.MX_UART7_Init) for MX_UART7_Init
    main.o(i.main) refers to usart.o(i.MX_UART8_Init) for MX_UART8_Init
    main.o(i.main) refers to usart.o(i.MX_USART1_UART_Init) for MX_USART1_UART_Init
    main.o(i.main) refers to usart.o(i.MX_USART10_UART_Init) for MX_USART10_UART_Init
    main.o(i.main) refers to usb_otg.o(i.MX_USB_OTG_HS_PCD_Init) for MX_USB_OTG_HS_PCD_Init
    main.o(i.main) refers to usart.o(i.MX_UART5_Init) for MX_UART5_Init
    main.o(i.main) refers to usart.o(i.MX_USART2_UART_Init) for MX_USART2_UART_Init
    main.o(i.main) refers to cmsis_os2.o(i.osKernelInitialize) for osKernelInitialize
[...]
    __rt_exit_prels_1                        0x08000361   Thumb Code     0  rtexit2.o(.ARM.Collect$$rtexit$$00000002)
    __rt_exit_exit                           0x08000365   Thumb Code     0  rtexit2.o(.ARM.Collect$$rtexit$$00000004)
    SVC_Handler                              0x0800036d   Thumb Code    28  port.o(.emb_text)
    __asm___6_port_c_39a90d8d__prvStartFirstTask 0x0800038d   Thumb Code    36  port.o(.emb_text)
    __asm___6_port_c_39a90d8d__prvEnableVFP  0x080003b5   Thumb Code    16  port.o(.emb_text)
    PendSV_Handler                           0x080003c9   Thumb Code    88  port.o(.emb_text)
    vPortGetIPSR                             0x08000425   Thumb Code     6  port.o(.emb_text)
    Reset_Handler                            0x0800042d   Thumb Code    12  startup_stm32h723xx.o(.text)
    ADC3_IRQHandler                          0x0800044b   Thumb Code     0  startup_stm32h723xx.o(.text)
    ADC_IRQHandler                           0x0800044b   Thumb Code     0  startup_stm32h723xx.o(.text)
    BDMA_Channel0_IRQHandler                 0x0800044b   Thumb Code     0  startup_stm32h723xx.o(.text)
    BDMA_Channel1_IRQHandler                 0x0800044b   Thumb Code     0  startup_stm32h723xx.o(.text)
    BDMA_Channel2_IRQHandler                 0x0800044b   Thumb Code     0  startup_stm32h723xx.o(.text)
    BDMA_Channel3_IRQHandler                 0x0800044b   Thumb Code     0  startup_stm32h723xx.o(.text)
    BDMA_Channel4_IRQHandler                 0x0800044b   Thumb Code     0  startup_stm32h723xx.o(.text)
    BDMA_Channel5_IRQHandler                 0x0800044b   Thumb Code     0  startup_stm32h723xx.o(.text)
    BDMA_Channel6_IRQHandler                 0x0800044b   Thumb Code     0  startup_stm32h723xx.o(.text)
    BDMA_Channel7_IRQHandler                 0x0800044b   Thumb Code     0  startup_stm32h723xx.o(.text)
    CEC_IRQHandler                           0x0800044b   Thumb Code     0  startup_stm32h723xx.o(.text)
    COMP1_IRQHandler                         0x0800044b   Thumb Code     0  startup_stm32h723xx.o(.text)
    CORDIC_IRQHandler                        0x0800044b   Thumb Code     0  startup_stm32h723xx.o(.text)
    CRS_IRQHandler                           0x0800044b   Thumb Code     0  startup_stm32h723xx.o(.text)
    DCMI_PSSI_IRQHandler                     0x0800044b   Thumb Code     0  startup_stm32h723xx.o(.text)
    DFSDM1_FLT0_IRQHandler                   0x0800044b   Thumb Code     0  startup_stm32h723xx.o(.text)
    DFSDM1_FLT1_IRQHandler                   0x0800044b   Thumb Code     0  startup_stm32h723xx.o(.text)
    DFSDM1_FLT2_IRQHandler                   0x0800044b   Thumb Code     0  startup_stm32h723xx.o(.text)
    DFSDM1_FLT3_IRQHandler                   0x0800044b   Thumb Code     0  startup_stm32h723xx.o(.text)
    DMA1_Stream0_IRQHandler                  0x0800044b   Thumb Code     0  startup_stm32h723xx.o(.text)
    DMA1_Stream1_IRQHandler                  0x0800044b   Thumb Code     0  startup_stm32h723xx.o(.text)
    DMA1_Stream2_IRQHandler                  0x0800044b   Thumb Code     0  startup_stm32h723xx.o(.text)
    DMA1_Stream3_IRQHandler                  0x0800044b   Thumb Code     0  startup_stm32h723xx.o(.text)
    DMA1_Stream4_IRQHandler                  0x0800044b   Thumb Code     0  startup_stm32h723xx.o(.text)
    DMA1_Stream5_IRQHandler                  0x0800044b   Thumb Code     0  startup_stm32h723xx.o(.text)
    DMA1_Stream6_IRQHandler                  0x0800044b   Thumb Code     0  startup_stm32h723xx.o(.text)
    DMA1_Stream7_IRQHandler                  0x0800044b   Thumb Code     0  startup_stm32h723xx.o(.text)
    DMA2D_IRQHandler                         0x0800044b   Thumb Code     0  startup_stm32h723xx.o(.text)
    DMA2_Stream0_IRQHandler                  0x0800044b   Thumb Code     0  startup_stm32h723xx.o(.text)
    DMA2_Stream1_IRQHandler                  0x0800044b   Thumb Code     0  startup_stm32h723xx.o(.text)
    DMA2_Stream2_IRQHandler                  0x0800044b   Thumb Code     0  startup_stm32h723xx.o(.text)
    DMA2_Stream3_IRQHandler                  0x0800044b   Thumb Code     0  startup_stm32h723xx.o(.text)
    DMA2_Stream4_IRQHandler                  0x0800044b   Thumb Code     0  startup_stm32h723xx.o(.text)
    DMA2_Stream5_IRQHandler                  0x0800044b   Thumb Code     0  startup_stm32h723xx.o(.text)
    DMA2_Stream6_IRQHandler                  0x0800044b   Thumb Code     0  startup_stm32h723xx.o(.text)
    DMA2_Stream7_IRQHandler                  0x0800044b   Thumb Code     0  startup_stm32h723xx.o(.text)
    DMAMUX1_OVR_IRQHandler                   0x0800044b   Thumb Code     0  startup_stm32h723xx.o(.text)
    DMAMUX2_OVR_IRQHandler                   0x0800044b   Thumb Code     0  startup_stm32h723xx.o(.text)
    DTS_IRQHandler                           0x0800044b   Thumb Code     0  startup_stm32h723xx.o(.text)
    ECC_IRQHandler                           0x0800044b   Thumb Code     0  startup_stm32h723xx.o(.text)
    ETH_IRQHandler                           0x0800044b   Thumb Code     0  startup_stm32h723xx.o(.text)
    ETH_WKUP_IRQHandler                      0x0800044b   Thumb Code     0  startup_stm32h723xx.o(.text)
    EXTI0_IRQHandler                         0x0800044b   Thumb Code     0  startup_stm32h723xx.o(.text)
    EXTI15_10_IRQHandler                     0x0800044b   Thumb Code     0  startup_stm32h723xx.o(.text)
    EXTI1_IRQHandler                         0x0800044b   Thumb Code     0  startup_stm32h723xx.o(.text)
    EXTI2_IRQHandler                         0x0800044b   Thumb Code     0  startup_stm32h723xx.o(.text)
    EXTI3_IRQHandler                         0x0800044b   Thumb Code     0  startup_stm32h723xx.o(.text)
    EXTI4_IRQHandler                         0x0800044b   Thumb Code     0  startup_stm32h723xx.o(.text)
    EXTI9_5_IRQHandler                       0x0800044b   Thumb Code     0  startup_stm32h723xx.o(.text)
    FDCAN1_IT1_IRQHandler                    0x0800044b   Thumb Code     0  startup_stm32h723xx.o(.text)
    FDCAN2_IT1_IRQHandler                    0x0800044b   Thumb Code     0  startup_stm32h723xx.o(.text)
    FDCAN3_IT1_IRQHandler                    0x0800044b   Thumb Code     0  startup_stm32h723xx.o(.text)
    FDCAN_CAL_IRQHandler                     0x0800044b   Thumb Code     0  startup_stm32h723xx.o(.text)
    FLASH_IRQHandler                         0x0800044b   Thumb Code     0  startup_stm32h723xx.o(.text)
    FMAC_IRQHandler                          0x0800044b   Thumb Code     0  startup_stm32h723xx.o(.text)
    FMC_IRQHandler                           0x0800044b   Thumb Code     0  startup_stm32h723xx.o(.text)
    FPU_IRQHandler                           0x0800044b   Thumb Code     0  startup_stm32h723xx.o(.text)
    HSEM1_IRQHandler                         0x0800044b   Thumb Code     0  startup_stm32h723xx.o(.text)
    I2C1_ER_IRQHandler                       0x0800044b   Thumb Code     0  startup_stm32h723xx.o(.text)
    I2C1_EV_IRQHandler                       0x0800044b   Thumb Code     0  startup_stm32h723xx.o(.text)
    I2C2_ER_IRQHandler                       0x0800044b   Thumb Code     0  startup_stm32h723xx.o(.text)
    I2C2_EV_IRQHandler                       0x0800044b   Thumb Code     0  startup_stm32h723xx.o(.text)
    I2C3_ER_IRQHandler                       0x0800044b   Thumb Code     0  startup_stm32h723xx.o(.text)
    I2C3_EV_IRQHandler                       0x0800044b   Thumb Code     0  startup_stm32h723xx.o(.text)
    I2C4_ER_IRQHandler                       0x0800044b   Thumb Code     0  startup_stm32h723xx.o(.text)
    I2C4_EV_IRQHandler                       0x0800044b   Thumb Code     0  startup_stm32h723xx.o(.text)
    I2C5_ER_IRQHandler                       0x0800044b   Thumb Code     0  startup_stm32h723xx.o(.text)
    I2C5_EV_IRQHandler                       0x0800044b   Thumb Code     0  startup_stm32h723xx.o(.text)
    LPTIM1_IRQHandler                        0x0800044b   Thumb Code     0  startup_stm32h723xx.o(.text)
    LPTIM2_IRQHandler                        0x0800044b   Thumb Code     0  startup_stm32h723xx.o(.text)
    LPTIM3_IRQHandler                        0x0800044b   Thumb Code     0  startup_stm32h723xx.o(.text)
    LPTIM4_IRQHandler                        0x0800044b   Thumb Code     0  startup_stm32h723xx.o(.text)
    LPTIM5_IRQHandler                        0x0800044b   Thumb Code     0  startup_stm32h723xx.o(.text)
    LPUART1_IRQHandler                       0x0800044b   Thumb Code     0  startup_stm32h723xx.o(.text)
    LTDC_ER_IRQHandler                       0x0800044b   Thumb Code     0  startup_stm32h723xx.o(.text)
    LTDC_IRQHandler                          0x0800044b   Thumb Code     0  startup_stm32h723xx.o(.text)
    MDIOS_IRQHandler                         0x0800044b   Thumb Code     0  startup_stm32h723xx.o(.text)
    MDIOS_WKUP_IRQHandler                    0x0800044b   Thumb Code     0  startup_stm32h723xx.o(.text)
    MDMA_IRQHandler                          0x0800044b   Thumb Code     0  startup_stm32h723xx.o(.text)
    OCTOSPI1_IRQHandler                      0x0800044b   Thumb Code     0  startup_stm32h723xx.o(.text)
    OCTOSPI2_IRQHandler                      0x0800044b   Thumb Code     0  startup_stm32h723xx.o(.text)
    OTG_HS_EP1_IN_IRQHandler                 0x0800044b   Thumb Code     0  startup_stm32h723xx.o(.text)
    OTG_HS_EP1_OUT_IRQHandler                0x0800044b   Thumb Code     0  startup_stm32h723xx.o(.text)
    OTG_HS_IRQHandler                        0x0800044b   Thumb Code     0  startup_stm32h723xx.o(.text)
    OTG_HS_WKUP_IRQHandler                   0x0800044b   Thumb Code     0  startup_stm32h723xx.o(.text)
    PVD_AVD_IRQHandler                       0x0800044b   Thumb Code     0  startup_stm32h723xx.o(.text)
    RCC_IRQHandler                           0x0800044b   Thumb Code     0  startup_stm32h723xx.o(.text)
    RNG_IRQHandler                           0x0800044b   Thumb Code     0  startup_stm32h723xx.o(.text)
    RTC_Alarm_IRQHandler                     0x0800044b   Thumb Code     0  startup_stm32h723xx.o(.text)
    RTC_WKUP_IRQHandler                      0x0800044b   Thumb Code     0  startup_stm32h723xx.o(.text)
    SAI1_IRQHandler                          0x0800044b   Thumb Code     0  startup_stm32h723xx.o(.text)
    SAI4_IRQHandler                          0x0800044b   Thumb Code     0  startup_stm32h723xx.o(.text)
    SDMMC1_IRQHandler                        0x0800044b   Thumb Code     0  startup_stm32h723xx.o(.text)
    SDMMC2_IRQHandler                        0x0800044b   Thumb Code     0  startup_stm32h723xx.o(.text)
    SPDIF_RX_IRQHandler                      0x0800044b   Thumb Code     0  startup_stm32h723xx.o(.text)
    SPI1_IRQHandler                          0x0800044b   Thumb Code     0  startup_stm32h723xx.o(.text)
    SPI2_IRQHandler                          0x0800044b   Thumb Code     0  startup_stm32h723xx.o(.text)
    SPI3_IRQHandler                          0x0800044b   Thumb Code     0  startup_stm32h723xx.o(.text)
    SPI4_IRQHandler                          0x0800044b   Thumb Code     0  startup_stm32h723xx.o(.text)
    SPI5_IRQHandler                          0x0800044b   Thumb Code     0  startup_stm32h723xx.o(.text)
    SPI6_IRQHandler                          0x0800044b   Thumb Code     0  startup_stm32h723xx.o(.text)
    SWPMI1_IRQHandler                        0x0800044b   Thumb Code     0  startup_stm32h723xx.o(.text)
    TAMP_STAMP_IRQHandler                    0x0800044b   Thumb Code     0  startup_stm32h723xx.o(.text)
    TIM15_IRQHandler                         0x0800044b   Thumb Code     0  startup_stm32h723xx.o(.text)
    TIM16_IRQHandler                         0x0800044b   Thumb Code     0  startup_stm32h723xx.o(.text)
    TIM17_IRQHandler                         0x0800044b   Thumb Code     0  startup_stm32h723xx.o(.text)
    TIM1_BRK_IRQHandler                      0x0800044b   Thumb Code     0  startup_stm32h723xx.o(.text)
    TIM1_CC_IRQHandler                       0x0800044b   Thumb Code     0  startup_stm32h723xx.o(.text)
    TIM1_TRG_COM_IRQHandler                  0x0800044b   Thumb Code     0  startup_stm32h723xx.o(.text)
    TIM23_IRQHandler                         0x0800044b   Thumb Code     0  startup_stm32h723xx.o(.text)
    TIM24_IRQHandler                         0x0800044b   Thumb Code     0  startup_stm32h723xx.o(.text)
    TIM2_IRQHandler                          0x0800044b   Thumb Code     0  startup_stm32h723xx.o(.text)
    TIM3_IRQHandler                          0x0800044b   Thumb Code     0  startup_stm32h723xx.o(.text)
    TIM4_IRQHandler                          0x0800044b   Thumb Code     0  startup_stm32h723xx.o(.text)
    TIM5_IRQHandler                          0x0800044b   Thumb Code     0  startup_stm32h723xx.o(.text)
    TIM6_DAC_IRQHandler                      0x0800044b   Thumb Code     0  startup_stm32h723xx.o(.text)
    TIM7_IRQHandler                          0x0800044b   Thumb Code     0  startup_stm32h723xx.o(.text)
    TIM8_BRK_TIM12_IRQHandler                0x0800044b   Thumb Code     0  startup_stm32h723xx.o(.text)
    TIM8_CC_IRQHandler                       0x0800044b   Thumb Code     0  startup_stm32h723xx.o(.text)
    TIM8_TRG_COM_TIM14_IRQHandler            0x0800044b   Thumb Code     0  startup_stm32h723xx.o(.text)
    TIM8_UP_TIM13_IRQHandler                 0x0800044b   Thumb Code     0  startup_stm32h723xx.o(.text)
    UART4_IRQHandler                         0x0800044b   Thumb Code     0  startup_stm32h723xx.o(.text)
    UART5_IRQHandler                         0x0800044b   Thumb Code     0  startup_stm32h723xx.o(.text)
    UART7_IRQHandler                         0x0800044b   Thumb Code     0  startup_stm32h723xx.o(.text)
    UART8_IRQHandler                         0x0800044b   Thumb Code     0  startup_stm32h723xx.o(.text)
    UART9_IRQHandler                         0x0800044b   Thumb Code     0  startup_stm32h723xx.o(.text)
    USART10_IRQHandler                       0x0800044b   Thumb Code     0  startup_stm32h723xx.o(.text)
    USART1_IRQHandler                        0x0800044b   Thumb Code     0  startup_stm32h723xx.o(.text)
    USART2_IRQHandler                        0x0800044b   Thumb Code     0  startup_stm32h723xx.o(.text)
    USART3_IRQHandler                        0x0800044b   Thumb Code     0  startup_stm32h723xx.o(.text)
    USART6_IRQHandler                        0x0800044b   Thumb Code     0  startup_stm32h723xx.o(.text)
    WAKEUP_PIN_IRQHandler                    0x0800044b   Thumb Code     0  startup_stm32h723xx.o(.text)
    WWDG_IRQHandler                          0x0800044b   Thumb Code     0  startup_stm32h723xx.o(.text)
    __user_initial_stackheap                 0x0800044d   Thumb Code     0  startup_stm32h723xx.o(.text)
    __aeabi_uldivmod                         0x08000475   Thumb Code     0  lludivv7m.o(.text)
    _ll_udiv                                 0x08000475   Thumb Code   238  lludivv7m.o(.text)
    __aeabi_memcpy                           0x08000563   Thumb Code     0  rt_memcpy_v6.o(.text)
    __rt_memcpy                              0x08000563   Thumb Code   138  rt_memcpy_v6.o(.text)
    _memcpy_lastbytes                        0x080005c9   Thumb Code     0  rt_memcpy_v6.o(.text)
    __aeabi_memcpy4                          0x080005ed   Thumb Code     0  rt_memcpy_w.o(.text)
    __aeabi_memcpy8                          0x080005ed   Thumb Code     0  rt_memcpy_w.o(.text)
    __rt_memcpy_w                            0x080005ed   Thumb Code   100  rt_memcpy_w.o(.text)
    _memcpy_lastbytes_aligned                0x08000635   Thumb Code     0  rt_memcpy_w.o(.text)
    __aeabi_memset                           0x08000651   Thumb Code    16  aeabi_memset.o(.text)
    __aeabi_memclr                           0x08000661   Thumb Code     0  rt_memclr.o(.text)
    __rt_memclr                              0x08000661   Thumb Code    68  rt_memclr.o(.text)
    _memset                                  0x08000665   Thumb Code     0  rt_memclr.o(.text)
    __aeabi_memclr4                          0x080006a5   Thumb Code     0  rt_memclr_w.o(.text)
    __aeabi_memclr8                          0x080006a5   Thumb Code     0  rt_memclr_w.o(.text)
    __rt_memclr_w                            0x080006a5   Thumb Code    78  rt_memclr_w.o(.text)
    _memset_w                                0x080006a9   Thumb Code     0  rt_memclr_w.o(.text)
    __use_two_region_memory                  0x080006f3   Thumb Code     2  heapauxi.o(.text)
    __rt_heap_escrow$2region                 0x080006f5   Thumb Code     2  heapauxi.o(.text)
    __rt_heap_expand$2region                 0x080006f7   Thumb Code     2  heapauxi.o(.text)
    __user_setup_stackheap                   0x080006f9   Thumb Code    74  sys_stackheap_outer.o(.text)
    exit                                     0x08000743   Thumb Code    18  exit.o(.text)
    __user_libspace                          0x08000755   Thumb Code     8  libspace.o(.text)
    __user_perproc_libspace                  0x08000755   Thumb Code     0  libspace.o(.text)
    __user_perthread_libspace                0x08000755   Thumb Code     0  libspace.o(.text)
    _sys_exit                                0x0800075d   Thumb Code     8  sys_exit.o(.text)
    __I$use$semihosting                      0x08000769   Thumb Code     0  use_no_semi.o(.text)
    __use_no_semihosting_swi                 0x08000769   Thumb Code     2  use_no_semi.o(.text)
    __semihosting_library_function           0x0800076b   Thumb Code     0  indicate_semi.o(.text)
    AppFreertos_Bootstrap                    0x0800088d   Thumb Code    52  app_freertos.o(i.AppFreertos_Bootstrap)
    AppFreertos_GetRuntimeStats              0x080008d1   Thumb Code    38  app_freertos.o(i.AppFreertos_GetRuntimeStats)
    AppFreertos_Init                         0x08000901   Thumb Code   280  app_freertos.o(i.AppFreertos_Init)
    AppFreertos_NotifyCanErrorFromISR        0x08000a3d   Thumb Code    18  app_freertos.o(i.AppFreertos_NotifyCanErrorFromISR)
    AppFreertos_Panic                        0x08000a55   Thumb Code    10  app_freertos.o(i.AppFreertos_Panic)
    App_ControlStep                          0x08000b39   Thumb Code     2  app_freertos.o(i.App_ControlStep)
    App_FreertosAssert                       0x08000b3d   Thumb Code    12  app_freertos.o(i.App_FreertosAssert)
    App_MonitorStep                          0x08000b81   Thumb Code     2  app_freertos.o(i.App_MonitorStep)
    App_NavigationStep                       0x08000bad   Thumb Code     2  app_freertos.o(i.App_NavigationStep)
    App_OnCanFrame                           0x08000baf   Thumb Code     2  app_freertos.o(i.App_OnCanFrame)
    App_OnCommunicationPacket                0x08000bb1   Thumb Code     2  app_freertos.o(i.App_OnCommunicationPacket)
    App_SafetyStep                           0x08000bb3   Thumb Code     2  app_freertos.o(i.App_SafetyStep)
    BusFault_Handler                         0x08000c61   Thumb Code     2  stm32h7xx_it.o(i.BusFault_Handler)
    DebugMon_Handler                         0x08000c63   Thumb Code     2  stm32h7xx_it.o(i.DebugMon_Handler)
    Error_Handler                            0x08000c65   Thumb Code     4  main.o(i.Error_Handler)
    ExitRun0Mode                             0x08000c69   Thumb Code    22  system_stm32h7xx.o(i.ExitRun0Mode)
    FDCAN1_IT0_IRQHandler                    0x08000c85   Thumb Code     6  stm32h7xx_it.o(i.FDCAN1_IT0_IRQHandler)
    FDCAN2_IT0_IRQHandler                    0x08000c91   Thumb Code     6  stm32h7xx_it.o(i.FDCAN2_IT0_IRQHandler)
    FDCAN3_IT0_IRQHandler                    0x08000c9d   Thumb Code     6  stm32h7xx_it.o(i.FDCAN3_IT0_IRQHandler)
    HAL_Delay                                0x08000e71   Thumb Code    32  stm32h7xx_hal.o(i.HAL_Delay)
    HAL_FDCAN_ActivateNotification           0x08000e95   Thumb Code   126  stm32h7xx_hal_fdcan.o(i.HAL_FDCAN_ActivateNotification)
    HAL_FDCAN_ClockCalibrationCallback       0x08000f1d   Thumb Code     2  stm32h7xx_hal_fdcan.o(i.HAL_FDCAN_ClockCalibrationCallback)
    HAL_FDCAN_ConfigFilter                   0x08000f1f   Thumb Code   126  stm32h7xx_hal_fdcan.o(i.HAL_FDCAN_ConfigFilter)
    HAL_FDCAN_ConfigGlobalFilter             0x08000f9d   Thumb Code    50  stm32h7xx_hal_fdcan.o(i.HAL_FDCAN_ConfigGlobalFilter)
    HAL_FDCAN_ErrorCallback                  0x08000fcf   Thumb Code     2  stm32h7xx_hal_fdcan.o(i.HAL_FDCAN_ErrorCallback)
    HAL_FDCAN_ErrorStatusCallback            0x08000fd1   Thumb Code    22  app_freertos.o(i.HAL_FDCAN_ErrorStatusCallback)
    HAL_FDCAN_GetRxFifoFillLevel             0x08000fe9   Thumb Code    24  stm32h7xx_hal_fdcan.o(i.HAL_FDCAN_GetRxFifoFillLevel)
    HAL_FDCAN_GetRxMessage                   0x08001001   Thumb Code   412  stm32h7xx_hal_fdcan.o(i.HAL_FDCAN_GetRxMessage)
    HAL_FDCAN_HighPriorityMessageCallback    0x080011a1   Thumb Code     2  stm32h7xx_hal_fdcan.o(i.HAL_FDCAN_HighPriorityMessageCallback)
    HAL_FDCAN_IRQHandler                     0x080011a5   Thumb Code   788  stm32h7xx_hal_fdcan.o(i.HAL_FDCAN_IRQHandler)
    HAL_FDCAN_Init                           0x080014c5   Thumb Code   572  stm32h7xx_hal_fdcan.o(i.HAL_FDCAN_Init)
    HAL_FDCAN_MspInit                        0x08001709   Thumb Code   286  fdcan.o(i.HAL_FDCAN_MspInit)
    HAL_FDCAN_RxBufferNewMessageCallback     0x08001845   Thumb Code     2  stm32h7xx_hal_fdcan.o(i.HAL_FDCAN_RxBufferNewMessageCallback)
    HAL_FDCAN_RxFifo0Callback                0x08001849   Thumb Code   178  app_freertos.o(i.HAL_FDCAN_RxFifo0Callback)
    HAL_FDCAN_RxFifo1Callback                0x08001905   Thumb Code     2  stm32h7xx_hal_fdcan.o(i.HAL_FDCAN_RxFifo1Callback)
    HAL_FDCAN_Start                          0x08001907   Thumb Code    50  stm32h7xx_hal_fdcan.o(i.HAL_FDCAN_Start)
    HAL_FDCAN_Stop                           0x08001939   Thumb Code   126  stm32h7xx_hal_fdcan.o(i.HAL_FDCAN_Stop)
    HAL_FDCAN_TT_GlobalTimeCallback          0x080019b7   Thumb Code     2  stm32h7xx_hal_fdcan.o(i.HAL_FDCAN_TT_GlobalTimeCallback)
    HAL_FDCAN_TT_ScheduleSyncCallback        0x080019b9   Thumb Code     2  stm32h7xx_hal_fdcan.o(i.HAL_FDCAN_TT_ScheduleSyncCallback)
    HAL_FDCAN_TT_StopWatchCallback           0x080019bb   Thumb Code     2  stm32h7xx_hal_fdcan.o(i.HAL_FDCAN_TT_StopWatchCallback)
    HAL_FDCAN_TT_TimeMarkCallback            0x080019bd   Thumb Code     2  stm32h7xx_hal_fdcan.o(i.HAL_FDCAN_TT_TimeMarkCallback)
    HAL_FDCAN_TimeoutOccurredCallback        0x080019bf   Thumb Code     2  stm32h7xx_hal_fdcan.o(i.HAL_FDCAN_TimeoutOccurredCallback)
    HAL_FDCAN_TimestampWraparoundCallback    0x080019c1   Thumb Code     2  stm32h7xx_hal_fdcan.o(i.HAL_FDCAN_TimestampWraparoundCallback)
    HAL_FDCAN_TxBufferAbortCallback          0x080019c3   Thumb Code     2  stm32h7xx_hal_fdcan.o(i.HAL_FDCAN_TxBufferAbortCallback)
    HAL_FDCAN_TxBufferCompleteCallback       0x080019c5   Thumb Code     2  stm32h7xx_hal_fdcan.o(i.HAL_FDCAN_TxBufferCompleteCallback)
    HAL_FDCAN_TxEventFifoCallback            0x080019c7   Thumb Code     2  stm32h7xx_hal_fdcan.o(i.HAL_FDCAN_TxEventFifoCallback)
    HAL_FDCAN_TxFifoEmptyCallback            0x080019c9   Thumb Code     2  stm32h7xx_hal_fdcan.o(i.HAL_FDCAN_TxFifoEmptyCallback)
    HAL_GPIO_Init                            0x080019cd   Thumb Code   502  stm32h7xx_hal_gpio.o(i.HAL_GPIO_Init)
    HAL_GetTick                              0x08001bf1   Thumb Code     6  stm32h7xx_hal.o(i.HAL_GetTick)
    HAL_IncTick                              0x08001bfd   Thumb Code    12  stm32h7xx_hal.o(i.HAL_IncTick)
    HAL_Init                                 0x08001c0d   Thumb Code    74  stm32h7xx_hal.o(i.HAL_Init)
    HAL_InitTick                             0x08001c69   Thumb Code   110  stm32h7xx_hal_timebase_tim.o(i.HAL_InitTick)
    HAL_MPU_ConfigRegion                     0x08001ced   Thumb Code    86  stm32h7xx_hal_cortex.o(i.HAL_MPU_ConfigRegion)
    HAL_MPU_Disable                          0x08001d49   Thumb Code    24  stm32h7xx_hal_cortex.o(i.HAL_MPU_Disable)
    HAL_MPU_Enable                           0x08001d65   Thumb Code    30  stm32h7xx_hal_cortex.o(i.HAL_MPU_Enable)
    HAL_MspInit                              0x08001d89   Thumb Code    32  stm32h7xx_hal_msp.o(i.HAL_MspInit)
    HAL_NVIC_EnableIRQ                       0x08001dad   Thumb Code    26  stm32h7xx_hal_cortex.o(i.HAL_NVIC_EnableIRQ)
    HAL_NVIC_SetPriority                     0x08001dc9   Thumb Code    60  stm32h7xx_hal_cortex.o(i.HAL_NVIC_SetPriority)
    HAL_NVIC_SetPriorityGrouping             0x08001e09   Thumb Code    28  stm32h7xx_hal_cortex.o(i.HAL_NVIC_SetPriorityGrouping)
    HAL_PCDEx_ActivateLPM                    0x08001e2d   Thumb Code    34  stm32h7xx_hal_pcd_ex.o(i.HAL_PCDEx_ActivateLPM)
    HAL_PCD_Init                             0x08001e55   Thumb Code   204  stm32h7xx_hal_pcd.o(i.HAL_PCD_Init)
    HAL_PCD_MspInit                          0x08001f21   Thumb Code   164  usb_otg.o(i.HAL_PCD_MspInit)
    HAL_PWREx_ConfigSupply                   0x08001fd5   Thumb Code    78  stm32h7xx_hal_pwr_ex.o(i.HAL_PWREx_ConfigSupply)
    HAL_PWREx_EnableUSBVoltageDetector       0x08002029   Thumb Code    12  stm32h7xx_hal_pwr_ex.o(i.HAL_PWREx_EnableUSBVoltageDetector)
    HAL_RCCEx_GetD3PCLK1Freq                 0x08002039   Thumb Code    26  stm32h7xx_hal_rcc_ex.o(i.HAL_RCCEx_GetD3PCLK1Freq)
    HAL_RCCEx_GetPLL2ClockFreq               0x0800205d   Thumb Code   296  stm32h7xx_hal_rcc_ex.o(i.HAL_RCCEx_GetPLL2ClockFreq)
    HAL_RCCEx_GetPLL3ClockFreq               0x080021a1   Thumb Code   296  stm32h7xx_hal_rcc_ex.o(i.HAL_RCCEx_GetPLL3ClockFreq)
    HAL_RCCEx_PeriphCLKConfig                0x080022e5   Thumb Code  2362  stm32h7xx_hal_rcc_ex.o(i.HAL_RCCEx_PeriphCLKConfig)
    HAL_RCC_ClockConfig                      0x08002c21   Thumb Code   580  stm32h7xx_hal_rcc.o(i.HAL_RCC_ClockConfig)
    HAL_RCC_GetClockConfig                   0x08002e7d   Thumb Code    84  stm32h7xx_hal_rcc.o(i.HAL_RCC_GetClockConfig)
    HAL_RCC_GetHCLKFreq                      0x08002ed9   Thumb Code    52  stm32h7xx_hal_rcc.o(i.HAL_RCC_GetHCLKFreq)
    HAL_RCC_GetPCLK1Freq                     0x08002f1d   Thumb Code    26  stm32h7xx_hal_rcc.o(i.HAL_RCC_GetPCLK1Freq)
    HAL_RCC_GetPCLK2Freq                     0x08002f41   Thumb Code    26  stm32h7xx_hal_rcc.o(i.HAL_RCC_GetPCLK2Freq)
    HAL_RCC_GetSysClockFreq                  0x08002f65   Thumb Code   278  stm32h7xx_hal_rcc.o(i.HAL_RCC_GetSysClockFreq)
    HAL_RCC_OscConfig                        0x0800309d   Thumb Code  1318  stm32h7xx_hal_rcc.o(i.HAL_RCC_OscConfig)
    HAL_TIMEx_Break2Callback                 0x080035c3   Thumb Code     2  stm32h7xx_hal_tim_ex.o(i.HAL_TIMEx_Break2Callback)
    HAL_TIMEx_BreakCallback                  0x080035c5   Thumb Code     2  stm32h7xx_hal_tim_ex.o(i.HAL_TIMEx_BreakCallback)
    HAL_TIMEx_CommutCallback                 0x080035c7   Thumb Code     2  stm32h7xx_hal_tim_ex.o(i.HAL_TIMEx_CommutCallback)
    HAL_TIMEx_MasterConfigSynchronization    0x080035c9   Thumb Code   146  stm32h7xx_hal_tim_ex.o(i.HAL_TIMEx_MasterConfigSynchronization)
    HAL_TIM_Base_Init                        0x08003681   Thumb Code    98  stm32h7xx_hal_tim.o(i.HAL_TIM_Base_Init)
    HAL_TIM_Base_MspInit                     0x080036e5   Thumb Code    96  tim.o(i.HAL_TIM_Base_MspInit)
    HAL_TIM_Base_Start_IT                    0x08003759   Thumb Code   118  stm32h7xx_hal_tim.o(i.HAL_TIM_Base_Start_IT)
    HAL_TIM_IC_CaptureCallback               0x080037f9   Thumb Code     2  stm32h7xx_hal_tim.o(i.HAL_TIM_IC_CaptureCallback)
    HAL_TIM_IRQHandler                       0x080037fb   Thumb Code   328  stm32h7xx_hal_tim.o(i.HAL_TIM_IRQHandler)
    HAL_TIM_OC_DelayElapsedCallback          0x08003943   Thumb Code     2  stm32h7xx_hal_tim.o(i.HAL_TIM_OC_DelayElapsedCallback)
    HAL_TIM_PWM_PulseFinishedCallback        0x08003945   Thumb Code     2  stm32h7xx_hal_tim.o(i.HAL_TIM_PWM_PulseFinishedCallback)
    HAL_TIM_PeriodElapsedCallback            0x08003949   Thumb Code    14  main.o(i.HAL_TIM_PeriodElapsedCallback)
    HAL_TIM_TriggerCallback                  0x0800395d   Thumb Code     2  stm32h7xx_hal_tim.o(i.HAL_TIM_TriggerCallback)
    HAL_UARTEx_DisableFifoMode               0x0800395f   Thumb Code    64  stm32h7xx_hal_uart_ex.o(i.HAL_UARTEx_DisableFifoMode)
    HAL_UARTEx_SetRxFifoThreshold            0x0800399f   Thumb Code    76  stm32h7xx_hal_uart_ex.o(i.HAL_UARTEx_SetRxFifoThreshold)
    HAL_UARTEx_SetTxFifoThreshold            0x080039eb   Thumb Code    76  stm32h7xx_hal_uart_ex.o(i.HAL_UARTEx_SetTxFifoThreshold)
    HAL_UART_Init                            0x08003a37   Thumb Code   106  stm32h7xx_hal_uart.o(i.HAL_UART_Init)
    HAL_UART_MspInit                         0x08003aa1   Thumb Code   708  usart.o(i.HAL_UART_MspInit)
    HardFault_Handler                        0x08003d9d   Thumb Code     2  stm32h7xx_it.o(i.HardFault_Handler)
    MX_FDCAN1_Init                           0x08003dc5   Thumb Code   100  fdcan.o(i.MX_FDCAN1_Init)
    MX_FDCAN2_Init                           0x08003e31   Thumb Code   104  fdcan.o(i.MX_FDCAN2_Init)
    MX_FDCAN3_Init                           0x08003ea1   Thumb Code   104  fdcan.o(i.MX_FDCAN3_Init)
    MX_FREERTOS_Init                         0x08003f11   Thumb Code    30  freertos.o(i.MX_FREERTOS_Init)
    MX_GPIO_Init                             0x08003f3d   Thumb Code   102  gpio.o(i.MX_GPIO_Init)
    MX_TIM13_Init                            0x08003fa9   Thumb Code    42  tim.o(i.MX_TIM13_Init)
    MX_TIM14_Init                            0x08003fdd   Thumb Code    42  tim.o(i.MX_TIM14_Init)
    MX_TIM6_Init                             0x08004011   Thumb Code    60  tim.o(i.MX_TIM6_Init)
    MX_TIM7_Init                             0x08004055   Thumb Code    60  tim.o(i.MX_TIM7_Init)
    MX_UART4_Init                            0x08004099   Thumb Code    94  usart.o(i.MX_UART4_Init)
    MX_UART5_Init                            0x08004101   Thumb Code    94  usart.o(i.MX_UART5_Init)
    MX_UART7_Init                            0x08004169   Thumb Code    94  usart.o(i.MX_UART7_Init)
    MX_UART8_Init                            0x080041d1   Thumb Code    94  usart.o(i.MX_UART8_Init)
    MX_USART10_UART_Init                     0x08004239   Thumb Code    94  usart.o(i.MX_USART10_UART_Init)
    MX_USART1_UART_Init                      0x080042a1   Thumb Code    94  usart.o(i.MX_USART1_UART_Init)
    MX_USART2_UART_Init                      0x08004309   Thumb Code    94  usart.o(i.MX_USART2_UART_Init)
    MX_USB_OTG_HS_PCD_Init                   0x08004371   Thumb Code    52  usb_otg.o(i.MX_USB_OTG_HS_PCD_Init)
    MemManage_Handler                        0x080043ad   Thumb Code     2  stm32h7xx_it.o(i.MemManage_Handler)
    NMI_Handler                              0x080043af   Thumb Code     2  stm32h7xx_it.o(i.NMI_Handler)
    PeriphCommonClock_Config                 0x080043b1   Thumb Code    68  main.o(i.PeriphCommonClock_Config)
    StartDefaultTask                         0x08004635   Thumb Code     8  freertos.o(i.StartDefaultTask)
    SysTick_Handler                          0x0800463d   Thumb Code    26  cmsis_os2.o(i.SysTick_Handler)
    SystemClock_Config                       0x08004659   Thumb Code   146  main.o(i.SystemClock_Config)
    SystemInit                               0x080046f1   Thumb Code   184  system_stm32h7xx.o(i.SystemInit)
    TIM1_UP_IRQHandler                       0x080047c9   Thumb Code     6  stm32h7xx_it.o(i.TIM1_UP_IRQHandler)
    TIM_Base_SetConfig                       0x080047d5   Thumb Code   182  stm32h7xx_hal_tim.o(i.TIM_Base_SetConfig)
    UART_AdvFeatureConfig                    0x080048f9   Thumb Code   200  stm32h7xx_hal_uart.o(i.UART_AdvFeatureConfig)
    UART_CheckIdleState                      0x080049c1   Thumb Code   170  stm32h7xx_hal_uart.o(i.UART_CheckIdleState)
    UART_SetConfig                           0x08004ac1   Thumb Code   914  stm32h7xx_hal_uart.o(i.UART_SetConfig)
    UART_WaitOnFlagUntilTimeout              0x08004e9d   Thumb Code   148  stm32h7xx_hal_uart.o(i.UART_WaitOnFlagUntilTimeout)
    USB_CoreInit                             0x08004f31   Thumb Code   150  stm32h7xx_ll_usb.o(i.USB_CoreInit)
    USB_DevDisconnect                        0x08005017   Thumb Code    28  stm32h7xx_ll_usb.o(i.USB_DevDisconnect)
    USB_DevInit                              0x08005035   Thumb Code   354  stm32h7xx_ll_usb.o(i.USB_DevInit)
    USB_DisableGlobalInt                     0x080051a1   Thumb Code    12  stm32h7xx_ll_usb.o(i.USB_DisableGlobalInt)
    USB_FlushRxFifo                          0x080051ad   Thumb Code    56  stm32h7xx_ll_usb.o(i.USB_FlushRxFifo)
    USB_FlushTxFifo                          0x080051e5   Thumb Code    60  stm32h7xx_ll_usb.o(i.USB_FlushTxFifo)
    USB_SetCurrentMode                       0x08005221   Thumb Code    94  stm32h7xx_ll_usb.o(i.USB_SetCurrentMode)
    UsageFault_Handler                       0x0800527f   Thumb Code     2  stm32h7xx_it.o(i.UsageFault_Handler)
    main                                     0x080052a3   Thumb Code   166  main.o(i.main)
    osDelayUntil                             0x08005349   Thumb Code    50  cmsis_os2.o(i.osDelayUntil)
    osEventFlagsGet                          0x0800537b   Thumb Code    38  cmsis_os2.o(i.osEventFlagsGet)
    osEventFlagsNew                          0x080053a1   Thumb Code    44  cmsis_os2.o(i.osEventFlagsNew)
    osEventFlagsSet                          0x080053cd   Thumb Code    88  cmsis_os2.o(i.osEventFlagsSet)
    osEventFlagsWait                         0x08005429   Thumb Code   108  cmsis_os2.o(i.osEventFlagsWait)
    osKernelGetTickCount                     0x08005495   Thumb Code    24  cmsis_os2.o(i.osKernelGetTickCount)
    osKernelGetTickFreq                      0x080054ad   Thumb Code     6  cmsis_os2.o(i.osKernelGetTickFreq)
    osKernelInitialize                       0x080054b5   Thumb Code    42  cmsis_os2.o(i.osKernelInitialize)
    osKernelStart                            0x080054e5   Thumb Code    56  cmsis_os2.o(i.osKernelStart)
    osMessageQueueGet                        0x08005525   Thumb Code   112  cmsis_os2.o(i.osMessageQueueGet)
    osMessageQueueNew                        0x08005599   Thumb Code    98  cmsis_os2.o(i.osMessageQueueNew)
    osMessageQueuePut                        0x080055fd   Thumb Code   116  cmsis_os2.o(i.osMessageQueuePut)
    osMutexNew                               0x08005675   Thumb Code   100  cmsis_os2.o(i.osMutexNew)
    osThreadExit                             0x080056d9   Thumb Code     8  cmsis_os2.o(i.osThreadExit)
    osThreadNew                              0x080056e1   Thumb Code   146  cmsis_os2.o(i.osThreadNew)
    pvPortMalloc                             0x08005fb1   Thumb Code   222  heap_4.o(i.pvPortMalloc)
    pxPortInitialiseStack                    0x08006099   Thumb Code    42  port.o(i.pxPortInitialiseStack)
    uxListRemove                             0x080060c9   Thumb Code    38  list.o(i.uxListRemove)
    uxTaskGetNumberOfTasks                   0x080060f1   Thumb Code     6  tasks.o(i.uxTaskGetNumberOfTasks)
    uxTaskResetEventItemValue                0x080060fd   Thumb Code    20  tasks.o(i.uxTaskResetEventItemValue)
    vApplicationGetIdleTaskMemory            0x08006115   Thumb Code    18  cmsis_os2.o(i.vApplicationGetIdleTaskMemory)
    vApplicationGetTimerTaskMemory           0x0800612d   Thumb Code    20  cmsis_os2.o(i.vApplicationGetTimerTaskMemory)
    vApplicationMallocFailedHook             0x08006145   Thumb Code     6  app_freertos.o(i.vApplicationMallocFailedHook)
    vApplicationStackOverflowHook            0x0800614d   Thumb Code    10  app_freertos.o(i.vApplicationStackOverflowHook)
    vEventGroupSetBitsCallback               0x0800615d   Thumb Code     4  event_groups.o(i.vEventGroupSetBitsCallback)
    vListInitialise                          0x08006161   Thumb Code    22  list.o(i.vListInitialise)
    vListInitialiseItem                      0x08006177   Thumb Code     6  list.o(i.vListInitialiseItem)
    vListInsert                              0x0800617d   Thumb Code    48  list.o(i.vListInsert)
    vListInsertEnd                           0x080061ad   Thumb Code    24  list.o(i.vListInsertEnd)
    vPortEnterCritical                       0x080061c5   Thumb Code    48  port.o(i.vPortEnterCritical)
    vPortExitCritical                        0x08006201   Thumb Code    32  port.o(i.vPortExitCritical)
    vPortFree                                0x08006229   Thumb Code    94  heap_4.o(i.vPortFree)
    vPortSetupTimerInterrupt                 0x08006291   Thumb Code    32  port.o(i.vPortSetupTimerInterrupt)
    vPortValidateInterruptPriority           0x080062b5   Thumb Code    66  port.o(i.vPortValidateInterruptPriority)
    vQueueAddToRegistry                      0x08006305   Thumb Code    74  queue.o(i.vQueueAddToRegistry)
    vQueueWaitForMessageRestricted           0x08006389   Thumb Code    68  queue.o(i.vQueueWaitForMessageRestricted)
    vTaskDelete                              0x080063cd   Thumb Code   130  tasks.o(i.vTaskDelete)
    vTaskInternalSetTimeOutState             0x08006491   Thumb Code    12  tasks.o(i.vTaskInternalSetTimeOutState)
    vTaskMissedYield                         0x080064a1   Thumb Code     8  tasks.o(i.vTaskMissedYield)
    vTaskPlaceOnEventList                    0x080064ad   Thumb Code    42  tasks.o(i.vTaskPlaceOnEventList)
    vTaskPlaceOnEventListRestricted          0x08006511   Thumb Code    76  tasks.o(i.vTaskPlaceOnEventListRestricted)
    vTaskPlaceOnUnorderedEventList           0x08006595   Thumb Code    94  tasks.o(i.vTaskPlaceOnUnorderedEventList)
    vTaskRemoveFromUnorderedEventList        0x0800662d   Thumb Code   186  tasks.o(i.vTaskRemoveFromUnorderedEventList)
    vTaskStartScheduler                      0x08006725   Thumb Code   110  tasks.o(i.vTaskStartScheduler)
    vTaskSuspendAll                          0x080067d9   Thumb Code    10  tasks.o(i.vTaskSuspendAll)
    vTaskSwitchContext                       0x080067e9   Thumb Code   132  tasks.o(i.vTaskSwitchContext)
    xEventGroupClearBits                     0x080068a9   Thumb Code    52  event_groups.o(i.xEventGroupClearBits)
    xEventGroupCreate                        0x08006919   Thumb Code    28  event_groups.o(i.xEventGroupCreate)
    xEventGroupCreateStatic                  0x08006935   Thumb Code    38  event_groups.o(i.xEventGroupCreateStatic)
    xEventGroupGetBitsFromISR                0x08006999   Thumb Code    26  event_groups.o(i.xEventGroupGetBitsFromISR)
    xEventGroupSetBits                       0x080069b5   Thumb Code   132  event_groups.o(i.xEventGroupSetBits)
    xEventGroupSetBitsFromISR                0x08006a75   Thumb Code    12  event_groups.o(i.xEventGroupSetBitsFromISR)
    xEventGroupWaitBits                      0x08006a85   Thumb Code   234  event_groups.o(i.xEventGroupWaitBits)
    xPortStartScheduler                      0x08006bb1   Thumb Code   212  port.o(i.xPortStartScheduler)
    xPortSysTickHandler                      0x08006c9d   Thumb Code    38  port.o(i.xPortSysTickHandler)
    xQueueCreateMutex                        0x08006cc9   Thumb Code    22  queue.o(i.xQueueCreateMutex)
    xQueueCreateMutexStatic                  0x08006cdf   Thumb Code    26  queue.o(i.xQueueCreateMutexStatic)
    xQueueGenericCreate                      0x08006cf9   Thumb Code    82  queue.o(i.xQueueGenericCreate)
    xQueueGenericCreateStatic                0x08006d81   Thumb Code    90  queue.o(i.xQueueGenericCreateStatic)
    xQueueGenericReset                       0x08006e11   Thumb Code   174  queue.o(i.xQueueGenericReset)
    xQueueGenericSend                        0x08006ef9   Thumb Code   322  queue.o(i.xQueueGenericSend)
    xQueueGenericSendFromISR                 0x08007075   Thumb Code   190  queue.o(i.xQueueGenericSendFromISR)
    xQueueReceive                            0x08007169   Thumb Code   292  queue.o(i.xQueueReceive)
    xQueueReceiveFromISR                     0x080072c5   Thumb Code   162  queue.o(i.xQueueReceiveFromISR)
    xTaskCheckForTimeOut                     0x0800739d   Thumb Code   100  tasks.o(i.xTaskCheckForTimeOut)
    xTaskCreate                              0x08007439   Thumb Code    96  tasks.o(i.xTaskCreate)
    xTaskCreateStatic                        0x08007499   Thumb Code   112  tasks.o(i.xTaskCreateStatic)
    xTaskDelayUntil                          0x0800753d   Thumb Code   124  tasks.o(i.xTaskDelayUntil)
    xTaskGetSchedulerState                   0x080075f5   Thumb Code    22  tasks.o(i.xTaskGetSchedulerState)
    xTaskGetTickCount                        0x08007611   Thumb Code     6  tasks.o(i.xTaskGetTickCount)
    xTaskGetTickCountFromISR                 0x0800761d   Thumb Code    12  tasks.o(i.xTaskGetTickCountFromISR)
    xTaskIncrementTick                       0x0800762d   Thumb Code   288  tasks.o(i.xTaskIncrementTick)
    xTaskPriorityDisinherit                  0x08007789   Thumb Code   144  tasks.o(i.xTaskPriorityDisinherit)
    xTaskRemoveFromEventList                 0x08007855   Thumb Code   200  tasks.o(i.xTaskRemoveFromEventList)
    xTaskResumeAll                           0x0800795d   Thumb Code   296  tasks.o(i.xTaskResumeAll)
    xTimerCreateTimerTask                    0x08007ac9   Thumb Code    78  timers.o(i.xTimerCreateTimerTask)
    xTimerPendFunctionCallFromISR            0x08007b5d   Thumb Code    34  timers.o(i.xTimerPendFunctionCallFromISR)
    _fp_init                                 0x08007b85   Thumb Code    10  fpinit.o(x$fpl$fpinit)
    __fplib_config_fpu_vfp                   0x08007b8d   Thumb Code     0  fpinit.o(x$fpl$fpinit)
    __fplib_config_pureend_doubles           0x08007b8d   Thumb Code     0  fpinit.o(x$fpl$fpinit)
    defaultTask_attributes                   0x08007b90   Data          36  freertos.o(.constdata)
    UARTPrescTable                           0x08007d98   Data          24  stm32h7xx_hal_uart.o(.constdata)
    D1CorePrescTable                         0x08007dc0   Data          16  system_stm32h7xx.o(.constdata)
    Region$$Table$$Base                      0x08007f4c   Number         0  anon$$obj.o(Region$$Table)
    Region$$Table$$Limit                     0x08007f6c   Number         0  anon$$obj.o(Region$$Table)
    defaultTaskHandle                        0x24000000   Data           4  freertos.o(.data)
    appFreertosFaultCode                     0x24000004   Data           1  app_freertos.o(.data)
    appCanRxTaskHandle                       0x24000008   Data           4  app_freertos.o(.data)
    appControlTaskHandle                     0x2400000c   Data           4  app_freertos.o(.data)
    appNavigationTaskHandle                  0x24000010   Data           4  app_freertos.o(.data)
    appCommunicationTaskHandle               0x24000014   Data           4  app_freertos.o(.data)
    appSafetyTaskHandle                      0x24000018   Data           4  app_freertos.o(.data)
    appMonitorTaskHandle                     0x2400001c   Data           4  app_freertos.o(.data)
    appCanRxQueueHandle                      0x24000020   Data           4  app_freertos.o(.data)
    appChassisCommandQueueHandle             0x24000024   Data           4  app_freertos.o(.data)
    appMechanismCommandQueueHandle           0x24000028   Data           4  app_freertos.o(.data)
    appTrajectoryQueueHandle                 0x2400002c   Data           4  app_freertos.o(.data)
    appCommunicationQueueHandle              0x24000030   Data           4  app_freertos.o(.data)
    appTelemetryQueueHandle                  0x24000034   Data           4  app_freertos.o(.data)
    appSystemEventHandle                     0x24000038   Data           4  app_freertos.o(.data)
    appRobotStateMutexHandle                 0x2400003c   Data           4  app_freertos.o(.data)
    appFreertosFaultLine                     0x24000040   Data           4  app_freertos.o(.data)
    appFreertosFaultFile                     0x24000044   Data           4  app_freertos.o(.data)
    uwTickFreq                               0x24000054   Data           1  stm32h7xx_hal.o(.data)
    uwTickPrio                               0x24000058   Data           4  stm32h7xx_hal.o(.data)
    uwTick                                   0x2400005c   Data           4  stm32h7xx_hal.o(.data)
    SystemCoreClock                          0x24000060   Data           4  system_stm32h7xx.o(.data)
    SystemD2Clock                            0x24000064   Data           4  system_stm32h7xx.o(.data)
    pxCurrentTCB                             0x24000068   Data           4  tasks.o(.data)
    uxTopUsedPriority                        0x24000098   Data           4  tasks.o(.data)
    hfdcan1                                  0x2400014c   Data         160  fdcan.o(.bss)
    hfdcan2                                  0x240001ec   Data         160  fdcan.o(.bss)
    hfdcan3                                  0x2400028c   Data         160  fdcan.o(.bss)
    htim6                                    0x2400032c   Data          76  tim.o(.bss)
    htim7                                    0x24000378   Data          76  tim.o(.bss)
    htim13                                   0x240003c4   Data          76  tim.o(.bss)
    htim14                                   0x24000410   Data          76  tim.o(.bss)
    huart4                                   0x2400045c   Data         148  usart.o(.bss)
    huart5                                   0x240004f0   Data         148  usart.o(.bss)
    huart7                                   0x24000584   Data         148  usart.o(.bss)
    huart8                                   0x24000618   Data         148  usart.o(.bss)
    huart1                                   0x240006ac   Data         148  usart.o(.bss)
    huart2                                   0x24000740   Data         148  usart.o(.bss)
    huart10                                  0x240007d4   Data         148  usart.o(.bss)
    hpcd_USB_OTG_HS                          0x24000868   Data        1252  usb_otg.o(.bss)
    hhcd_USB_OTG_HS                          0x24000d4c   Data        1056  usb_otg.o(.bss)
    htim1                                    0x2400116c   Data          76  stm32h7xx_hal_timebase_tim.o(.bss)
    xQueueRegistry                           0x240011b8   Data         128  queue.o(.bss)
    __libspace_start                         0x24011edc   Data          96  libspace.o(.bss)
    __temporary_stack_top$libspace           0x24011f3c   Data           0  libspace.o(.bss)



==============================================================================

Memory Map of the image

  Image Entry point : 0x080002cd

  Load Region LR_IROM1 (Base: 0x08000000, Size: 0x00008054, Max: 0x00100000, ABSOLUTE)

    Execution Region ER_IROM1 (Exec base: 0x08000000, Load base: 0x08000000, Size: 0x00007f6c, Max: 0x00100000, ABSOLUTE)

    Exec Addr    Load Addr    Size         Type   Attr      Idx    E Section Name        Object

    0x08000000   0x08000000   0x000002cc   Data   RO            3    RESET               startup_stm32h723xx.o
    0x080002cc   0x080002cc   0x00000008   Code   RO         8226  * !!!main             c_w.l(__main.o)
    0x080002d4   0x080002d4   0x00000034   Code   RO         8395    !!!scatter          c_w.l(__scatter.o)
    0x08000308   0x08000308   0x0000001a   Code   RO         8397    !!handler_copy      c_w.l(__scatter_copy.o)
    0x08000322   0x08000322   0x00000002   PAD
    0x08000324   0x08000324   0x0000001c   Code   RO         8399    !!handler_zi        c_w.l(__scatter_zi.o)
    0x08000340   0x08000340   0x00000002   Code   RO         8263    .ARM.Collect$$libinit$$00000000  c_w.l(libinit.o)
    0x08000342   0x08000342   0x00000004   Code   RO         8275    .ARM.Collect$$libinit$$00000001  c_w.l(libinit2.o)
    0x08000346   0x08000346   0x00000000   Code   RO         8278    .ARM.Collect$$libinit$$00000004  c_w.l(libinit2.o)
    0x08000346   0x08000346   0x00000000   Code   RO         8281    .ARM.Collect$$libinit$$0000000A  c_w.l(libinit2.o)
    0x08000346   0x08000346   0x00000000   Code   RO         8283    .ARM.Collect$$libinit$$0000000C  c_w.l(libinit2.o)
    0x08000346   0x08000346   0x00000000   Code   RO         8285    .ARM.Collect$$libinit$$0000000E  c_w.l(libinit2.o)
    0x08000346   0x08000346   0x00000000   Code   RO         8288    .ARM.Collect$$libinit$$00000011  c_w.l(libinit2.o)
    0x08000346   0x08000346   0x00000000   Code   RO         8290    .ARM.Collect$$libinit$$00000013  c_w.l(libinit2.o)
    0x08000346   0x08000346   0x00000000   Code   RO         8292    .ARM.Collect$$libinit$$00000015  c_w.l(libinit2.o)
    0x08000346   0x08000346   0x00000000   Code   RO         8294    .ARM.Collect$$libinit$$00000017  c_w.l(libinit2.o)
    0x08000346   0x08000346   0x00000000   Code   RO         8296    .ARM.Collect$$libinit$$00000019  c_w.l(libinit2.o)
    0x08000346   0x08000346   0x00000000   Code   RO         8298    .ARM.Collect$$libinit$$0000001B  c_w.l(libinit2.o)
    0x08000346   0x08000346   0x00000000   Code   RO         8300    .ARM.Collect$$libinit$$0000001D  c_w.l(libinit2.o)
    0x08000346   0x08000346   0x00000000   Code   RO         8302    .ARM.Collect$$libinit$$0000001F  c_w.l(libinit2.o)
    0x08000346   0x08000346   0x00000000   Code   RO         8304    .ARM.Collect$$libinit$$00000021  c_w.l(libinit2.o)
    0x08000346   0x08000346   0x00000000   Code   RO         8306    .ARM.Collect$$libinit$$00000023  c_w.l(libinit2.o)
    0x08000346   0x08000346   0x00000000   Code   RO         8308    .ARM.Collect$$libinit$$00000025  c_w.l(libinit2.o)
    0x08000346   0x08000346   0x00000000   Code   RO         8312    .ARM.Collect$$libinit$$0000002C  c_w.l(libinit2.o)
    0x08000346   0x08000346   0x00000000   Code   RO         8314    .ARM.Collect$$libinit$$0000002E  c_w.l(libinit2.o)
    0x08000346   0x08000346   0x00000000   Code   RO         8316    .ARM.Collect$$libinit$$00000030  c_w.l(libinit2.o)
    0x08000346   0x08000346   0x00000000   Code   RO         8318    .ARM.Collect$$libinit$$00000032  c_w.l(libinit2.o)
    0x08000346   0x08000346   0x00000002   Code   RO         8319    .ARM.Collect$$libinit$$00000033  c_w.l(libinit2.o)
    0x08000348   0x08000348   0x00000002   Code   RO         8350    .ARM.Collect$$libshutdown$$00000000  c_w.l(libshutdown.o)
    0x0800034a   0x0800034a   0x00000000   Code   RO         8376    .ARM.Collect$$libshutdown$$00000002  c_w.l(libshutdown2.o)
    0x0800034a   0x0800034a   0x00000000   Code   RO         8378    .ARM.Collect$$libshutdown$$00000004  c_w.l(libshutdown2.o)
    0x0800034a   0x0800034a   0x00000000   Code   RO         8380    .ARM.Collect$$libshutdown$$00000006  c_w.l(libshutdown2.o)
    0x0800034a   0x0800034a   0x00000000   Code   RO         8383    .ARM.Collect$$libshutdown$$00000009  c_w.l(libshutdown2.o)
    0x0800034a   0x0800034a   0x00000000   Code   RO         8386    .ARM.Collect$$libshutdown$$0000000C  c_w.l(libshutdown2.o)
    0x0800034a   0x0800034a   0x00000000   Code   RO         8388    .ARM.Collect$$libshutdown$$0000000E  c_w.l(libshutdown2.o)
    0x0800034a   0x0800034a   0x00000000   Code   RO         8391    .ARM.Collect$$libshutdown$$00000011  c_w.l(libshutdown2.o)
    0x0800034a   0x0800034a   0x00000002   Code   RO         8392    .ARM.Collect$$libshutdown$$00000012  c_w.l(libshutdown2.o)
    0x0800034c   0x0800034c   0x00000000   Code   RO         8228    .ARM.Collect$$rtentry$$00000000  c_w.l(__rtentry.o)
    0x0800034c   0x0800034c   0x00000000   Code   RO         8234    .ARM.Collect$$rtentry$$00000002  c_w.l(__rtentry2.o)
    0x0800034c   0x0800034c   0x00000006   Code   RO         8246    .ARM.Collect$$rtentry$$00000004  c_w.l(__rtentry4.o)
    0x08000352   0x08000352   0x00000000   Code   RO         8236    .ARM.Collect$$rtentry$$00000009  c_w.l(__rtentry2.o)
    0x08000352   0x08000352   0x00000004   Code   RO         8237    .ARM.Collect$$rtentry$$0000000A  c_w.l(__rtentry2.o)
    0x08000356   0x08000356   0x00000000   Code   RO         8239    .ARM.Collect$$rtentry$$0000000C  c_w.l(__rtentry2.o)
    0x08000356   0x08000356   0x00000008   Code   RO         8240    .ARM.Collect$$rtentry$$0000000D  c_w.l(__rtentry2.o)
    0x0800035e   0x0800035e   0x00000002   Code   RO         8267    .ARM.Collect$$rtexit$$00000000  c_w.l(rtexit.o)
    0x08000360   0x08000360   0x00000000   Code   RO         8323    .ARM.Collect$$rtexit$$00000002  c_w.l(rtexit2.o)
    0x08000360   0x08000360   0x00000004   Code   RO         8324    .ARM.Collect$$rtexit$$00000003  c_w.l(rtexit2.o)
    0x08000364   0x08000364   0x00000006   Code   RO         8325    .ARM.Collect$$rtexit$$00000004  c_w.l(rtexit2.o)
    0x0800036a   0x0800036a   0x00000002   PAD
    0x0800036c   0x0800036c   0x000000be   Code   RO         8130    .emb_text           port.o
    0x0800042a   0x0800042a   0x00000002   PAD
    0x0800042c   0x0800042c   0x00000048   Code   RO            4    .text               startup_stm32h723xx.o
    0x08000474   0x08000474   0x000000ee   Code   RO         8210    .text               c_w.l(lludivv7m.o)
    0x08000562   0x08000562   0x0000008a   Code   RO         8212    .text               c_w.l(rt_memcpy_v6.o)
    0x080005ec   0x080005ec   0x00000064   Code   RO         8214    .text               c_w.l(rt_memcpy_w.o)
    0x08000650   0x08000650   0x00000010   Code   RO         8218    .text               c_w.l(aeabi_memset.o)
    0x08000660   0x08000660   0x00000044   Code   RO         8220    .text               c_w.l(rt_memclr.o)
    0x080006a4   0x080006a4   0x0000004e   Code   RO         8222    .text               c_w.l(rt_memclr_w.o)
    0x080006f2   0x080006f2   0x00000006   Code   RO         8224    .text               c_w.l(heapauxi.o)
    0x080006f8   0x080006f8   0x0000004a   Code   RO         8250    .text               c_w.l(sys_stackheap_outer.o)
    0x08000742   0x08000742   0x00000012   Code   RO         8252    .text               c_w.l(exit.o)
    0x08000754   0x08000754   0x00000008   Code   RO         8264    .text               c_w.l(libspace.o)
    0x0800075c   0x0800075c   0x0000000c   Code   RO         8320    .text               c_w.l(sys_exit.o)
    0x08000768   0x08000768   0x00000002   Code   RO         8339    .text               c_w.l(use_no_semi.o)
    0x0800076a   0x0800076a   0x00000000   Code   RO         8341    .text               c_w.l(indicate_semi.o)
    0x0800076a   0x0800076a   0x00000002   PAD
    0x0800076c   0x0800076c   0x0000004c   Code   RO          317    i.AppCanRxTask      app_freertos.o
    0x080007b8   0x080007b8   0x0000003c   Code   RO          318    i.AppCommunicationTask  app_freertos.o
    0x080007f4   0x080007f4   0x00000098   Code   RO          319    i.AppControlTask    app_freertos.o
    0x0800088c   0x0800088c   0x00000044   Code   RO          320    i.AppFreertos_Bootstrap  app_freertos.o
    0x080008d0   0x080008d0   0x00000030   Code   RO          322    i.AppFreertos_GetRuntimeStats  app_freertos.o
    0x08000900   0x08000900   0x0000013c   Code   RO          323    i.AppFreertos_Init  app_freertos.o
    0x08000a3c   0x08000a3c   0x00000018   Code   RO          324    i.AppFreertos_NotifyCanErrorFromISR  app_freertos.o
    0x08000a54   0x08000a54   0x00000010   Code   RO          325    i.AppFreertos_Panic  app_freertos.o
    0x08000a64   0x08000a64   0x00000050   Code   RO          331    i.AppMonitorTask    app_freertos.o
    0x08000ab4   0x08000ab4   0x0000004c   Code   RO          332    i.AppNavigationTask  app_freertos.o
    0x08000b00   0x08000b00   0x00000038   Code   RO          333    i.AppSafetyTask     app_freertos.o
    0x08000b38   0x08000b38   0x00000002   Code   RO          334    i.App_ControlStep   app_freertos.o
    0x08000b3a   0x08000b3a   0x00000002   PAD
    0x08000b3c   0x08000b3c   0x00000010   Code   RO          335    i.App_FreertosAssert  app_freertos.o
    0x08000b4c   0x08000b4c   0x00000034   Code   RO          336    i.App_GetCanBus     app_freertos.o
    0x08000b80   0x08000b80   0x00000002   Code   RO          337    i.App_MonitorStep   app_freertos.o
    0x08000b82   0x08000b82   0x0000002a   Code   RO          338    i.App_MsToTicks     app_freertos.o
    0x08000bac   0x08000bac   0x00000002   Code   RO          339    i.App_NavigationStep  app_freertos.o
    0x08000bae   0x08000bae   0x00000002   Code   RO          340    i.App_OnCanFrame    app_freertos.o
    0x08000bb0   0x08000bb0   0x00000002   Code   RO          341    i.App_OnCommunicationPacket  app_freertos.o
    0x08000bb2   0x08000bb2   0x00000002   Code   RO          342    i.App_SafetyStep    app_freertos.o
    0x08000bb4   0x08000bb4   0x00000084   Code   RO          343    i.App_StartCan      app_freertos.o
    0x08000c38   0x08000c38   0x00000028   Code   RO          344    i.App_WaitForInitialization  app_freertos.o
    0x08000c60   0x08000c60   0x00000002   Code   RO          788    i.BusFault_Handler  stm32h7xx_it.o
    0x08000c62   0x08000c62   0x00000002   Code   RO          789    i.DebugMon_Handler  stm32h7xx_it.o
    0x08000c64   0x08000c64   0x00000004   Code   RO           13    i.Error_Handler     main.o
    0x08000c68   0x08000c68   0x0000001c   Code   RO         6331    i.ExitRun0Mode      system_stm32h7xx.o
    0x08000c84   0x08000c84   0x0000000c   Code   RO          790    i.FDCAN1_IT0_IRQHandler  stm32h7xx_it.o
    0x08000c90   0x08000c90   0x0000000c   Code   RO          791    i.FDCAN2_IT0_IRQHandler  stm32h7xx_it.o
    0x08000c9c   0x08000c9c   0x0000000c   Code   RO          792    i.FDCAN3_IT0_IRQHandler  stm32h7xx_it.o
    0x08000ca8   0x08000ca8   0x000001c8   Code   RO         4366    i.FDCAN_CalculateRamBlockAddresses  stm32h7xx_hal_fdcan.o
    0x08000e70   0x08000e70   0x00000024   Code   RO         3427    i.HAL_Delay         stm32h7xx_hal.o
    0x08000e94   0x08000e94   0x00000088   Code   RO         4369    i.HAL_FDCAN_ActivateNotification  stm32h7xx_hal_fdcan.o
    0x08000f1c   0x08000f1c   0x00000002   Code   RO         4372    i.HAL_FDCAN_ClockCalibrationCallback  stm32h7xx_hal_fdcan.o
    0x08000f1e   0x08000f1e   0x0000007e   Code   RO         4376    i.HAL_FDCAN_ConfigFilter  stm32h7xx_hal_fdcan.o
    0x08000f9c   0x08000f9c   0x00000032   Code   RO         4377    i.HAL_FDCAN_ConfigGlobalFilter  stm32h7xx_hal_fdcan.o
    0x08000fce   0x08000fce   0x00000002   Code   RO         4398    i.HAL_FDCAN_ErrorCallback  stm32h7xx_hal_fdcan.o
    0x08000fd0   0x08000fd0   0x00000016   Code   RO          345    i.HAL_FDCAN_ErrorStatusCallback  app_freertos.o
    0x08000fe6   0x08000fe6   0x00000002   PAD
    0x08000fe8   0x08000fe8   0x00000018   Code   RO         4409    i.HAL_FDCAN_GetRxFifoFillLevel  stm32h7xx_hal_fdcan.o
    0x08001000   0x08001000   0x000001a0   Code   RO         4410    i.HAL_FDCAN_GetRxMessage  stm32h7xx_hal_fdcan.o
    0x080011a0   0x080011a0   0x00000002   Code   RO         4416    i.HAL_FDCAN_HighPriorityMessageCallback  stm32h7xx_hal_fdcan.o
    0x080011a2   0x080011a2   0x00000002   PAD
    0x080011a4   0x080011a4   0x00000320   Code   RO         4417    i.HAL_FDCAN_IRQHandler  stm32h7xx_hal_fdcan.o
    0x080014c4   0x080014c4   0x00000244   Code   RO         4418    i.HAL_FDCAN_Init    stm32h7xx_hal_fdcan.o
    0x08001708   0x08001708   0x0000013c   Code   RO          535    i.HAL_FDCAN_MspInit  fdcan.o
    0x08001844   0x08001844   0x00000002   Code   RO         4427    i.HAL_FDCAN_RxBufferNewMessageCallback  stm32h7xx_hal_fdcan.o
    0x08001846   0x08001846   0x00000002   PAD
    0x08001848   0x08001848   0x000000bc   Code   RO          346    i.HAL_FDCAN_RxFifo0Callback  app_freertos.o
    0x08001904   0x08001904   0x00000002   Code   RO         4429    i.HAL_FDCAN_RxFifo1Callback  stm32h7xx_hal_fdcan.o
    0x08001906   0x08001906   0x00000032   Code   RO         4430    i.HAL_FDCAN_Start   stm32h7xx_hal_fdcan.o
    0x08001938   0x08001938   0x0000007e   Code   RO         4431    i.HAL_FDCAN_Stop    stm32h7xx_hal_fdcan.o
    0x080019b6   0x080019b6   0x00000002   Code   RO         4452    i.HAL_FDCAN_TT_GlobalTimeCallback  stm32h7xx_hal_fdcan.o
    0x080019b8   0x080019b8   0x00000002   Code   RO         4453    i.HAL_FDCAN_TT_ScheduleSyncCallback  stm32h7xx_hal_fdcan.o
    0x080019ba   0x080019ba   0x00000002   Code   RO         4458    i.HAL_FDCAN_TT_StopWatchCallback  stm32h7xx_hal_fdcan.o
    0x080019bc   0x080019bc   0x00000002   Code   RO         4459    i.HAL_FDCAN_TT_TimeMarkCallback  stm32h7xx_hal_fdcan.o
    0x080019be   0x080019be   0x00000002   Code   RO         4460    i.HAL_FDCAN_TimeoutOccurredCallback  stm32h7xx_hal_fdcan.o
    0x080019c0   0x080019c0   0x00000002   Code   RO         4461    i.HAL_FDCAN_TimestampWraparoundCallback  stm32h7xx_hal_fdcan.o
    0x080019c2   0x080019c2   0x00000002   Code   RO         4462    i.HAL_FDCAN_TxBufferAbortCallback  stm32h7xx_hal_fdcan.o
    0x080019c4   0x080019c4   0x00000002   Code   RO         4463    i.HAL_FDCAN_TxBufferCompleteCallback  stm32h7xx_hal_fdcan.o
    0x080019c6   0x080019c6   0x00000002   Code   RO         4464    i.HAL_FDCAN_TxEventFifoCallback  stm32h7xx_hal_fdcan.o
    0x080019c8   0x080019c8   0x00000002   Code   RO         4465    i.HAL_FDCAN_TxFifoEmptyCallback  stm32h7xx_hal_fdcan.o
    0x080019ca   0x080019ca   0x00000002   PAD
    0x080019cc   0x080019cc   0x00000224   Code   RO         2578    i.HAL_GPIO_Init     stm32h7xx_hal_gpio.o
    0x08001bf0   0x08001bf0   0x0000000c   Code   RO         3443    i.HAL_GetTick       stm32h7xx_hal.o
    0x08001bfc   0x08001bfc   0x00000010   Code   RO         3449    i.HAL_IncTick       stm32h7xx_hal.o
    0x08001c0c   0x08001c0c   0x0000005c   Code   RO         3450    i.HAL_Init          stm32h7xx_hal.o
    0x08001c68   0x08001c68   0x00000084   Code   RO          894    i.HAL_InitTick      stm32h7xx_hal_timebase_tim.o
    0x08001cec   0x08001cec   0x0000005c   Code   RO         1953    i.HAL_MPU_ConfigRegion  stm32h7xx_hal_cortex.o
    0x08001d48   0x08001d48   0x0000001c   Code   RO         1954    i.HAL_MPU_Disable   stm32h7xx_hal_cortex.o
    0x08001d64   0x08001d64   0x00000024   Code   RO         1956    i.HAL_MPU_Enable    stm32h7xx_hal_cortex.o
    0x08001d88   0x08001d88   0x00000024   Code   RO          870    i.HAL_MspInit       stm32h7xx_hal_msp.o
    0x08001dac   0x08001dac   0x0000001a   Code   RO         1960    i.HAL_NVIC_EnableIRQ  stm32h7xx_hal_cortex.o
    0x08001dc6   0x08001dc6   0x00000002   PAD
    0x08001dc8   0x08001dc8   0x00000040   Code   RO         1966    i.HAL_NVIC_SetPriority  stm32h7xx_hal_cortex.o
    0x08001e08   0x08001e08   0x00000024   Code   RO         1967    i.HAL_NVIC_SetPriorityGrouping  stm32h7xx_hal_cortex.o
    0x08001e2c   0x08001e2c   0x00000028   Code   RO         5755    i.HAL_PCDEx_ActivateLPM  stm32h7xx_hal_pcd_ex.o
    0x08001e54   0x08001e54   0x000000cc   Code   RO         5544    i.HAL_PCD_Init      stm32h7xx_hal_pcd.o
    0x08001f20   0x08001f20   0x000000b4   Code   RO          730    i.HAL_PCD_MspInit   usb_otg.o
    0x08001fd4   0x08001fd4   0x00000054   Code   RO         3179    i.HAL_PWREx_ConfigSupply  stm32h7xx_hal_pwr_ex.o
    0x08002028   0x08002028   0x00000010   Code   RO         3196    i.HAL_PWREx_EnableUSBVoltageDetector  stm32h7xx_hal_pwr_ex.o
    0x08002038   0x08002038   0x00000024   Code   RO         2221    i.HAL_RCCEx_GetD3PCLK1Freq  stm32h7xx_hal_rcc_ex.o
    0x0800205c   0x0800205c   0x00000144   Code   RO         2223    i.HAL_RCCEx_GetPLL2ClockFreq  stm32h7xx_hal_rcc_ex.o
    0x080021a0   0x080021a0   0x00000144   Code   RO         2224    i.HAL_RCCEx_GetPLL3ClockFreq  stm32h7xx_hal_rcc_ex.o
    0x080022e4   0x080022e4   0x0000093a   Code   RO         2230    i.HAL_RCCEx_PeriphCLKConfig  stm32h7xx_hal_rcc_ex.o
    0x08002c1e   0x08002c1e   0x00000002   PAD
    0x08002c20   0x08002c20   0x0000025c   Code   RO         2106    i.HAL_RCC_ClockConfig  stm32h7xx_hal_rcc.o
    0x08002e7c   0x08002e7c   0x0000005c   Code   RO         2110    i.HAL_RCC_GetClockConfig  stm32h7xx_hal_rcc.o
    0x08002ed8   0x08002ed8   0x00000044   Code   RO         2111    i.HAL_RCC_GetHCLKFreq  stm32h7xx_hal_rcc.o
    0x08002f1c   0x08002f1c   0x00000024   Code   RO         2113    i.HAL_RCC_GetPCLK1Freq  stm32h7xx_hal_rcc.o
    0x08002f40   0x08002f40   0x00000024   Code   RO         2114    i.HAL_RCC_GetPCLK2Freq  stm32h7xx_hal_rcc.o
    0x08002f64   0x08002f64   0x00000138   Code   RO         2115    i.HAL_RCC_GetSysClockFreq  stm32h7xx_hal_rcc.o
    0x0800309c   0x0800309c   0x00000526   Code   RO         2118    i.HAL_RCC_OscConfig  stm32h7xx_hal_rcc.o
    0x080035c2   0x080035c2   0x00000002   Code   RO         1649    i.HAL_TIMEx_Break2Callback  stm32h7xx_hal_tim_ex.o
    0x080035c4   0x080035c4   0x00000002   Code   RO         1650    i.HAL_TIMEx_BreakCallback  stm32h7xx_hal_tim_ex.o
    0x080035c6   0x080035c6   0x00000002   Code   RO         1651    i.HAL_TIMEx_CommutCallback  stm32h7xx_hal_tim_ex.o
    0x080035c8   0x080035c8   0x000000b8   Code   RO         1672    i.HAL_TIMEx_MasterConfigSynchronization  stm32h7xx_hal_tim_ex.o
    0x08003680   0x08003680   0x00000062   Code   RO          935    i.HAL_TIM_Base_Init  stm32h7xx_hal_tim.o
    0x080036e2   0x080036e2   0x00000002   PAD
    0x080036e4   0x080036e4   0x00000074   Code   RO          590    i.HAL_TIM_Base_MspInit  tim.o
    0x08003758   0x08003758   0x000000a0   Code   RO          940    i.HAL_TIM_Base_Start_IT  stm32h7xx_hal_tim.o
    0x080037f8   0x080037f8   0x00000002   Code   RO          969    i.HAL_TIM_IC_CaptureCallback  stm32h7xx_hal_tim.o
    0x080037fa   0x080037fa   0x00000148   Code   RO          983    i.HAL_TIM_IRQHandler  stm32h7xx_hal_tim.o
    0x08003942   0x08003942   0x00000002   Code   RO          986    i.HAL_TIM_OC_DelayElapsedCallback  stm32h7xx_hal_tim.o
    0x08003944   0x08003944   0x00000002   Code   RO         1013    i.HAL_TIM_PWM_PulseFinishedCallback  stm32h7xx_hal_tim.o
    0x08003946   0x08003946   0x00000002   PAD
    0x08003948   0x08003948   0x00000014   Code   RO           14    i.HAL_TIM_PeriodElapsedCallback  main.o
    0x0800395c   0x0800395c   0x00000002   Code   RO         1026    i.HAL_TIM_TriggerCallback  stm32h7xx_hal_tim.o
    0x0800395e   0x0800395e   0x00000040   Code   RO         5404    i.HAL_UARTEx_DisableFifoMode  stm32h7xx_hal_uart_ex.o
    0x0800399e   0x0800399e   0x0000004c   Code   RO         5413    i.HAL_UARTEx_SetRxFifoThreshold  stm32h7xx_hal_uart_ex.o
    0x080039ea   0x080039ea   0x0000004c   Code   RO         5414    i.HAL_UARTEx_SetTxFifoThreshold  stm32h7xx_hal_uart_ex.o
    0x08003a36   0x08003a36   0x0000006a   Code   RO         5013    i.HAL_UART_Init     stm32h7xx_hal_uart.o
    0x08003aa0   0x08003aa0   0x000002fc   Code   RO          650    i.HAL_UART_MspInit  usart.o
    0x08003d9c   0x08003d9c   0x00000002   Code   RO          793    i.HardFault_Handler  stm32h7xx_it.o
    0x08003d9e   0x08003d9e   0x00000026   Code   RO         7551    i.IRQ_Context       cmsis_os2.o
    0x08003dc4   0x08003dc4   0x0000006c   Code   RO          536    i.MX_FDCAN1_Init    fdcan.o
    0x08003e30   0x08003e30   0x00000070   Code   RO          537    i.MX_FDCAN2_Init    fdcan.o
    0x08003ea0   0x08003ea0   0x00000070   Code   RO          538    i.MX_FDCAN3_Init    fdcan.o
    0x08003f10   0x08003f10   0x0000002c   Code   RO          261    i.MX_FREERTOS_Init  freertos.o
    0x08003f3c   0x08003f3c   0x0000006c   Code   RO          237    i.MX_GPIO_Init      gpio.o
    0x08003fa8   0x08003fa8   0x00000034   Code   RO          591    i.MX_TIM13_Init     tim.o
    0x08003fdc   0x08003fdc   0x00000034   Code   RO          592    i.MX_TIM14_Init     tim.o
    0x08004010   0x08004010   0x00000044   Code   RO          593    i.MX_TIM6_Init      tim.o
    0x08004054   0x08004054   0x00000044   Code   RO          594    i.MX_TIM7_Init      tim.o
    0x08004098   0x08004098   0x00000068   Code   RO          651    i.MX_UART4_Init     usart.o
    0x08004100   0x08004100   0x00000068   Code   RO          652    i.MX_UART5_Init     usart.o
    0x08004168   0x08004168   0x00000068   Code   RO          653    i.MX_UART7_Init     usart.o
    0x080041d0   0x080041d0   0x00000068   Code   RO          654    i.MX_UART8_Init     usart.o
    0x08004238   0x08004238   0x00000068   Code   RO          655    i.MX_USART10_UART_Init  usart.o
    0x080042a0   0x080042a0   0x00000068   Code   RO          656    i.MX_USART1_UART_Init  usart.o
    0x08004308   0x08004308   0x00000068   Code   RO          657    i.MX_USART2_UART_Init  usart.o
    0x08004370   0x08004370   0x0000003c   Code   RO          732    i.MX_USB_OTG_HS_PCD_Init  usb_otg.o
    0x080043ac   0x080043ac   0x00000002   Code   RO          794    i.MemManage_Handler  stm32h7xx_it.o
    0x080043ae   0x080043ae   0x00000002   Code   RO          795    i.NMI_Handler       stm32h7xx_it.o
    0x080043b0   0x080043b0   0x00000044   Code   RO           15    i.PeriphCommonClock_Config  main.o
    0x080043f4   0x080043f4   0x00000120   Code   RO         2233    i.RCCEx_PLL2_Config  stm32h7xx_hal_rcc_ex.o
    0x08004514   0x08004514   0x00000120   Code   RO         2234    i.RCCEx_PLL3_Config  stm32h7xx_hal_rcc_ex.o
    0x08004634   0x08004634   0x00000008   Code   RO          262    i.StartDefaultTask  freertos.o
    0x0800463c   0x0800463c   0x0000001a   Code   RO         7553    i.SysTick_Handler   cmsis_os2.o
    0x08004656   0x08004656   0x00000002   PAD
    0x08004658   0x08004658   0x00000098   Code   RO           16    i.SystemClock_Config  main.o
    0x080046f0   0x080046f0   0x000000d8   Code   RO         6333    i.SystemInit        system_stm32h7xx.o
    0x080047c8   0x080047c8   0x0000000c   Code   RO          796    i.TIM1_UP_IRQHandler  stm32h7xx_it.o
    0x080047d4   0x080047d4   0x000000e0   Code   RO         1028    i.TIM_Base_SetConfig  stm32h7xx_hal_tim.o
    0x080048b4   0x080048b4   0x00000044   Code   RO         5418    i.UARTEx_SetNbDataToProcess  stm32h7xx_hal_uart_ex.o
    0x080048f8   0x080048f8   0x000000c8   Code   RO         5027    i.UART_AdvFeatureConfig  stm32h7xx_hal_uart.o
    0x080049c0   0x080049c0   0x000000aa   Code   RO         5028    i.UART_CheckIdleState  stm32h7xx_hal_uart.o
    0x08004a6a   0x08004a6a   0x00000002   PAD
    0x08004a6c   0x08004a6c   0x00000054   Code   RO         5039    i.UART_EndRxTransfer  stm32h7xx_hal_uart.o
    0x08004ac0   0x08004ac0   0x000003dc   Code   RO         5045    i.UART_SetConfig    stm32h7xx_hal_uart.o
    0x08004e9c   0x08004e9c   0x00000094   Code   RO         5052    i.UART_WaitOnFlagUntilTimeout  stm32h7xx_hal_uart.o
    0x08004f30   0x08004f30   0x000000a0   Code   RO         5831    i.USB_CoreInit      stm32h7xx_ll_usb.o
    0x08004fd0   0x08004fd0   0x00000046   Code   RO         5832    i.USB_CoreReset     stm32h7xx_ll_usb.o
    0x08005016   0x08005016   0x0000001c   Code   RO         5837    i.USB_DevDisconnect  stm32h7xx_ll_usb.o
    0x08005032   0x08005032   0x00000002   PAD
    0x08005034   0x08005034   0x0000016c   Code   RO         5838    i.USB_DevInit       stm32h7xx_ll_usb.o
    0x080051a0   0x080051a0   0x0000000c   Code   RO         5839    i.USB_DisableGlobalInt  stm32h7xx_ll_usb.o
    0x080051ac   0x080051ac   0x00000038   Code   RO         5848    i.USB_FlushRxFifo   stm32h7xx_ll_usb.o
    0x080051e4   0x080051e4   0x0000003c   Code   RO         5849    i.USB_FlushTxFifo   stm32h7xx_ll_usb.o
    0x08005220   0x08005220   0x0000005e   Code   RO         5869    i.USB_SetCurrentMode  stm32h7xx_ll_usb.o
    0x0800527e   0x0800527e   0x00000002   Code   RO          797    i.UsageFault_Handler  stm32h7xx_it.o
    0x08005280   0x08005280   0x00000022   Code   RO         1973    i.__NVIC_SetPriority  stm32h7xx_hal_cortex.o
    0x080052a2   0x080052a2   0x000000a6   Code   RO           17    i.main              main.o
    0x08005348   0x08005348   0x00000032   Code   RO         7556    i.osDelayUntil      cmsis_os2.o
    0x0800537a   0x0800537a   0x00000026   Code   RO         7559    i.osEventFlagsGet   cmsis_os2.o
    0x080053a0   0x080053a0   0x0000002c   Code   RO         7560    i.osEventFlagsNew   cmsis_os2.o
    0x080053cc   0x080053cc   0x0000005c   Code   RO         7561    i.osEventFlagsSet   cmsis_os2.o
    0x08005428   0x08005428   0x0000006c   Code   RO         7562    i.osEventFlagsWait  cmsis_os2.o
    0x08005494   0x08005494   0x00000018   Code   RO         7567    i.osKernelGetTickCount  cmsis_os2.o
    0x080054ac   0x080054ac   0x00000006   Code   RO         7568    i.osKernelGetTickFreq  cmsis_os2.o
    0x080054b2   0x080054b2   0x00000002   PAD
    0x080054b4   0x080054b4   0x00000030   Code   RO         7569    i.osKernelInitialize  cmsis_os2.o
    0x080054e4   0x080054e4   0x00000040   Code   RO         7572    i.osKernelStart     cmsis_os2.o
    0x08005524   0x08005524   0x00000074   Code   RO         7584    i.osMessageQueueGet  cmsis_os2.o
    0x08005598   0x08005598   0x00000062   Code   RO         7589    i.osMessageQueueNew  cmsis_os2.o
    0x080055fa   0x080055fa   0x00000002   PAD
    0x080055fc   0x080055fc   0x00000078   Code   RO         7590    i.osMessageQueuePut  cmsis_os2.o
    0x08005674   0x08005674   0x00000064   Code   RO         7595    i.osMutexNew        cmsis_os2.o
    0x080056d8   0x080056d8   0x00000008   Code   RO         7603    i.osThreadExit      cmsis_os2.o
    0x080056e0   0x080056e0   0x00000092   Code   RO         7614    i.osThreadNew       cmsis_os2.o
    0x08005772   0x08005772   0x00000002   PAD
    0x08005774   0x08005774   0x00000078   Code   RO         6996    i.prvAddCurrentTaskToDelayedList  tasks.o
    0x080057ec   0x080057ec   0x000000f0   Code   RO         6997    i.prvAddNewTaskToReadyList  tasks.o
    0x080058dc   0x080058dc   0x00000058   Code   RO         7376    i.prvCheckForValidListAndQueue  timers.o
    0x08005934   0x08005934   0x00000026   Code   RO         6569    i.prvCopyDataFromQueue  queue.o
    0x0800595a   0x0800595a   0x0000006c   Code   RO         6570    i.prvCopyDataToQueue  queue.o
    0x080059c6   0x080059c6   0x00000002   PAD
    0x080059c8   0x080059c8   0x00000068   Code   RO         6998    i.prvDeleteTCB      tasks.o
    0x08005a30   0x08005a30   0x00000048   Code   RO         8068    i.prvHeapInit       heap_4.o
    0x08005a78   0x08005a78   0x00000060   Code   RO         6999    i.prvIdleTask       tasks.o
    0x08005ad8   0x08005ad8   0x00000016   Code   RO         6571    i.prvInitialiseMutex  queue.o
    0x08005aee   0x08005aee   0x00000002   PAD
    0x08005af0   0x08005af0   0x00000022   Code   RO         6572    i.prvInitialiseNewQueue  queue.o
    0x08005b12   0x08005b12   0x00000002   PAD
    0x08005b14   0x08005b14   0x000000d0   Code   RO         7000    i.prvInitialiseNewTask  tasks.o
    0x08005be4   0x08005be4   0x0000004c   Code   RO         8069    i.prvInsertBlockIntoFreeList  heap_4.o
    0x08005c30   0x08005c30   0x0000003c   Code   RO         7378    i.prvInsertTimerInActiveList  timers.o
    0x08005c6c   0x08005c6c   0x0000001c   Code   RO         6573    i.prvIsQueueEmpty   queue.o
    0x08005c88   0x08005c88   0x00000040   Code   RO         7379    i.prvProcessExpiredTimer  timers.o
    0x08005cc8   0x08005cc8   0x00000120   Code   RO         7380    i.prvProcessReceivedCommands  timers.o
    0x08005de8   0x08005de8   0x0000006c   Code   RO         7381    i.prvProcessTimerOrBlockTask  timers.o
    0x08005e54   0x08005e54   0x00000028   Code   RO         7382    i.prvReloadTimer    timers.o
    0x08005e7c   0x08005e7c   0x0000001c   Code   RO         7002    i.prvResetNextTaskUnblockTime  tasks.o
    0x08005e98   0x08005e98   0x00000048   Code   RO         7383    i.prvSampleTimeNow  timers.o
    0x08005ee0   0x08005ee0   0x00000028   Code   RO         8131    i.prvTaskExitError  port.o
    0x08005f08   0x08005f08   0x00000018   Code   RO         6404    i.prvTestWaitCondition  event_groups.o
    0x08005f20   0x08005f20   0x00000024   Code   RO         7384    i.prvTimerTask      timers.o
    0x08005f44   0x08005f44   0x0000006a   Code   RO         6574    i.prvUnlockQueue    queue.o
    0x08005fae   0x08005fae   0x00000002   PAD
    0x08005fb0   0x08005fb0   0x000000e8   Code   RO         8071    i.pvPortMalloc      heap_4.o
    0x08006098   0x08006098   0x00000030   Code   RO         8132    i.pxPortInitialiseStack  port.o
    0x080060c8   0x080060c8   0x00000026   Code   RO         6529    i.uxListRemove      list.o
    0x080060ee   0x080060ee   0x00000002   PAD
    0x080060f0   0x080060f0   0x0000000c   Code   RO         7008    i.uxTaskGetNumberOfTasks  tasks.o
    0x080060fc   0x080060fc   0x00000018   Code   RO         7014    i.uxTaskResetEventItemValue  tasks.o
    0x08006114   0x08006114   0x00000018   Code   RO         7626    i.vApplicationGetIdleTaskMemory  cmsis_os2.o
    0x0800612c   0x0800612c   0x00000018   Code   RO         7627    i.vApplicationGetTimerTaskMemory  cmsis_os2.o
    0x08006144   0x08006144   0x00000006   Code   RO          347    i.vApplicationMallocFailedHook  app_freertos.o
    0x0800614a   0x0800614a   0x00000002   PAD
    0x0800614c   0x0800614c   0x00000010   Code   RO          348    i.vApplicationStackOverflowHook  app_freertos.o
    0x0800615c   0x0800615c   0x00000004   Code   RO         6408    i.vEventGroupSetBitsCallback  event_groups.o
    0x08006160   0x08006160   0x00000016   Code   RO         6530    i.vListInitialise   list.o
    0x08006176   0x08006176   0x00000006   Code   RO         6531    i.vListInitialiseItem  list.o
    0x0800617c   0x0800617c   0x00000030   Code   RO         6532    i.vListInsert       list.o
    0x080061ac   0x080061ac   0x00000018   Code   RO         6533    i.vListInsertEnd    list.o
    0x080061c4   0x080061c4   0x0000003c   Code   RO         8134    i.vPortEnterCritical  port.o
    0x08006200   0x08006200   0x00000028   Code   RO         8135    i.vPortExitCritical  port.o
    0x08006228   0x08006228   0x00000068   Code   RO         8072    i.vPortFree         heap_4.o
    0x08006290   0x08006290   0x00000024   Code   RO         8136    i.vPortSetupTimerInterrupt  port.o
    0x080062b4   0x080062b4   0x00000050   Code   RO         8137    i.vPortValidateInterruptPriority  port.o
    0x08006304   0x08006304   0x00000084   Code   RO         6582    i.vQueueAddToRegistry  queue.o
    0x08006388   0x08006388   0x00000044   Code   RO         6586    i.vQueueWaitForMessageRestricted  queue.o
    0x080063cc   0x080063cc   0x000000c4   Code   RO         7016    i.vTaskDelete       tasks.o
    0x08006490   0x08006490   0x00000010   Code   RO         7020    i.vTaskInternalSetTimeOutState  tasks.o
    0x080064a0   0x080064a0   0x0000000c   Code   RO         7021    i.vTaskMissedYield  tasks.o
    0x080064ac   0x080064ac   0x00000064   Code   RO         7022    i.vTaskPlaceOnEventList  tasks.o
    0x08006510   0x08006510   0x00000084   Code   RO         7023    i.vTaskPlaceOnEventListRestricted  tasks.o
    0x08006594   0x08006594   0x00000098   Code   RO         7024    i.vTaskPlaceOnUnorderedEventList  tasks.o
    0x0800662c   0x0800662c   0x000000f8   Code   RO         7027    i.vTaskRemoveFromUnorderedEventList  tasks.o
    0x08006724   0x08006724   0x000000b4   Code   RO         7031    i.vTaskStartScheduler  tasks.o
    0x080067d8   0x080067d8   0x00000010   Code   RO         7033    i.vTaskSuspendAll   tasks.o
    0x080067e8   0x080067e8   0x000000c0   Code   RO         7034    i.vTaskSwitchContext  tasks.o
    0x080068a8   0x080068a8   0x00000070   Code   RO         6410    i.xEventGroupClearBits  event_groups.o
    0x08006918   0x08006918   0x0000001c   Code   RO         6412    i.xEventGroupCreate  event_groups.o
    0x08006934   0x08006934   0x00000064   Code   RO         6413    i.xEventGroupCreateStatic  event_groups.o
    0x08006998   0x08006998   0x0000001a   Code   RO         6414    i.xEventGroupGetBitsFromISR  event_groups.o
    0x080069b2   0x080069b2   0x00000002   PAD
    0x080069b4   0x080069b4   0x000000c0   Code   RO         6416    i.xEventGroupSetBits  event_groups.o
    0x08006a74   0x08006a74   0x00000010   Code   RO         6417    i.xEventGroupSetBitsFromISR  event_groups.o
    0x08006a84   0x08006a84   0x0000012c   Code   RO         6419    i.xEventGroupWaitBits  event_groups.o
    0x08006bb0   0x08006bb0   0x000000ec   Code   RO         8138    i.xPortStartScheduler  port.o
    0x08006c9c   0x08006c9c   0x0000002c   Code   RO         8139    i.xPortSysTickHandler  port.o
    0x08006cc8   0x08006cc8   0x00000016   Code   RO         6589    i.xQueueCreateMutex  queue.o
    0x08006cde   0x08006cde   0x0000001a   Code   RO         6590    i.xQueueCreateMutexStatic  queue.o
    0x08006cf8   0x08006cf8   0x00000088   Code   RO         6591    i.xQueueGenericCreate  queue.o
    0x08006d80   0x08006d80   0x00000090   Code   RO         6592    i.xQueueGenericCreateStatic  queue.o
    0x08006e10   0x08006e10   0x000000e8   Code   RO         6594    i.xQueueGenericReset  queue.o
    0x08006ef8   0x08006ef8   0x0000017c   Code   RO         6595    i.xQueueGenericSend  queue.o
    0x08007074   0x08007074   0x000000f4   Code   RO         6596    i.xQueueGenericSendFromISR  queue.o
    0x08007168   0x08007168   0x0000015c   Code   RO         6605    i.xQueueReceive     queue.o
    0x080072c4   0x080072c4   0x000000d8   Code   RO         6606    i.xQueueReceiveFromISR  queue.o
    0x0800739c   0x0800739c   0x0000009c   Code   RO         7036    i.xTaskCheckForTimeOut  tasks.o
    0x08007438   0x08007438   0x00000060   Code   RO         7037    i.xTaskCreate       tasks.o
    0x08007498   0x08007498   0x000000a4   Code   RO         7038    i.xTaskCreateStatic  tasks.o
    0x0800753c   0x0800753c   0x000000b8   Code   RO         7039    i.xTaskDelayUntil   tasks.o
    0x080075f4   0x080075f4   0x0000001c   Code   RO         7045    i.xTaskGetSchedulerState  tasks.o
    0x08007610   0x08007610   0x0000000c   Code   RO         7047    i.xTaskGetTickCount  tasks.o
    0x0800761c   0x0800761c   0x00000010   Code   RO         7048    i.xTaskGetTickCountFromISR  tasks.o
    0x0800762c   0x0800762c   0x0000015c   Code   RO         7049    i.xTaskIncrementTick  tasks.o
    0x08007788   0x08007788   0x000000cc   Code   RO         7050    i.xTaskPriorityDisinherit  tasks.o
    0x08007854   0x08007854   0x00000108   Code   RO         7052    i.xTaskRemoveFromEventList  tasks.o
    0x0800795c   0x0800795c   0x0000016c   Code   RO         7053    i.xTaskResumeAll    tasks.o
    0x08007ac8   0x08007ac8   0x00000094   Code   RO         7393    i.xTimerCreateTimerTask  timers.o
    0x08007b5c   0x08007b5c   0x00000028   Code   RO         7402    i.xTimerPendFunctionCallFromISR  timers.o
    0x08007b84   0x08007b84   0x0000000a   Code   RO         8335    x$fpl$fpinit        fz_wv.l(fpinit.o)
    0x08007b8e   0x08007b8e   0x00000002   PAD
    0x08007b90   0x08007b90   0x00000024   Data   RO          263    .constdata          freertos.o
    0x08007bb4   0x08007bb4   0x00000188   Data   RO          350    .constdata          app_freertos.o
    0x08007d3c   0x08007d3c   0x0000005c   Data   RO         4466    .constdata          stm32h7xx_hal_fdcan.o
    0x08007d98   0x08007d98   0x00000018   Data   RO         5053    .constdata          stm32h7xx_hal_uart.o
    0x08007db0   0x08007db0   0x00000010   Data   RO         5419    .constdata          stm32h7xx_hal_uart_ex.o
    0x08007dc0   0x08007dc0   0x00000010   Data   RO         6334    .constdata          system_stm32h7xx.o
    0x08007dd0   0x08007dd0   0x0000000e   Data   RO          264    .conststring        freertos.o
    0x08007dde   0x08007dde   0x00000002   PAD
    0x08007de0   0x08007de0   0x000000d8   Data   RO          351    .conststring        app_freertos.o
    0x08007eb8   0x08007eb8   0x00000045   Data   RO         8078    .conststring        heap_4.o
    0x08007efd   0x08007efd   0x00000003   PAD
    0x08007f00   0x08007f00   0x00000049   Data   RO         8140    .conststring        port.o
    0x08007f49   0x08007f49   0x00000003   PAD
    0x08007f4c   0x08007f4c   0x00000020   Data   RO         8393    Region$$Table       anon$$obj.o


    Execution Region RW_IRAM1 (Exec base: 0x20000000, Load base: 0x08007f6c, Size: 0x00000000, Max: 0x00020000, ABSOLUTE)

    **** No section assigned to this execution region ****


    Execution Region RW_IRAM2 (Exec base: 0x24000000, Load base: 0x08007f6c, Size: 0x00012540, Max: 0x00050000, ABSOLUTE)

    Exec Addr    Load Addr    Size         Type   Attr      Idx    E Section Name        Object

    0x24000000   0x08007f6c   0x00000004   Data   RW          265    .data               freertos.o
    0x24000004   0x08007f70   0x00000048   Data   RW          352    .data               app_freertos.o
    0x2400004c   0x08007fb8   0x00000004   Data   RW          540    .data               fdcan.o
    0x24000050   0x08007fbc   0x00000004   Data   RW          734    .data               usb_otg.o
    0x24000054   0x08007fc0   0x0000000c   Data   RW         3474    .data               stm32h7xx_hal.o
    0x24000060   0x08007fcc   0x00000008   Data   RW         6335    .data               system_stm32h7xx.o
    0x24000068   0x08007fd4   0x00000040   Data   RW         7056    .data               tasks.o
    0x240000a8   0x08008014   0x00000014   Data   RW         7404    .data               timers.o
    0x240000bc   0x08008028   0x00000004   Data   RW         7632    .data               cmsis_os2.o
    0x240000c0   0x0800802c   0x0000001c   Data   RW         8079    .data               heap_4.o
    0x240000dc   0x08008048   0x0000000c   Data   RW         8141    .data               port.o
    0x240000e8        -       0x00000064   Zero   RW          349    .bss                app_freertos.o
    0x2400014c        -       0x000001e0   Zero   RW          539    .bss                fdcan.o
    0x2400032c        -       0x00000130   Zero   RW          595    .bss                tim.o
    0x2400045c        -       0x0000040c   Zero   RW          658    .bss                usart.o
    0x24000868        -       0x00000904   Zero   RW          733    .bss                usb_otg.o
    0x2400116c        -       0x0000004c   Zero   RW          897    .bss                stm32h7xx_hal_timebase_tim.o
    0x240011b8        -       0x00000080   Zero   RW         6609    .bss                queue.o
    0x24001238        -       0x000004c4   Zero   RW         7055    .bss                tasks.o
    0x240016fc        -       0x00000118   Zero   RW         7403    .bss                timers.o
    0x24001814        -       0x000006c8   Zero   RW         7630    .bss                cmsis_os2.o
    0x24001edc        -       0x00010000   Zero   RW         8077    .bss                heap_4.o
    0x24011edc        -       0x00000060   Zero   RW         8265    .bss                c_w.l(libspace.o)
    0x24011f3c   0x08008054   0x00000004   PAD
    0x24011f40        -       0x00000200   Zero   RW            2    HEAP                startup_stm32h723xx.o
    0x24012140        -       0x00000400   Zero   RW            1    STACK               startup_stm32h723xx.o


==============================================================================

Image component sizes


      Code (inc. data)   RO Data    RW Data    ZI Data      Debug   Object Name

      1498        178        608         72        100      25014   app_freertos.o
      1174         36          0          4       1736      62966   cmsis_os2.o
       802        252          0          0          0      33437   event_groups.o
       648         54          0          4        480       3493   fdcan.o
        52         14         50          4          0      11641   freertos.o
       108          6          0          0          0       1047   gpio.o
       484         32         69         28      65536       5323   heap_4.o
       138          0          0          0          0      13366   list.o
       410         12          0          0          0    1252259   main.o
         0          0          0          0          0       2648   mpu_wrappers_v2.o
       774         98         73         12          0      11429   port.o
      2284        446          0          0        128      21675   queue.o
        72         30        716          0       1536        848   startup_stm32h723xx.o
       156         32          0         12          0      23058   stm32h7xx_hal.o
       316         28          0          0          0      40216   stm32h7xx_hal_cortex.o
      2794         44         92          0          0      21956   stm32h7xx_hal_fdcan.o
       548         46          0          0          0       1676   stm32h7xx_hal_gpio.o
        36          4          0          0          0        954   stm32h7xx_hal_msp.o
       204          0          0          0          0       1807   stm32h7xx_hal_pcd.o
        40          6          0          0          0       1254   stm32h7xx_hal_pcd_ex.o
       100         10          0          0          0       1366   stm32h7xx_hal_pwr_ex.o
      2466        110          0          0          0       7881   stm32h7xx_hal_rcc.o
      3622        112          0          0          0       7837   stm32h7xx_hal_rcc_ex.o
       818         84          0          0          0       6821   stm32h7xx_hal_tim.o
       190         38          0          0          0       3288   stm32h7xx_hal_tim_ex.o
       132         22          0          0         76       1587   stm32h7xx_hal_timebase_tim.o
      1696        122         24          0          0      25694   stm32h7xx_hal_uart.o
       284          6         16          0          0       3837   stm32h7xx_hal_uart_ex.o
        60         24          0          0          0       4702   stm32h7xx_it.o
       844         20          0          0          0       7725   stm32h7xx_ll_usb.o
         0          0          0          0          0       9996   stream_buffer.o
       244         38         16          8          0       2013   system_stm32h7xx.o
      3912       1042          0         64       1220      49050   tasks.o
       356         56          0          0        304       3557   tim.o
       944        192          0         20        280      12372   timers.o
      1492        126          0          0       1036       6518   usart.o
       240         24          0          4       2308       2077   usb_otg.o

    ----------------------------------------------------------------------
     29984       3344       1704        232      74740    1692388   Object Totals
         0          0         32          0          0          0   (incl. Generated)
        46          0          8          0          0          0   (incl. Padding)

    ----------------------------------------------------------------------

      Code (inc. data)   RO Data    RW Data    ZI Data      Debug   Library Member Name

         8          0          0          0          0         68   __main.o
         0          0          0          0          0          0   __rtentry.o
        12          0          0          0          0          0   __rtentry2.o
         6          0          0          0          0          0   __rtentry4.o
        52          8          0          0          0          0   __scatter.o
        26          0          0          0          0          0   __scatter_copy.o
        28          0          0          0          0          0   __scatter_zi.o
        16          0          0          0          0         68   aeabi_memset.o
        18          0          0          0          0         80   exit.o
         6          0          0          0          0        152   heapauxi.o
         0          0          0          0          0          0   indicate_semi.o
         2          0          0          0          0          0   libinit.o
         6          0          0          0          0          0   libinit2.o
         2          0          0          0          0          0   libshutdown.o
         2          0          0          0          0          0   libshutdown2.o
         8          4          0          0         96         68   libspace.o
       238          0          0          0          0        100   lludivv7m.o
        68          0          0          0          0         68   rt_memclr.o
        78          0          0          0          0         80   rt_memclr_w.o
       138          0          0          0          0         68   rt_memcpy_v6.o
       100          0          0          0          0         80   rt_memcpy_w.o
         2          0          0          0          0          0   rtexit.o
        10          0          0          0          0          0   rtexit2.o
        12          4          0          0          0         68   sys_exit.o
        74          0          0          0          0         80   sys_stackheap_outer.o
         2          0          0          0          0         68   use_no_semi.o
        10          0          0          0          0        116   fpinit.o

    ----------------------------------------------------------------------
       932         16          0          0        100       1164   Library Totals
         8          0          0          0          4          0   (incl. Padding)

    ----------------------------------------------------------------------

      Code (inc. data)   RO Data    RW Data    ZI Data      Debug   Library Name

       914         16          0          0         96       1048   c_w.l
        10          0          0          0          0        116   fz_wv.l

    ----------------------------------------------------------------------
       932         16          0          0        100       1164   Library Totals

    ----------------------------------------------------------------------

==============================================================================


      Code (inc. data)   RO Data    RW Data    ZI Data      Debug   

     30916       3360       1704        232      74840    1668984   Grand Totals
     30916       3360       1704        232      74840    1668984   ELF Image Totals
     30916       3360       1704        232          0          0   ROM Totals

==============================================================================

    Total RO  Size (Code + RO Data)                32620 (  31.86kB)
    Total RW  Size (RW Data + ZI Data)             75072 (  73.31kB)
    Total ROM Size (Code + RO Data + RW Data)      32852 (  32.08kB)

==============================================================================

