<html>
<body>
<pre>
<h1>µVision Build Log</h1>
<h2>Tool Versions:</h2>
IDE-Version: ¦ÌVision V5.37.0.0
Copyright (C) 2022 ARM Ltd and ARM Germany GmbH. All rights reserved.
License Information: 172 HP, 7852, LIC=9N0AE-55PUX-35VTX-HG4CW-BTK5H-W4384
 
Tool Versions:
Toolchain:       MDK-ARM Professional  Version: 5.37.0.0
Toolchain Path:  D:\keil5ARM\Core\ARM\ARMCLANG\Bin
C Compiler:      ArmClang.exe V6.18
Assembler:       Armasm.exe V6.18
Linker/Locator:  ArmLink.exe V6.18
Library Manager: ArmAr.exe V6.18
Hex Converter:   FromElf.exe V6.18
CPU DLL:         SARMCM3.DLL V5.37.0.0
Dialog DLL:      DCM.DLL V1.17.5.0
Target DLL:      CMSIS_AGDI.dll V1.33.12.0
Dialog DLL:      TCM.DLL V1.56.1.0
 
<h2>Project:</h2>
C:\Users\HP\Desktop\wmy_demo\CHASSIS_A\MDK-ARM\CHASSIS_A.uvprojx
Project File Date:  08/01/2026

<h2>Output:</h2>
*** Using Compiler 'V6.18', folder: 'D:\keil5ARM\Core\ARM\ARMCLANG\Bin'
Rebuild target 'CHASSIS_A'
compiling freertos.c...
compiling main.c...
compiling app_freertos.c...
compiling stm32h7xx_hal_timebase_tim.c...
assembling startup_stm32h723xx.s...
compiling stm32h7xx_hal_msp.c...
compiling usb_otg.c...
compiling gpio.c...
compiling tim.c...
compiling fdcan.c...
compiling stm32h7xx_it.c...
compiling usart.c...
compiling stm32h7xx_hal_cortex.c...
compiling stm32h7xx_hal_tim_ex.c...
compiling stm32h7xx_hal_tim.c...
compiling stm32h7xx_hal_hsem.c...
compiling stm32h7xx_hal_rcc.c...
compiling stm32h7xx_hal_flash.c...
compiling stm32h7xx_hal_gpio.c...
compiling stm32h7xx_hal_pwr.c...
compiling stm32h7xx_hal_dma_ex.c...
compiling stm32h7xx_hal_flash_ex.c...
compiling stm32h7xx_hal_rcc_ex.c...
compiling stm32h7xx_hal_mdma.c...
compiling stm32h7xx_hal_pwr_ex.c...
compiling stm32h7xx_hal.c...
compiling stm32h7xx_hal_dma.c...
compiling stm32h7xx_hal_i2c_ex.c...
compiling stm32h7xx_hal_exti.c...
compiling stm32h7xx_hal_uart_ex.c...
compiling stm32h7xx_hal_pcd_ex.c...
compiling mpu_wrappers_v2.c...
compiling croutine.c...
compiling system_stm32h7xx.c...
compiling stm32h7xx_hal_pcd.c...
compiling event_groups.c...
compiling stm32h7xx_hal_hcd.c...
compiling stm32h7xx_hal_i2c.c...
compiling list.c...
compiling stm32h7xx_hal_uart.c...
compiling stm32h7xx_hal_fdcan.c...
compiling stm32h7xx_ll_usb.c...
compiling queue.c...
compiling timers.c...
compiling stream_buffer.c...
compiling port.c...
compiling heap_4.c...
compiling tasks.c...
compiling cmsis_os2.c...
linking...
Program Size: Code=39796 RO-data=1916 RW-data=20 ZI-data=73996  
FromELF: creating hex file...
"CHASSIS_A\CHASSIS_A.axf" - 0 Error(s), 0 Warning(s).

<h2>Software Packages used:</h2>

Package Vendor: ARM
                http://www.keil.com/pack/ARM.CMSIS.5.9.0.pack
                ARM.CMSIS.5.9.0
                CMSIS (Common Microcontroller Software Interface Standard)
   * Component: CORE Version: 5.6.0

Package Vendor: Keil
                https://www.keil.com/pack/Keil.STM32H7xx_DFP.4.1.3.pack
                Keil.STM32H7xx_DFP.4.1.3
                STMicroelectronics STM32H7 Series Device Support

<h2>Collection of Component include folders:</h2>
  ./RTE/_CHASSIS_A
  D:/keil5ARM/Pack/ARM/CMSIS/5.9.0/CMSIS/Core/Include

<h2>Collection of Component Files used:</h2>

   * Component: ARM::CMSIS:CORE:5.6.0
      Include file:  CMSIS/Core/Include/tz_context.h
Build Time Elapsed:  00:00:07
</pre>
</body>
</html>
