Component: Arm Compiler for Embedded 6.18 Tool: armlink [5e4cc100]

==============================================================================

Section Cross References

    startup_stm32h723xx.o(STACK) refers (Special) to heapauxi.o(.text) for __use_two_region_memory
    startup_stm32h723xx.o(HEAP) refers (Special) to heapauxi.o(.text) for __use_two_region_memory
    startup_stm32h723xx.o(RESET) refers (Special) to heapauxi.o(.text) for __use_two_region_memory
    startup_stm32h723xx.o(RESET) refers to startup_stm32h723xx.o(STACK) for __initial_sp
    startup_stm32h723xx.o(RESET) refers to startup_stm32h723xx.o(.text) for Reset_Handler
    startup_stm32h723xx.o(RESET) refers to stm32h7xx_it.o(.text.NMI_Handler) for NMI_Handler
    startup_stm32h723xx.o(RESET) refers to stm32h7xx_it.o(.text.HardFault_Handler) for HardFault_Handler
    startup_stm32h723xx.o(RESET) refers to stm32h7xx_it.o(.text.MemManage_Handler) for MemManage_Handler
    startup_stm32h723xx.o(RESET) refers to stm32h7xx_it.o(.text.BusFault_Handler) for BusFault_Handler
    startup_stm32h723xx.o(RESET) refers to stm32h7xx_it.o(.text.UsageFault_Handler) for UsageFault_Handler
    startup_stm32h723xx.o(RESET) refers to port.o(.text.SVC_Handler) for SVC_Handler
    startup_stm32h723xx.o(RESET) refers to stm32h7xx_it.o(.text.DebugMon_Handler) for DebugMon_Handler
    startup_stm32h723xx.o(RESET) refers to port.o(.text.PendSV_Handler) for PendSV_Handler
    startup_stm32h723xx.o(RESET) refers to cmsis_os2.o(.text.SysTick_Handler) for SysTick_Handler
    startup_stm32h723xx.o(RESET) refers to stm32h7xx_it.o(.text.FDCAN1_IT0_IRQHandler) for FDCAN1_IT0_IRQHandler
    startup_stm32h723xx.o(RESET) refers to stm32h7xx_it.o(.text.FDCAN2_IT0_IRQHandler) for FDCAN2_IT0_IRQHandler
    startup_stm32h723xx.o(RESET) refers to stm32h7xx_it.o(.text.TIM1_UP_IRQHandler) for TIM1_UP_IRQHandler
    startup_stm32h723xx.o(RESET) refers to stm32h7xx_it.o(.text.FDCAN3_IT0_IRQHandler) for FDCAN3_IT0_IRQHandler
    startup_stm32h723xx.o(.text) refers (Special) to heapauxi.o(.text) for __use_two_region_memory
    startup_stm32h723xx.o(.text) refers to system_stm32h7xx.o(.text.ExitRun0Mode) for ExitRun0Mode
    startup_stm32h723xx.o(.text) refers to system_stm32h7xx.o(.text.SystemInit) for SystemInit
    startup_stm32h723xx.o(.text) refers to __main.o(!!!main) for __main
    startup_stm32h723xx.o(.text) refers to startup_stm32h723xx.o(HEAP) for Heap_Mem
    startup_stm32h723xx.o(.text) refers to startup_stm32h723xx.o(STACK) for Stack_Mem
    main.o(.text.main) refers to stm32h7xx_hal_cortex.o(.text.HAL_MPU_Disable) for HAL_MPU_Disable
    main.o(.text.main) refers to stm32h7xx_hal_cortex.o(.text.HAL_MPU_ConfigRegion) for HAL_MPU_ConfigRegion
    main.o(.text.main) refers to stm32h7xx_hal_cortex.o(.text.HAL_MPU_Enable) for HAL_MPU_Enable
    main.o(.text.main) refers to stm32h7xx_hal.o(.text.HAL_Init) for HAL_Init
    main.o(.text.main) refers to main.o(.text.SystemClock_Config) for SystemClock_Config
    main.o(.text.main) refers to rt_memclr_w.o(.text) for __aeabi_memclr8
    main.o(.text.main) refers to stm32h7xx_hal_rcc_ex.o(.text.HAL_RCCEx_PeriphCLKConfig) for HAL_RCCEx_PeriphCLKConfig
    main.o(.text.main) refers to gpio.o(.text.MX_GPIO_Init) for MX_GPIO_Init
    main.o(.text.main) refers to fdcan.o(.text.MX_FDCAN1_Init) for MX_FDCAN1_Init
    main.o(.text.main) refers to fdcan.o(.text.MX_FDCAN2_Init) for MX_FDCAN2_Init
    main.o(.text.main) refers to fdcan.o(.text.MX_FDCAN3_Init) for MX_FDCAN3_Init
    main.o(.text.main) refers to tim.o(.text.MX_TIM6_Init) for MX_TIM6_Init
    main.o(.text.main) refers to tim.o(.text.MX_TIM7_Init) for MX_TIM7_Init
    main.o(.text.main) refers to tim.o(.text.MX_TIM13_Init) for MX_TIM13_Init
    main.o(.text.main) refers to tim.o(.text.MX_TIM14_Init) for MX_TIM14_Init
    main.o(.text.main) refers to usart.o(.text.MX_UART4_Init) for MX_UART4_Init
    main.o(.text.main) refers to usart.o(.text.MX_UART7_Init) for MX_UART7_Init
    main.o(.text.main) refers to usart.o(.text.MX_UART8_Init) for MX_UART8_Init
    main.o(.text.main) refers to usart.o(.text.MX_USART1_UART_Init) for MX_USART1_UART_Init
    main.o(.text.main) refers to usart.o(.text.MX_USART10_UART_Init) for MX_USART10_UART_Init
    main.o(.text.main) refers to usb_otg.o(.text.MX_USB_OTG_HS_PCD_Init) for MX_USB_OTG_HS_PCD_Init
    main.o(.text.main) refers to usart.o(.text.MX_UART5_Init) for MX_UART5_Init
    main.o(.text.main) refers to usart.o(.text.MX_USART2_UART_Init) for MX_USART2_UART_Init
    main.o(.text.main) refers to cmsis_os2.o(.text.osKernelInitialize) for osKernelInitialize
    main.o(.text.main) refers to freertos.o(.text.MX_FREERTOS_Init) for MX_FREERTOS_Init
    main.o(.text.main) refers to cmsis_os2.o(.text.osKernelStart) for osKernelStart
    main.o(.ARM.exidx.text.main) refers to main.o(.text.main) for [Anonymous Symbol]
    main.o(.text.SystemClock_Config) refers to stm32h7xx_hal_pwr_ex.o(.text.HAL_PWREx_ConfigSupply) for HAL_PWREx_ConfigSupply
[...]
    RTC_WKUP_IRQHandler                      0x0800038b   Thumb Code     0  startup_stm32h723xx.o(.text)
    SAI1_IRQHandler                          0x0800038b   Thumb Code     0  startup_stm32h723xx.o(.text)
    SAI4_IRQHandler                          0x0800038b   Thumb Code     0  startup_stm32h723xx.o(.text)
    SDMMC1_IRQHandler                        0x0800038b   Thumb Code     0  startup_stm32h723xx.o(.text)
    SDMMC2_IRQHandler                        0x0800038b   Thumb Code     0  startup_stm32h723xx.o(.text)
    SPDIF_RX_IRQHandler                      0x0800038b   Thumb Code     0  startup_stm32h723xx.o(.text)
    SPI1_IRQHandler                          0x0800038b   Thumb Code     0  startup_stm32h723xx.o(.text)
    SPI2_IRQHandler                          0x0800038b   Thumb Code     0  startup_stm32h723xx.o(.text)
    SPI3_IRQHandler                          0x0800038b   Thumb Code     0  startup_stm32h723xx.o(.text)
    SPI4_IRQHandler                          0x0800038b   Thumb Code     0  startup_stm32h723xx.o(.text)
    SPI5_IRQHandler                          0x0800038b   Thumb Code     0  startup_stm32h723xx.o(.text)
    SPI6_IRQHandler                          0x0800038b   Thumb Code     0  startup_stm32h723xx.o(.text)
    SWPMI1_IRQHandler                        0x0800038b   Thumb Code     0  startup_stm32h723xx.o(.text)
    TAMP_STAMP_IRQHandler                    0x0800038b   Thumb Code     0  startup_stm32h723xx.o(.text)
    TIM15_IRQHandler                         0x0800038b   Thumb Code     0  startup_stm32h723xx.o(.text)
    TIM16_IRQHandler                         0x0800038b   Thumb Code     0  startup_stm32h723xx.o(.text)
    TIM17_IRQHandler                         0x0800038b   Thumb Code     0  startup_stm32h723xx.o(.text)
    TIM1_BRK_IRQHandler                      0x0800038b   Thumb Code     0  startup_stm32h723xx.o(.text)
    TIM1_CC_IRQHandler                       0x0800038b   Thumb Code     0  startup_stm32h723xx.o(.text)
    TIM1_TRG_COM_IRQHandler                  0x0800038b   Thumb Code     0  startup_stm32h723xx.o(.text)
    TIM23_IRQHandler                         0x0800038b   Thumb Code     0  startup_stm32h723xx.o(.text)
    TIM24_IRQHandler                         0x0800038b   Thumb Code     0  startup_stm32h723xx.o(.text)
    TIM2_IRQHandler                          0x0800038b   Thumb Code     0  startup_stm32h723xx.o(.text)
    TIM3_IRQHandler                          0x0800038b   Thumb Code     0  startup_stm32h723xx.o(.text)
    TIM4_IRQHandler                          0x0800038b   Thumb Code     0  startup_stm32h723xx.o(.text)
    TIM5_IRQHandler                          0x0800038b   Thumb Code     0  startup_stm32h723xx.o(.text)
    TIM6_DAC_IRQHandler                      0x0800038b   Thumb Code     0  startup_stm32h723xx.o(.text)
    TIM7_IRQHandler                          0x0800038b   Thumb Code     0  startup_stm32h723xx.o(.text)
    TIM8_BRK_TIM12_IRQHandler                0x0800038b   Thumb Code     0  startup_stm32h723xx.o(.text)
    TIM8_CC_IRQHandler                       0x0800038b   Thumb Code     0  startup_stm32h723xx.o(.text)
    TIM8_TRG_COM_TIM14_IRQHandler            0x0800038b   Thumb Code     0  startup_stm32h723xx.o(.text)
    TIM8_UP_TIM13_IRQHandler                 0x0800038b   Thumb Code     0  startup_stm32h723xx.o(.text)
    UART4_IRQHandler                         0x0800038b   Thumb Code     0  startup_stm32h723xx.o(.text)
    UART5_IRQHandler                         0x0800038b   Thumb Code     0  startup_stm32h723xx.o(.text)
    UART7_IRQHandler                         0x0800038b   Thumb Code     0  startup_stm32h723xx.o(.text)
    UART8_IRQHandler                         0x0800038b   Thumb Code     0  startup_stm32h723xx.o(.text)
    UART9_IRQHandler                         0x0800038b   Thumb Code     0  startup_stm32h723xx.o(.text)
    USART10_IRQHandler                       0x0800038b   Thumb Code     0  startup_stm32h723xx.o(.text)
    USART1_IRQHandler                        0x0800038b   Thumb Code     0  startup_stm32h723xx.o(.text)
    USART2_IRQHandler                        0x0800038b   Thumb Code     0  startup_stm32h723xx.o(.text)
    USART3_IRQHandler                        0x0800038b   Thumb Code     0  startup_stm32h723xx.o(.text)
    USART6_IRQHandler                        0x0800038b   Thumb Code     0  startup_stm32h723xx.o(.text)
    WAKEUP_PIN_IRQHandler                    0x0800038b   Thumb Code     0  startup_stm32h723xx.o(.text)
    WWDG_IRQHandler                          0x0800038b   Thumb Code     0  startup_stm32h723xx.o(.text)
    __user_initial_stackheap                 0x0800038d   Thumb Code     0  startup_stm32h723xx.o(.text)
    __aeabi_uldivmod                         0x080003b5   Thumb Code     0  lludivv7m.o(.text)
    _ll_udiv                                 0x080003b5   Thumb Code   240  lludivv7m.o(.text)
    __aeabi_memcpy                           0x080004a5   Thumb Code     0  rt_memcpy_v6.o(.text)
    __rt_memcpy                              0x080004a5   Thumb Code   138  rt_memcpy_v6.o(.text)
    _memcpy_lastbytes                        0x0800050b   Thumb Code     0  rt_memcpy_v6.o(.text)
    __aeabi_memset4                          0x0800052f   Thumb Code    16  aeabi_memset4.o(.text)
    __aeabi_memset8                          0x0800052f   Thumb Code     0  aeabi_memset4.o(.text)
    __aeabi_memclr                           0x0800053f   Thumb Code     0  rt_memclr.o(.text)
    __rt_memclr                              0x0800053f   Thumb Code     0  rt_memclr.o(.text)
    _memset                                  0x08000543   Thumb Code    64  rt_memclr.o(.text)
    __aeabi_memclr4                          0x08000583   Thumb Code     0  rt_memclr_w.o(.text)
    __aeabi_memclr8                          0x08000583   Thumb Code     0  rt_memclr_w.o(.text)
    __rt_memclr_w                            0x08000583   Thumb Code     0  rt_memclr_w.o(.text)
    _memset_w                                0x08000587   Thumb Code    74  rt_memclr_w.o(.text)
    __use_two_region_memory                  0x080005d1   Thumb Code     2  heapauxi.o(.text)
    __rt_heap_escrow$2region                 0x080005d3   Thumb Code     2  heapauxi.o(.text)
    __rt_heap_expand$2region                 0x080005d5   Thumb Code     2  heapauxi.o(.text)
    __aeabi_memcpy4                          0x080005d7   Thumb Code     0  rt_memcpy_w.o(.text)
    __aeabi_memcpy8                          0x080005d7   Thumb Code     0  rt_memcpy_w.o(.text)
    __rt_memcpy_w                            0x080005d7   Thumb Code   100  rt_memcpy_w.o(.text)
    _memcpy_lastbytes_aligned                0x0800061f   Thumb Code     0  rt_memcpy_w.o(.text)
    __user_setup_stackheap                   0x0800063b   Thumb Code    74  sys_stackheap_outer.o(.text)
    exit                                     0x08000685   Thumb Code    18  exit.o(.text)
    __user_libspace                          0x08000699   Thumb Code     8  libspace.o(.text)
    __user_perproc_libspace                  0x08000699   Thumb Code     0  libspace.o(.text)
    __user_perthread_libspace                0x08000699   Thumb Code     0  libspace.o(.text)
    _sys_exit                                0x080006a1   Thumb Code     8  sys_exit.o(.text)
    __I$use$semihosting                      0x080006ad   Thumb Code     0  use_no_semi.o(.text)
    __use_no_semihosting_swi                 0x080006ad   Thumb Code     2  use_no_semi.o(.text)
    __semihosting_library_function           0x080006af   Thumb Code     0  indicate_semi.o(.text)
    AppFreertos_Bootstrap                    0x08000821   Thumb Code    88  app_freertos.o(.text.AppFreertos_Bootstrap)
    AppFreertos_Init                         0x08000879   Thumb Code   436  app_freertos.o(.text.AppFreertos_Init)
    AppFreertos_Panic                        0x08000a31   Thumb Code    22  app_freertos.o(.text.AppFreertos_Panic)
    App_ControlStep                          0x08000be1   Thumb Code     2  app_freertos.o(.text.App_ControlStep)
    App_FreertosAssert                       0x08000be9   Thumb Code    30  app_freertos.o(.text.App_FreertosAssert)
    App_MonitorStep                          0x08000c09   Thumb Code     2  app_freertos.o(.text.App_MonitorStep)
    App_NavigationStep                       0x08000c11   Thumb Code     2  app_freertos.o(.text.App_NavigationStep)
    App_OnCanFrame                           0x08000c19   Thumb Code     2  app_freertos.o(.text.App_OnCanFrame)
    App_OnCommunicationPacket                0x08000c21   Thumb Code     2  app_freertos.o(.text.App_OnCommunicationPacket)
    App_SafetyStep                           0x08000c29   Thumb Code     2  app_freertos.o(.text.App_SafetyStep)
    BusFault_Handler                         0x08000ce1   Thumb Code     2  stm32h7xx_it.o(.text.BusFault_Handler)
    DebugMon_Handler                         0x08000ce9   Thumb Code     2  stm32h7xx_it.o(.text.DebugMon_Handler)
    Error_Handler                            0x08000cf1   Thumb Code     6  main.o(.text.Error_Handler)
    ExitRun0Mode                             0x08000cf9   Thumb Code    44  system_stm32h7xx.o(.text.ExitRun0Mode)
    FDCAN1_IT0_IRQHandler                    0x08000d29   Thumb Code    12  stm32h7xx_it.o(.text.FDCAN1_IT0_IRQHandler)
    FDCAN2_IT0_IRQHandler                    0x08000d39   Thumb Code    12  stm32h7xx_it.o(.text.FDCAN2_IT0_IRQHandler)
    FDCAN3_IT0_IRQHandler                    0x08000d49   Thumb Code    12  stm32h7xx_it.o(.text.FDCAN3_IT0_IRQHandler)
    HAL_Delay                                0x08000d59   Thumb Code    40  stm32h7xx_hal.o(.text.HAL_Delay)
    HAL_FDCAN_ActivateNotification           0x08000d81   Thumb Code   140  stm32h7xx_hal_fdcan.o(.text.HAL_FDCAN_ActivateNotification)
    HAL_FDCAN_ClockCalibrationCallback       0x08000e11   Thumb Code     2  stm32h7xx_hal_fdcan.o(.text.HAL_FDCAN_ClockCalibrationCallback)
    HAL_FDCAN_ConfigFilter                   0x08000e19   Thumb Code   140  stm32h7xx_hal_fdcan.o(.text.HAL_FDCAN_ConfigFilter)
    HAL_FDCAN_ConfigGlobalFilter             0x08000ea9   Thumb Code    56  stm32h7xx_hal_fdcan.o(.text.HAL_FDCAN_ConfigGlobalFilter)
    HAL_FDCAN_ErrorCallback                  0x08000ee1   Thumb Code     2  stm32h7xx_hal_fdcan.o(.text.HAL_FDCAN_ErrorCallback)
    HAL_FDCAN_ErrorStatusCallback            0x08000ee9   Thumb Code    72  app_freertos.o(.text.HAL_FDCAN_ErrorStatusCallback)
    HAL_FDCAN_GetRxFifoFillLevel             0x08000f31   Thumb Code    18  stm32h7xx_hal_fdcan.o(.text.HAL_FDCAN_GetRxFifoFillLevel)
    HAL_FDCAN_GetRxMessage                   0x08000f49   Thumb Code   530  stm32h7xx_hal_fdcan.o(.text.HAL_FDCAN_GetRxMessage)
    HAL_FDCAN_HighPriorityMessageCallback    0x08001161   Thumb Code     2  stm32h7xx_hal_fdcan.o(.text.HAL_FDCAN_HighPriorityMessageCallback)
    HAL_FDCAN_IRQHandler                     0x08001169   Thumb Code   790  stm32h7xx_hal_fdcan.o(.text.HAL_FDCAN_IRQHandler)
    HAL_FDCAN_Init                           0x08001481   Thumb Code  1024  stm32h7xx_hal_fdcan.o(.text.HAL_FDCAN_Init)
    HAL_FDCAN_MspInit                        0x08001881   Thumb Code   334  fdcan.o(.text.HAL_FDCAN_MspInit)
    HAL_FDCAN_RxBufferNewMessageCallback     0x080019d1   Thumb Code     2  stm32h7xx_hal_fdcan.o(.text.HAL_FDCAN_RxBufferNewMessageCallback)
    HAL_FDCAN_RxFifo0Callback                0x080019d9   Thumb Code   230  app_freertos.o(.text.HAL_FDCAN_RxFifo0Callback)
    HAL_FDCAN_RxFifo1Callback                0x08001ac1   Thumb Code     2  stm32h7xx_hal_fdcan.o(.text.HAL_FDCAN_RxFifo1Callback)
    HAL_FDCAN_Start                          0x08001ac9   Thumb Code    52  stm32h7xx_hal_fdcan.o(.text.HAL_FDCAN_Start)
    HAL_FDCAN_Stop                           0x08001b01   Thumb Code   898  stm32h7xx_hal_fdcan.o(.text.HAL_FDCAN_Stop)
    HAL_FDCAN_TT_GlobalTimeCallback          0x08001e89   Thumb Code     2  stm32h7xx_hal_fdcan.o(.text.HAL_FDCAN_TT_GlobalTimeCallback)
    HAL_FDCAN_TT_ScheduleSyncCallback        0x08001e91   Thumb Code     2  stm32h7xx_hal_fdcan.o(.text.HAL_FDCAN_TT_ScheduleSyncCallback)
    HAL_FDCAN_TT_StopWatchCallback           0x08001e99   Thumb Code     2  stm32h7xx_hal_fdcan.o(.text.HAL_FDCAN_TT_StopWatchCallback)
    HAL_FDCAN_TT_TimeMarkCallback            0x08001ea1   Thumb Code     2  stm32h7xx_hal_fdcan.o(.text.HAL_FDCAN_TT_TimeMarkCallback)
    HAL_FDCAN_TimeoutOccurredCallback        0x08001ea9   Thumb Code     2  stm32h7xx_hal_fdcan.o(.text.HAL_FDCAN_TimeoutOccurredCallback)
    HAL_FDCAN_TimestampWraparoundCallback    0x08001eb1   Thumb Code     2  stm32h7xx_hal_fdcan.o(.text.HAL_FDCAN_TimestampWraparoundCallback)
    HAL_FDCAN_TxBufferAbortCallback          0x08001eb9   Thumb Code     2  stm32h7xx_hal_fdcan.o(.text.HAL_FDCAN_TxBufferAbortCallback)
    HAL_FDCAN_TxBufferCompleteCallback       0x08001ec1   Thumb Code     2  stm32h7xx_hal_fdcan.o(.text.HAL_FDCAN_TxBufferCompleteCallback)
    HAL_FDCAN_TxEventFifoCallback            0x08001ec9   Thumb Code     2  stm32h7xx_hal_fdcan.o(.text.HAL_FDCAN_TxEventFifoCallback)
    HAL_FDCAN_TxFifoEmptyCallback            0x08001ed1   Thumb Code     2  stm32h7xx_hal_fdcan.o(.text.HAL_FDCAN_TxFifoEmptyCallback)
    HAL_GPIO_Init                            0x08001ed9   Thumb Code   502  stm32h7xx_hal_gpio.o(.text.HAL_GPIO_Init)
    HAL_GetTick                              0x080020d1   Thumb Code    12  stm32h7xx_hal.o(.text.HAL_GetTick)
    HAL_IncTick                              0x080020e1   Thumb Code    26  stm32h7xx_hal.o(.text.HAL_IncTick)
    HAL_Init                                 0x08002101   Thumb Code   100  stm32h7xx_hal.o(.text.HAL_Init)
    HAL_InitTick                             0x08002169   Thumb Code   156  stm32h7xx_hal_timebase_tim.o(.text.HAL_InitTick)
    HAL_MPU_ConfigRegion                     0x08002209   Thumb Code    94  stm32h7xx_hal_cortex.o(.text.HAL_MPU_ConfigRegion)
    HAL_MPU_Disable                          0x08002269   Thumb Code    26  stm32h7xx_hal_cortex.o(.text.HAL_MPU_Disable)
    HAL_MPU_Enable                           0x08002289   Thumb Code    32  stm32h7xx_hal_cortex.o(.text.HAL_MPU_Enable)
    HAL_MspInit                              0x080022a9   Thumb Code    42  stm32h7xx_hal_msp.o(.text.HAL_MspInit)
    HAL_NVIC_EnableIRQ                       0x080022d9   Thumb Code    32  stm32h7xx_hal_cortex.o(.text.HAL_NVIC_EnableIRQ)
    HAL_NVIC_SetPriority                     0x080022f9   Thumb Code    92  stm32h7xx_hal_cortex.o(.text.HAL_NVIC_SetPriority)
    HAL_NVIC_SetPriorityGrouping             0x08002359   Thumb Code    32  stm32h7xx_hal_cortex.o(.text.HAL_NVIC_SetPriorityGrouping)
    HAL_PCDEx_ActivateLPM                    0x08002379   Thumb Code    38  stm32h7xx_hal_pcd_ex.o(.text.HAL_PCDEx_ActivateLPM)
    HAL_PCD_Init                             0x080023a1   Thumb Code   642  stm32h7xx_hal_pcd.o(.text.HAL_PCD_Init)
    HAL_PCD_MspInit                          0x08002629   Thumb Code   188  usb_otg.o(.text.HAL_PCD_MspInit)
    HAL_PWREx_ConfigSupply                   0x080026e9   Thumb Code    76  stm32h7xx_hal_pwr_ex.o(.text.HAL_PWREx_ConfigSupply)
    HAL_PWREx_EnableUSBVoltageDetector       0x08002739   Thumb Code    18  stm32h7xx_hal_pwr_ex.o(.text.HAL_PWREx_EnableUSBVoltageDetector)
    HAL_RCCEx_GetD3PCLK1Freq                 0x08002751   Thumb Code    38  stm32h7xx_hal_rcc_ex.o(.text.HAL_RCCEx_GetD3PCLK1Freq)
    HAL_RCCEx_GetPLL2ClockFreq               0x08002779   Thumb Code   300  stm32h7xx_hal_rcc_ex.o(.text.HAL_RCCEx_GetPLL2ClockFreq)
    HAL_RCCEx_GetPLL3ClockFreq               0x080028a9   Thumb Code   300  stm32h7xx_hal_rcc_ex.o(.text.HAL_RCCEx_GetPLL3ClockFreq)
    HAL_RCCEx_PeriphCLKConfig                0x080029d9   Thumb Code  2728  stm32h7xx_hal_rcc_ex.o(.text.HAL_RCCEx_PeriphCLKConfig)
    HAL_RCC_ClockConfig                      0x08003481   Thumb Code   616  stm32h7xx_hal_rcc.o(.text.HAL_RCC_ClockConfig)
    HAL_RCC_GetClockConfig                   0x080036e9   Thumb Code    88  stm32h7xx_hal_rcc.o(.text.HAL_RCC_GetClockConfig)
    HAL_RCC_GetHCLKFreq                      0x08003741   Thumb Code    76  stm32h7xx_hal_rcc.o(.text.HAL_RCC_GetHCLKFreq)
    HAL_RCC_GetPCLK1Freq                     0x08003791   Thumb Code    96  stm32h7xx_hal_rcc.o(.text.HAL_RCC_GetPCLK1Freq)
    HAL_RCC_GetPCLK2Freq                     0x080037f1   Thumb Code    96  stm32h7xx_hal_rcc.o(.text.HAL_RCC_GetPCLK2Freq)
    HAL_RCC_GetSysClockFreq                  0x08003851   Thumb Code   276  stm32h7xx_hal_rcc.o(.text.HAL_RCC_GetSysClockFreq)
    HAL_RCC_OscConfig                        0x08003969   Thumb Code  1304  stm32h7xx_hal_rcc.o(.text.HAL_RCC_OscConfig)
    HAL_TIMEx_Break2Callback                 0x08003e81   Thumb Code     2  stm32h7xx_hal_tim_ex.o(.text.HAL_TIMEx_Break2Callback)
    HAL_TIMEx_BreakCallback                  0x08003e89   Thumb Code     2  stm32h7xx_hal_tim_ex.o(.text.HAL_TIMEx_BreakCallback)
    HAL_TIMEx_CommutCallback                 0x08003e91   Thumb Code     2  stm32h7xx_hal_tim_ex.o(.text.HAL_TIMEx_CommutCallback)
    HAL_TIMEx_MasterConfigSynchronization    0x08003e99   Thumb Code   218  stm32h7xx_hal_tim_ex.o(.text.HAL_TIMEx_MasterConfigSynchronization)
    HAL_TIM_Base_Init                        0x08003f79   Thumb Code    96  stm32h7xx_hal_tim.o(.text.HAL_TIM_Base_Init)
    HAL_TIM_Base_MspInit                     0x08003fd9   Thumb Code   158  tim.o(.text.HAL_TIM_Base_MspInit)
    HAL_TIM_Base_Start_IT                    0x08004079   Thumb Code   220  stm32h7xx_hal_tim.o(.text.HAL_TIM_Base_Start_IT)
    HAL_TIM_IC_CaptureCallback               0x08004159   Thumb Code     2  stm32h7xx_hal_tim.o(.text.HAL_TIM_IC_CaptureCallback)
    HAL_TIM_IRQHandler                       0x08004161   Thumb Code   364  stm32h7xx_hal_tim.o(.text.HAL_TIM_IRQHandler)
    HAL_TIM_OC_DelayElapsedCallback          0x080042d1   Thumb Code     2  stm32h7xx_hal_tim.o(.text.HAL_TIM_OC_DelayElapsedCallback)
    HAL_TIM_PWM_PulseFinishedCallback        0x080042d9   Thumb Code     2  stm32h7xx_hal_tim.o(.text.HAL_TIM_PWM_PulseFinishedCallback)
    HAL_TIM_PeriodElapsedCallback            0x080042e1   Thumb Code    18  main.o(.text.HAL_TIM_PeriodElapsedCallback)
    HAL_TIM_TriggerCallback                  0x080042f9   Thumb Code     2  stm32h7xx_hal_tim.o(.text.HAL_TIM_TriggerCallback)
    HAL_UARTEx_DisableFifoMode               0x08004301   Thumb Code    54  stm32h7xx_hal_uart_ex.o(.text.HAL_UARTEx_DisableFifoMode)
    HAL_UARTEx_SetRxFifoThreshold            0x08004339   Thumb Code   144  stm32h7xx_hal_uart_ex.o(.text.HAL_UARTEx_SetRxFifoThreshold)
    HAL_UARTEx_SetTxFifoThreshold            0x080043c9   Thumb Code   144  stm32h7xx_hal_uart_ex.o(.text.HAL_UARTEx_SetTxFifoThreshold)
    HAL_UART_Init                            0x08004459   Thumb Code   104  stm32h7xx_hal_uart.o(.text.HAL_UART_Init)
    HAL_UART_MspInit                         0x080044c1   Thumb Code   846  usart.o(.text.HAL_UART_MspInit)
    HardFault_Handler                        0x08004811   Thumb Code     2  stm32h7xx_it.o(.text.HardFault_Handler)
    MX_FDCAN1_Init                           0x08004819   Thumb Code   116  fdcan.o(.text.MX_FDCAN1_Init)
    MX_FDCAN2_Init                           0x08004891   Thumb Code   120  fdcan.o(.text.MX_FDCAN2_Init)
    MX_FDCAN3_Init                           0x08004909   Thumb Code   120  fdcan.o(.text.MX_FDCAN3_Init)
    MX_FREERTOS_Init                         0x08004981   Thumb Code    48  freertos.o(.text.MX_FREERTOS_Init)
    MX_GPIO_Init                             0x080049b1   Thumb Code   122  gpio.o(.text.MX_GPIO_Init)
    MX_TIM13_Init                            0x08004a31   Thumb Code    54  tim.o(.text.MX_TIM13_Init)
    MX_TIM14_Init                            0x08004a69   Thumb Code    54  tim.o(.text.MX_TIM14_Init)
    MX_TIM6_Init                             0x08004aa1   Thumb Code    76  tim.o(.text.MX_TIM6_Init)
    MX_TIM7_Init                             0x08004af1   Thumb Code    76  tim.o(.text.MX_TIM7_Init)
    MX_UART4_Init                            0x08004b41   Thumb Code   124  usart.o(.text.MX_UART4_Init)
    MX_UART5_Init                            0x08004bc1   Thumb Code   124  usart.o(.text.MX_UART5_Init)
    MX_UART7_Init                            0x08004c41   Thumb Code   124  usart.o(.text.MX_UART7_Init)
    MX_UART8_Init                            0x08004cc1   Thumb Code   124  usart.o(.text.MX_UART8_Init)
    MX_USART10_UART_Init                     0x08004d41   Thumb Code   124  usart.o(.text.MX_USART10_UART_Init)
    MX_USART1_UART_Init                      0x08004dc1   Thumb Code   124  usart.o(.text.MX_USART1_UART_Init)
    MX_USART2_UART_Init                      0x08004e41   Thumb Code   124  usart.o(.text.MX_USART2_UART_Init)
    MX_USB_OTG_HS_PCD_Init                   0x08004ec1   Thumb Code    58  usb_otg.o(.text.MX_USB_OTG_HS_PCD_Init)
    MemManage_Handler                        0x08004f01   Thumb Code     2  stm32h7xx_it.o(.text.MemManage_Handler)
    NMI_Handler                              0x08004f09   Thumb Code     2  stm32h7xx_it.o(.text.NMI_Handler)
    PendSV_Handler                           0x08004f11   Thumb Code   100  port.o(.text.PendSV_Handler)
    SVC_Handler                              0x080051d1   Thumb Code    36  port.o(.text.SVC_Handler)
    StartDefaultTask                         0x080051f9   Thumb Code     8  freertos.o(.text.StartDefaultTask)
    SysTick_Handler                          0x08005201   Thumb Code    30  cmsis_os2.o(.text.SysTick_Handler)
    SystemClock_Config                       0x08005221   Thumb Code   200  main.o(.text.SystemClock_Config)
    SystemInit                               0x080052e9   Thumb Code   210  system_stm32h7xx.o(.text.SystemInit)
    TIM1_UP_IRQHandler                       0x080053c1   Thumb Code    12  stm32h7xx_it.o(.text.TIM1_UP_IRQHandler)
    TIM_Base_SetConfig                       0x080053d1   Thumb Code   376  stm32h7xx_hal_tim.o(.text.TIM_Base_SetConfig)
    UART_AdvFeatureConfig                    0x08005549   Thumb Code   224  stm32h7xx_hal_uart.o(.text.UART_AdvFeatureConfig)
    UART_CheckIdleState                      0x08005629   Thumb Code   374  stm32h7xx_hal_uart.o(.text.UART_CheckIdleState)
    UART_SetConfig                           0x080057a1   Thumb Code  1228  stm32h7xx_hal_uart.o(.text.UART_SetConfig)
    UART_WaitOnFlagUntilTimeout              0x08005c79   Thumb Code   856  stm32h7xx_hal_uart.o(.text.UART_WaitOnFlagUntilTimeout)
    USB_CoreInit                             0x08005fd1   Thumb Code   658  stm32h7xx_ll_usb.o(.text.USB_CoreInit)
    USB_DevDisconnect                        0x08006269   Thumb Code    30  stm32h7xx_ll_usb.o(.text.USB_DevDisconnect)
    USB_DevInit                              0x08006289   Thumb Code  1196  stm32h7xx_ll_usb.o(.text.USB_DevInit)
    USB_DisableGlobalInt                     0x08006739   Thumb Code    14  stm32h7xx_ll_usb.o(.text.USB_DisableGlobalInt)
    USB_SetCurrentMode                       0x08006749   Thumb Code   872  stm32h7xx_ll_usb.o(.text.USB_SetCurrentMode)
    UsageFault_Handler                       0x08006ab1   Thumb Code     2  stm32h7xx_it.o(.text.UsageFault_Handler)
    main                                     0x08006ab9   Thumb Code   190  main.o(.text.main)
    osDelayUntil                             0x08006b79   Thumb Code    92  cmsis_os2.o(.text.osDelayUntil)
    osEventFlagsGet                          0x08006bd9   Thumb Code    66  cmsis_os2.o(.text.osEventFlagsGet)
    osEventFlagsNew                          0x08006c21   Thumb Code    76  cmsis_os2.o(.text.osEventFlagsNew)
    osEventFlagsSet                          0x08006c71   Thumb Code   134  cmsis_os2.o(.text.osEventFlagsSet)
    osEventFlagsWait                         0x08006cf9   Thumb Code   162  cmsis_os2.o(.text.osEventFlagsWait)
    osKernelGetTickCount                     0x08006da1   Thumb Code    50  cmsis_os2.o(.text.osKernelGetTickCount)
    osKernelGetTickFreq                      0x08006dd9   Thumb Code     6  cmsis_os2.o(.text.osKernelGetTickFreq)
    osKernelInitialize                       0x08006de1   Thumb Code    78  cmsis_os2.o(.text.osKernelInitialize)
    osKernelStart                            0x08006e31   Thumb Code    94  cmsis_os2.o(.text.osKernelStart)
    osMessageQueueGet                        0x08006e91   Thumb Code   168  cmsis_os2.o(.text.osMessageQueueGet)
    osMessageQueueNew                        0x08006f39   Thumb Code   162  cmsis_os2.o(.text.osMessageQueueNew)
    osMessageQueuePut                        0x08006fe1   Thumb Code   192  cmsis_os2.o(.text.osMessageQueuePut)
    osMutexNew                               0x080070a1   Thumb Code   164  cmsis_os2.o(.text.osMutexNew)
    osThreadExit                             0x08007149   Thumb Code    10  cmsis_os2.o(.text.osThreadExit)
    osThreadNew                              0x08007159   Thumb Code   204  cmsis_os2.o(.text.osThreadNew)
    pvPortMalloc                             0x08007bb9   Thumb Code   468  heap_4.o(.text.pvPortMalloc)
    pxPortInitialiseStack                    0x08007d91   Thumb Code    44  port.o(.text.pxPortInitialiseStack)
    uxListRemove                             0x08007dc1   Thumb Code    42  list.o(.text.uxListRemove)
    uxTaskGetNumberOfTasks                   0x08007df1   Thumb Code    12  tasks.o(.text.uxTaskGetNumberOfTasks)
    uxTaskResetEventItemValue                0x08007e01   Thumb Code    26  tasks.o(.text.uxTaskResetEventItemValue)
    vApplicationGetIdleTaskMemory            0x08007e21   Thumb Code    26  cmsis_os2.o(.text.vApplicationGetIdleTaskMemory)
    vApplicationGetTimerTaskMemory           0x08007e41   Thumb Code    28  cmsis_os2.o(.text.vApplicationGetTimerTaskMemory)
    vApplicationMallocFailedHook             0x08007e61   Thumb Code     6  freertos.o(.text.vApplicationMallocFailedHook)
    vApplicationStackOverflowHook            0x08007e69   Thumb Code    16  freertos.o(.text.vApplicationStackOverflowHook)
    vEventGroupSetBitsCallback               0x08007e79   Thumb Code     4  event_groups.o(.text.vEventGroupSetBitsCallback)
    vListInitialise                          0x08007e81   Thumb Code    22  list.o(.text.vListInitialise)
    vListInitialiseItem                      0x08007e99   Thumb Code     6  list.o(.text.vListInitialiseItem)
    vListInsert                              0x08007ea1   Thumb Code    98  list.o(.text.vListInsert)
    vListInsertEnd                           0x08007f09   Thumb Code    28  list.o(.text.vListInsertEnd)
    vPortEnterCritical                       0x08007f41   Thumb Code    74  port.o(.text.vPortEnterCritical)
    vPortExitCritical                        0x08007f91   Thumb Code    48  port.o(.text.vPortExitCritical)
    vPortFree                                0x08007fc1   Thumb Code   224  heap_4.o(.text.vPortFree)
    vPortSetupTimerInterrupt                 0x080080a1   Thumb Code    52  port.o(.text.vPortSetupTimerInterrupt)
    vPortValidateInterruptPriority           0x080080d9   Thumb Code    92  port.o(.text.vPortValidateInterruptPriority)
    vQueueAddToRegistry                      0x08008139   Thumb Code   502  queue.o(.text.vQueueAddToRegistry)
    vQueueWaitForMessageRestricted           0x08008331   Thumb Code   100  queue.o(.text.vQueueWaitForMessageRestricted)
    vTaskDelete                              0x08008399   Thumb Code   240  tasks.o(.text.vTaskDelete)
    vTaskInternalSetTimeOutState             0x08008489   Thumb Code    18  tasks.o(.text.vTaskInternalSetTimeOutState)
    vTaskMissedYield                         0x080084a1   Thumb Code    14  tasks.o(.text.vTaskMissedYield)
    vTaskPlaceOnEventList                    0x080084b1   Thumb Code    56  tasks.o(.text.vTaskPlaceOnEventList)
    vTaskPlaceOnEventListRestricted          0x080084e9   Thumb Code   162  tasks.o(.text.vTaskPlaceOnEventListRestricted)
    vTaskPlaceOnUnorderedEventList           0x08008591   Thumb Code   118  tasks.o(.text.vTaskPlaceOnUnorderedEventList)
    vTaskRemoveFromUnorderedEventList        0x08008609   Thumb Code   210  tasks.o(.text.vTaskRemoveFromUnorderedEventList)
    vTaskStartScheduler                      0x080086e1   Thumb Code   260  tasks.o(.text.vTaskStartScheduler)
    vTaskSuspendAll                          0x080087f1   Thumb Code    16  tasks.o(.text.vTaskSuspendAll)
    vTaskSwitchContext                       0x08008801   Thumb Code   202  tasks.o(.text.vTaskSwitchContext)
    xEventGroupClearBits                     0x080088d1   Thumb Code    76  event_groups.o(.text.xEventGroupClearBits)
    xEventGroupCreate                        0x08008921   Thumb Code    28  event_groups.o(.text.xEventGroupCreate)
    xEventGroupCreateStatic                  0x08008941   Thumb Code    68  event_groups.o(.text.xEventGroupCreateStatic)
    xEventGroupGetBitsFromISR                0x08008989   Thumb Code    32  event_groups.o(.text.xEventGroupGetBitsFromISR)
    xEventGroupSetBits                       0x080089a9   Thumb Code   164  event_groups.o(.text.xEventGroupSetBits)
    xEventGroupSetBitsFromISR                0x08008a51   Thumb Code    20  event_groups.o(.text.xEventGroupSetBitsFromISR)
    xEventGroupWaitBits                      0x08008a69   Thumb Code   310  event_groups.o(.text.xEventGroupWaitBits)
    xPortStartScheduler                      0x08008ba1   Thumb Code   406  port.o(.text.xPortStartScheduler)
    xPortSysTickHandler                      0x08008d39   Thumb Code    50  port.o(.text.xPortSysTickHandler)
    xQueueCreateMutex                        0x08008d71   Thumb Code   116  queue.o(.text.xQueueCreateMutex)
    xQueueCreateMutexStatic                  0x08008de9   Thumb Code    50  queue.o(.text.xQueueCreateMutexStatic)
    xQueueGenericCreate                      0x08008e21   Thumb Code   152  queue.o(.text.xQueueGenericCreate)
    xQueueGenericCreateStatic                0x08008eb9   Thumb Code   218  queue.o(.text.xQueueGenericCreateStatic)
    xQueueGenericSend                        0x08008f99   Thumb Code   550  queue.o(.text.xQueueGenericSend)
    xQueueGenericSendFromISR                 0x080091c1   Thumb Code   380  queue.o(.text.xQueueGenericSendFromISR)
    xQueueReceive                            0x08009341   Thumb Code   442  queue.o(.text.xQueueReceive)
    xQueueReceiveFromISR                     0x08009501   Thumb Code   262  queue.o(.text.xQueueReceiveFromISR)
    xTaskCheckForTimeOut                     0x08009609   Thumb Code   166  tasks.o(.text.xTaskCheckForTimeOut)
    xTaskCreate                              0x080096b1   Thumb Code    96  tasks.o(.text.xTaskCreate)
    xTaskCreateStatic                        0x08009711   Thumb Code   164  tasks.o(.text.xTaskCreateStatic)
    xTaskDelayUntil                          0x080097b9   Thumb Code   236  tasks.o(.text.xTaskDelayUntil)
    xTaskGetSchedulerState                   0x080098a9   Thumb Code    28  tasks.o(.text.xTaskGetSchedulerState)
    xTaskGetTickCount                        0x080098c9   Thumb Code    12  tasks.o(.text.xTaskGetTickCount)
    xTaskGetTickCountFromISR                 0x080098d9   Thumb Code    18  tasks.o(.text.xTaskGetTickCountFromISR)
    xTaskIncrementTick                       0x080098f1   Thumb Code   378  tasks.o(.text.xTaskIncrementTick)
    xTaskPriorityDisinherit                  0x08009a71   Thumb Code   164  tasks.o(.text.xTaskPriorityDisinherit)
    xTaskRemoveFromEventList                 0x08009b19   Thumb Code   228  tasks.o(.text.xTaskRemoveFromEventList)
    xTaskResumeAll                           0x08009c01   Thumb Code   318  tasks.o(.text.xTaskResumeAll)
    xTimerCreateTimerTask                    0x08009d41   Thumb Code   176  timers.o(.text.xTimerCreateTimerTask)
    xTimerPendFunctionCallFromISR            0x08009df9   Thumb Code    44  timers.o(.text.xTimerPendFunctionCallFromISR)
    _fp_init                                 0x08009e25   Thumb Code    26  fpinit.o(x$fpl$fpinit)
    __fplib_config_fpu_vfp                   0x08009e3d   Thumb Code     0  fpinit.o(x$fpl$fpinit)
    __fplib_config_pureend_doubles           0x08009e3d   Thumb Code     0  fpinit.o(x$fpl$fpinit)
    D1CorePrescTable                         0x08009e98   Data          16  system_stm32h7xx.o(.rodata.D1CorePrescTable)
    UARTPrescTable                           0x08009ea8   Data          24  stm32h7xx_hal_uart.o(.rodata.UARTPrescTable)
    defaultTask_attributes                   0x0800a068   Data          36  freertos.o(.rodata.defaultTask_attributes)
    uxTopUsedPriority                        0x0800a2cc   Data           4  tasks.o(.rodata.uxTopUsedPriority)
    Region$$Table$$Base                      0x0800a2d0   Number         0  anon$$obj.o(Region$$Table)
    Region$$Table$$Limit                     0x0800a2f0   Number         0  anon$$obj.o(Region$$Table)
    uwTickFreq                               0x24000000   Data           1  stm32h7xx_hal.o(.data..L_MergedGlobals)
    uwTickPrio                               0x24000004   Data           4  stm32h7xx_hal.o(.data..L_MergedGlobals)
    SystemCoreClock                          0x24000008   Data           4  system_stm32h7xx.o(.data..L_MergedGlobals)
    SystemD2Clock                            0x2400000c   Data           4  system_stm32h7xx.o(.data..L_MergedGlobals)
    __libspace_start                         0x24000018   Data          96  libspace.o(.bss)
    __temporary_stack_top$libspace           0x24000078   Data           0  libspace.o(.bss)
    appFreertosFaultCode                     0x24000078   Data           1  app_freertos.o(.bss..L_MergedGlobals)
    appCanRxQueueHandle                      0x24000080   Data           4  app_freertos.o(.bss..L_MergedGlobals)
    appChassisCommandQueueHandle             0x24000084   Data           4  app_freertos.o(.bss..L_MergedGlobals)
    appMechanismCommandQueueHandle           0x24000088   Data           4  app_freertos.o(.bss..L_MergedGlobals)
    appTrajectoryQueueHandle                 0x2400008c   Data           4  app_freertos.o(.bss..L_MergedGlobals)
    appCommunicationQueueHandle              0x24000090   Data           4  app_freertos.o(.bss..L_MergedGlobals)
    appTelemetryQueueHandle                  0x24000094   Data           4  app_freertos.o(.bss..L_MergedGlobals)
    appSystemEventHandle                     0x24000098   Data           4  app_freertos.o(.bss..L_MergedGlobals)
    appRobotStateMutexHandle                 0x2400009c   Data           4  app_freertos.o(.bss..L_MergedGlobals)
    appCanRxTaskHandle                       0x240000a0   Data           4  app_freertos.o(.bss..L_MergedGlobals)
    appControlTaskHandle                     0x240000a4   Data           4  app_freertos.o(.bss..L_MergedGlobals)
    appNavigationTaskHandle                  0x240000a8   Data           4  app_freertos.o(.bss..L_MergedGlobals)
    appCommunicationTaskHandle               0x240000ac   Data           4  app_freertos.o(.bss..L_MergedGlobals)
    appSafetyTaskHandle                      0x240000b0   Data           4  app_freertos.o(.bss..L_MergedGlobals)
    appMonitorTaskHandle                     0x240000b4   Data           4  app_freertos.o(.bss..L_MergedGlobals)
    appFreertosFaultFile                     0x240000b8   Data           4  app_freertos.o(.bss..L_MergedGlobals)
    appFreertosFaultLine                     0x240000bc   Data           4  app_freertos.o(.bss..L_MergedGlobals)
    defaultTaskHandle                        0x2400022c   Data           4  freertos.o(.bss.defaultTaskHandle)
    hfdcan1                                  0x24000230   Data         160  fdcan.o(.bss.hfdcan1)
    hfdcan2                                  0x240002d0   Data         160  fdcan.o(.bss.hfdcan2)
    hfdcan3                                  0x24000370   Data         160  fdcan.o(.bss.hfdcan3)
    hpcd_USB_OTG_HS                          0x24000410   Data        1252  usb_otg.o(.bss.hpcd_USB_OTG_HS)
    htim1                                    0x240008f4   Data          76  stm32h7xx_hal_timebase_tim.o(.bss.htim1)
    htim13                                   0x24000940   Data          76  tim.o(.bss.htim13)
    htim14                                   0x2400098c   Data          76  tim.o(.bss.htim14)
    htim6                                    0x240009d8   Data          76  tim.o(.bss.htim6)
    htim7                                    0x24000a24   Data          76  tim.o(.bss.htim7)
    huart1                                   0x24000a70   Data         148  usart.o(.bss.huart1)
    huart10                                  0x24000b04   Data         148  usart.o(.bss.huart10)
    huart2                                   0x24000b98   Data         148  usart.o(.bss.huart2)
    huart4                                   0x24000c2c   Data         148  usart.o(.bss.huart4)
    huart5                                   0x24000cc0   Data         148  usart.o(.bss.huart5)
    huart7                                   0x24000d54   Data         148  usart.o(.bss.huart7)
    huart8                                   0x24000de8   Data         148  usart.o(.bss.huart8)
    pxCurrentTCB                             0x24000f6c   Data           4  tasks.o(.bss.pxCurrentTCB)
    uwTick                                   0x240113d0   Data           4  stm32h7xx_hal.o(.bss.uwTick)
    xQueueRegistry                           0x24011a9c   Data         128  queue.o(.bss.xQueueRegistry)



==============================================================================

Memory Map of the image

  Image Entry point : 0x080002cd

  Load Region LR_IROM1 (Base: 0x08000000, Size: 0x0000a308, Max: 0x00100000, ABSOLUTE)

    Execution Region ER_IROM1 (Exec base: 0x08000000, Load base: 0x08000000, Size: 0x0000a2f0, Max: 0x00100000, ABSOLUTE)

    Exec Addr    Load Addr    Size         Type   Attr      Idx    E Section Name        Object

    0x08000000   0x08000000   0x000002cc   Data   RO            3    RESET               startup_stm32h723xx.o
    0x080002cc   0x080002cc   0x00000008   Code   RO         2734  * !!!main             c_w.l(__main.o)
    0x080002d4   0x080002d4   0x00000034   Code   RO         2911    !!!scatter          c_w.l(__scatter.o)
    0x08000308   0x08000308   0x0000001a   Code   RO         2913    !!handler_copy      c_w.l(__scatter_copy.o)
    0x08000322   0x08000322   0x00000002   PAD
    0x08000324   0x08000324   0x0000001c   Code   RO         2915    !!handler_zi        c_w.l(__scatter_zi.o)
    0x08000340   0x08000340   0x00000002   Code   RO         2773    .ARM.Collect$$libinit$$00000000  c_w.l(libinit.o)
    0x08000342   0x08000342   0x00000004   Code   RO         2785    .ARM.Collect$$libinit$$00000001  c_w.l(libinit2.o)
    0x08000346   0x08000346   0x00000000   Code   RO         2788    .ARM.Collect$$libinit$$00000004  c_w.l(libinit2.o)
    0x08000346   0x08000346   0x00000000   Code   RO         2790    .ARM.Collect$$libinit$$00000006  c_w.l(libinit2.o)
    0x08000346   0x08000346   0x00000000   Code   RO         2793    .ARM.Collect$$libinit$$0000000C  c_w.l(libinit2.o)
    0x08000346   0x08000346   0x00000000   Code   RO         2795    .ARM.Collect$$libinit$$0000000E  c_w.l(libinit2.o)
    0x08000346   0x08000346   0x00000000   Code   RO         2797    .ARM.Collect$$libinit$$00000010  c_w.l(libinit2.o)
    0x08000346   0x08000346   0x00000000   Code   RO         2800    .ARM.Collect$$libinit$$00000013  c_w.l(libinit2.o)
    0x08000346   0x08000346   0x00000000   Code   RO         2802    .ARM.Collect$$libinit$$00000015  c_w.l(libinit2.o)
    0x08000346   0x08000346   0x00000000   Code   RO         2804    .ARM.Collect$$libinit$$00000017  c_w.l(libinit2.o)
    0x08000346   0x08000346   0x00000000   Code   RO         2806    .ARM.Collect$$libinit$$00000019  c_w.l(libinit2.o)
    0x08000346   0x08000346   0x00000000   Code   RO         2808    .ARM.Collect$$libinit$$0000001B  c_w.l(libinit2.o)
    0x08000346   0x08000346   0x00000000   Code   RO         2810    .ARM.Collect$$libinit$$0000001D  c_w.l(libinit2.o)
    0x08000346   0x08000346   0x00000000   Code   RO         2812    .ARM.Collect$$libinit$$0000001F  c_w.l(libinit2.o)
    0x08000346   0x08000346   0x00000000   Code   RO         2814    .ARM.Collect$$libinit$$00000021  c_w.l(libinit2.o)
    0x08000346   0x08000346   0x00000000   Code   RO         2816    .ARM.Collect$$libinit$$00000023  c_w.l(libinit2.o)
    0x08000346   0x08000346   0x00000000   Code   RO         2818    .ARM.Collect$$libinit$$00000025  c_w.l(libinit2.o)
    0x08000346   0x08000346   0x00000000   Code   RO         2820    .ARM.Collect$$libinit$$00000027  c_w.l(libinit2.o)
    0x08000346   0x08000346   0x00000000   Code   RO         2824    .ARM.Collect$$libinit$$0000002E  c_w.l(libinit2.o)
    0x08000346   0x08000346   0x00000000   Code   RO         2826    .ARM.Collect$$libinit$$00000030  c_w.l(libinit2.o)
    0x08000346   0x08000346   0x00000000   Code   RO         2828    .ARM.Collect$$libinit$$00000032  c_w.l(libinit2.o)
    0x08000346   0x08000346   0x00000000   Code   RO         2830    .ARM.Collect$$libinit$$00000034  c_w.l(libinit2.o)
    0x08000346   0x08000346   0x00000002   Code   RO         2831    .ARM.Collect$$libinit$$00000035  c_w.l(libinit2.o)
    0x08000348   0x08000348   0x00000002   Code   RO         2866    .ARM.Collect$$libshutdown$$00000000  c_w.l(libshutdown.o)
    0x0800034a   0x0800034a   0x00000000   Code   RO         2894    .ARM.Collect$$libshutdown$$00000002  c_w.l(libshutdown2.o)
    0x0800034a   0x0800034a   0x00000000   Code   RO         2896    .ARM.Collect$$libshutdown$$00000004  c_w.l(libshutdown2.o)
    0x0800034a   0x0800034a   0x00000000   Code   RO         2899    .ARM.Collect$$libshutdown$$00000007  c_w.l(libshutdown2.o)
    0x0800034a   0x0800034a   0x00000000   Code   RO         2902    .ARM.Collect$$libshutdown$$0000000A  c_w.l(libshutdown2.o)
    0x0800034a   0x0800034a   0x00000000   Code   RO         2904    .ARM.Collect$$libshutdown$$0000000C  c_w.l(libshutdown2.o)
    0x0800034a   0x0800034a   0x00000000   Code   RO         2907    .ARM.Collect$$libshutdown$$0000000F  c_w.l(libshutdown2.o)
    0x0800034a   0x0800034a   0x00000002   Code   RO         2908    .ARM.Collect$$libshutdown$$00000010  c_w.l(libshutdown2.o)
    0x0800034c   0x0800034c   0x00000000   Code   RO         2736    .ARM.Collect$$rtentry$$00000000  c_w.l(__rtentry.o)
    0x0800034c   0x0800034c   0x00000000   Code   RO         2744    .ARM.Collect$$rtentry$$00000002  c_w.l(__rtentry2.o)
    0x0800034c   0x0800034c   0x00000006   Code   RO         2756    .ARM.Collect$$rtentry$$00000004  c_w.l(__rtentry4.o)
    0x08000352   0x08000352   0x00000000   Code   RO         2746    .ARM.Collect$$rtentry$$00000009  c_w.l(__rtentry2.o)
    0x08000352   0x08000352   0x00000004   Code   RO         2747    .ARM.Collect$$rtentry$$0000000A  c_w.l(__rtentry2.o)
    0x08000356   0x08000356   0x00000000   Code   RO         2749    .ARM.Collect$$rtentry$$0000000C  c_w.l(__rtentry2.o)
    0x08000356   0x08000356   0x00000008   Code   RO         2750    .ARM.Collect$$rtentry$$0000000D  c_w.l(__rtentry2.o)
    0x0800035e   0x0800035e   0x00000002   Code   RO         2777    .ARM.Collect$$rtexit$$00000000  c_w.l(rtexit.o)
    0x08000360   0x08000360   0x00000000   Code   RO         2837    .ARM.Collect$$rtexit$$00000002  c_w.l(rtexit2.o)
    0x08000360   0x08000360   0x00000004   Code   RO         2838    .ARM.Collect$$rtexit$$00000003  c_w.l(rtexit2.o)
    0x08000364   0x08000364   0x00000006   Code   RO         2839    .ARM.Collect$$rtexit$$00000004  c_w.l(rtexit2.o)
    0x0800036a   0x0800036a   0x00000002   PAD
    0x0800036c   0x0800036c   0x00000048   Code   RO            4    .text               startup_stm32h723xx.o
    0x080003b4   0x080003b4   0x000000f0   Code   RO         2720    .text               c_w.l(lludivv7m.o)
    0x080004a4   0x080004a4   0x0000008a   Code   RO         2722    .text               c_w.l(rt_memcpy_v6.o)
    0x0800052e   0x0800052e   0x00000010   Code   RO         2726    .text               c_w.l(aeabi_memset4.o)
    0x0800053e   0x0800053e   0x00000044   Code   RO         2728    .text               c_w.l(rt_memclr.o)
    0x08000582   0x08000582   0x0000004e   Code   RO         2730    .text               c_w.l(rt_memclr_w.o)
    0x080005d0   0x080005d0   0x00000006   Code   RO         2732    .text               c_w.l(heapauxi.o)
    0x080005d6   0x080005d6   0x00000064   Code   RO         2741    .text               c_w.l(rt_memcpy_w.o)
    0x0800063a   0x0800063a   0x0000004a   Code   RO         2760    .text               c_w.l(sys_stackheap_outer.o)
    0x08000684   0x08000684   0x00000012   Code   RO         2762    .text               c_w.l(exit.o)
    0x08000696   0x08000696   0x00000002   PAD
    0x08000698   0x08000698   0x00000008   Code   RO         2774    .text               c_w.l(libspace.o)
    0x080006a0   0x080006a0   0x0000000c   Code   RO         2832    .text               c_w.l(sys_exit.o)
    0x080006ac   0x080006ac   0x00000002   Code   RO         2855    .text               c_w.l(use_no_semi.o)
    0x080006ae   0x080006ae   0x00000000   Code   RO         2857    .text               c_w.l(indicate_semi.o)
    0x080006ae   0x080006ae   0x00000002   PAD
    0x080006b0   0x080006b0   0x00000058   Code   RO          212    .text.AppCanRxTask  app_freertos.o
    0x08000708   0x08000708   0x00000048   Code   RO          218    .text.AppCommunicationTask  app_freertos.o
    0x08000750   0x08000750   0x000000d0   Code   RO          214    .text.AppControlTask  app_freertos.o
    0x08000820   0x08000820   0x00000058   Code   RO          224    .text.AppFreertos_Bootstrap  app_freertos.o
    0x08000878   0x08000878   0x000001b4   Code   RO          210    .text.AppFreertos_Init  app_freertos.o
    0x08000a2c   0x08000a2c   0x00000004   PAD
    0x08000a30   0x08000a30   0x00000016   Code   RO          250    .text.AppFreertos_Panic  app_freertos.o
    0x08000a46   0x08000a46   0x00000002   PAD
    0x08000a48   0x08000a48   0x000000b2   Code   RO          222    .text.AppMonitorTask  app_freertos.o
    0x08000afa   0x08000afa   0x00000006   PAD
    0x08000b00   0x08000b00   0x00000084   Code   RO          216    .text.AppNavigationTask  app_freertos.o
    0x08000b84   0x08000b84   0x00000004   PAD
    0x08000b88   0x08000b88   0x00000058   Code   RO          220    .text.AppSafetyTask  app_freertos.o
    0x08000be0   0x08000be0   0x00000002   Code   RO          254    .text.App_ControlStep  app_freertos.o
    0x08000be2   0x08000be2   0x00000006   PAD
    0x08000be8   0x08000be8   0x0000001e   Code   RO          248    .text.App_FreertosAssert  app_freertos.o
    0x08000c06   0x08000c06   0x00000002   PAD
    0x08000c08   0x08000c08   0x00000002   Code   RO          262    .text.App_MonitorStep  app_freertos.o
    0x08000c0a   0x08000c0a   0x00000006   PAD
    0x08000c10   0x08000c10   0x00000002   Code   RO          256    .text.App_NavigationStep  app_freertos.o
    0x08000c12   0x08000c12   0x00000006   PAD
    0x08000c18   0x08000c18   0x00000002   Code   RO          252    .text.App_OnCanFrame  app_freertos.o
    0x08000c1a   0x08000c1a   0x00000006   PAD
    0x08000c20   0x08000c20   0x00000002   Code   RO          258    .text.App_OnCommunicationPacket  app_freertos.o
    0x08000c22   0x08000c22   0x00000006   PAD
    0x08000c28   0x08000c28   0x00000002   Code   RO          260    .text.App_SafetyStep  app_freertos.o
    0x08000c2a   0x08000c2a   0x00000006   PAD
    0x08000c30   0x08000c30   0x000000ac   Code   RO          226    .text.App_StartCan  app_freertos.o
    0x08000cdc   0x08000cdc   0x00000004   PAD
    0x08000ce0   0x08000ce0   0x00000002   Code   RO          165    .text.BusFault_Handler  stm32h7xx_it.o
    0x08000ce2   0x08000ce2   0x00000006   PAD
    0x08000ce8   0x08000ce8   0x00000002   Code   RO          169    .text.DebugMon_Handler  stm32h7xx_it.o
    0x08000cea   0x08000cea   0x00000006   PAD
    0x08000cf0   0x08000cf0   0x00000006   Code   RO           17    .text.Error_Handler  main.o
    0x08000cf6   0x08000cf6   0x00000002   PAD
    0x08000cf8   0x08000cf8   0x0000002c   Code   RO         2103    .text.ExitRun0Mode  system_stm32h7xx.o
    0x08000d24   0x08000d24   0x00000004   PAD
    0x08000d28   0x08000d28   0x0000000c   Code   RO          171    .text.FDCAN1_IT0_IRQHandler  stm32h7xx_it.o
    0x08000d34   0x08000d34   0x00000004   PAD
    0x08000d38   0x08000d38   0x0000000c   Code   RO          173    .text.FDCAN2_IT0_IRQHandler  stm32h7xx_it.o
    0x08000d44   0x08000d44   0x00000004   PAD
    0x08000d48   0x08000d48   0x0000000c   Code   RO          177    .text.FDCAN3_IT0_IRQHandler  stm32h7xx_it.o
    0x08000d54   0x08000d54   0x00000004   PAD
    0x08000d58   0x08000d58   0x00000028   Code   RO         1141    .text.HAL_Delay     stm32h7xx_hal.o
    0x08000d80   0x08000d80   0x0000008c   Code   RO         1587    .text.HAL_FDCAN_ActivateNotification  stm32h7xx_hal_fdcan.o
    0x08000e0c   0x08000e0c   0x00000004   PAD
    0x08000e10   0x08000e10   0x00000002   Code   RO         1601    .text.HAL_FDCAN_ClockCalibrationCallback  stm32h7xx_hal_fdcan.o
    0x08000e12   0x08000e12   0x00000006   PAD
    0x08000e18   0x08000e18   0x0000008c   Code   RO         1461    .text.HAL_FDCAN_ConfigFilter  stm32h7xx_hal_fdcan.o
    0x08000ea4   0x08000ea4   0x00000004   PAD
    0x08000ea8   0x08000ea8   0x00000038   Code   RO         1463    .text.HAL_FDCAN_ConfigGlobalFilter  stm32h7xx_hal_fdcan.o
    0x08000ee0   0x08000ee0   0x00000002   Code   RO         1629    .text.HAL_FDCAN_ErrorCallback  stm32h7xx_hal_fdcan.o
    0x08000ee2   0x08000ee2   0x00000006   PAD
    0x08000ee8   0x08000ee8   0x00000048   Code   RO          246    .text.HAL_FDCAN_ErrorStatusCallback  app_freertos.o
    0x08000f30   0x08000f30   0x00000012   Code   RO         1533    .text.HAL_FDCAN_GetRxFifoFillLevel  stm32h7xx_hal_fdcan.o
    0x08000f42   0x08000f42   0x00000006   PAD
    0x08000f48   0x08000f48   0x00000212   Code   RO         1519    .text.HAL_FDCAN_GetRxMessage  stm32h7xx_hal_fdcan.o
    0x0800115a   0x0800115a   0x00000006   PAD
    0x08001160   0x08001160   0x00000002   Code   RO         1597    .text.HAL_FDCAN_HighPriorityMessageCallback  stm32h7xx_hal_fdcan.o
    0x08001162   0x08001162   0x00000006   PAD
    0x08001168   0x08001168   0x00000316   Code   RO         1595    .text.HAL_FDCAN_IRQHandler  stm32h7xx_hal_fdcan.o
    0x0800147e   0x0800147e   0x00000002   PAD
    0x08001480   0x08001480   0x00000400   Code   RO         1439    .text.HAL_FDCAN_Init  stm32h7xx_hal_fdcan.o
    0x08001880   0x08001880   0x0000014e   Code   RO           63    .text.HAL_FDCAN_MspInit  fdcan.o
    0x080019ce   0x080019ce   0x00000002   PAD
    0x080019d0   0x080019d0   0x00000002   Code   RO         1613    .text.HAL_FDCAN_RxBufferNewMessageCallback  stm32h7xx_hal_fdcan.o
    0x080019d2   0x080019d2   0x00000006   PAD
    0x080019d8   0x080019d8   0x000000e6   Code   RO          244    .text.HAL_FDCAN_RxFifo0Callback  app_freertos.o
    0x08001abe   0x08001abe   0x00000002   PAD
    0x08001ac0   0x08001ac0   0x00000002   Code   RO         1607    .text.HAL_FDCAN_RxFifo1Callback  stm32h7xx_hal_fdcan.o
    0x08001ac2   0x08001ac2   0x00000006   PAD
    0x08001ac8   0x08001ac8   0x00000034   Code   RO         1507    .text.HAL_FDCAN_Start  stm32h7xx_hal_fdcan.o
    0x08001afc   0x08001afc   0x00000004   PAD
    0x08001b00   0x08001b00   0x00000382   Code   RO         1445    .text.HAL_FDCAN_Stop  stm32h7xx_hal_fdcan.o
    0x08001e82   0x08001e82   0x00000006   PAD
    0x08001e88   0x08001e88   0x00000002   Code   RO         1627    .text.HAL_FDCAN_TT_GlobalTimeCallback  stm32h7xx_hal_fdcan.o
    0x08001e8a   0x08001e8a   0x00000006   PAD
    0x08001e90   0x08001e90   0x00000002   Code   RO         1621    .text.HAL_FDCAN_TT_ScheduleSyncCallback  stm32h7xx_hal_fdcan.o
    0x08001e92   0x08001e92   0x00000006   PAD
    0x08001e98   0x08001e98   0x00000002   Code   RO         1625    .text.HAL_FDCAN_TT_StopWatchCallback  stm32h7xx_hal_fdcan.o
    0x08001e9a   0x08001e9a   0x00000006   PAD
    0x08001ea0   0x08001ea0   0x00000002   Code   RO         1623    .text.HAL_FDCAN_TT_TimeMarkCallback  stm32h7xx_hal_fdcan.o
    0x08001ea2   0x08001ea2   0x00000006   PAD
    0x08001ea8   0x08001ea8   0x00000002   Code   RO         1617    .text.HAL_FDCAN_TimeoutOccurredCallback  stm32h7xx_hal_fdcan.o
    0x08001eaa   0x08001eaa   0x00000006   PAD
    0x08001eb0   0x08001eb0   0x00000002   Code   RO         1615    .text.HAL_FDCAN_TimestampWraparoundCallback  stm32h7xx_hal_fdcan.o
    0x08001eb2   0x08001eb2   0x00000006   PAD
    0x08001eb8   0x08001eb8   0x00000002   Code   RO         1599    .text.HAL_FDCAN_TxBufferAbortCallback  stm32h7xx_hal_fdcan.o
    0x08001eba   0x08001eba   0x00000006   PAD
    0x08001ec0   0x08001ec0   0x00000002   Code   RO         1611    .text.HAL_FDCAN_TxBufferCompleteCallback  stm32h7xx_hal_fdcan.o
    0x08001ec2   0x08001ec2   0x00000006   PAD
    0x08001ec8   0x08001ec8   0x00000002   Code   RO         1603    .text.HAL_FDCAN_TxEventFifoCallback  stm32h7xx_hal_fdcan.o
    0x08001eca   0x08001eca   0x00000006   PAD
    0x08001ed0   0x08001ed0   0x00000002   Code   RO         1609    .text.HAL_FDCAN_TxFifoEmptyCallback  stm32h7xx_hal_fdcan.o
    0x08001ed2   0x08001ed2   0x00000006   PAD
    0x08001ed8   0x08001ed8   0x000001f6   Code   RO          833    .text.HAL_GPIO_Init  stm32h7xx_hal_gpio.o
    0x080020ce   0x080020ce   0x00000002   PAD
    0x080020d0   0x080020d0   0x0000000c   Code   RO         1133    .text.HAL_GetTick   stm32h7xx_hal.o
    0x080020dc   0x080020dc   0x00000004   PAD
    0x080020e0   0x080020e0   0x0000001a   Code   RO         1131    .text.HAL_IncTick   stm32h7xx_hal.o
    0x080020fa   0x080020fa   0x00000006   PAD
    0x08002100   0x08002100   0x00000064   Code   RO         1121    .text.HAL_Init      stm32h7xx_hal.o
    0x08002164   0x08002164   0x00000004   PAD
    0x08002168   0x08002168   0x0000009c   Code   RO          195    .text.HAL_InitTick  stm32h7xx_hal_timebase_tim.o
    0x08002204   0x08002204   0x00000004   PAD
    0x08002208   0x08002208   0x0000005e   Code   RO          642    .text.HAL_MPU_ConfigRegion  stm32h7xx_hal_cortex.o
    0x08002266   0x08002266   0x00000002   PAD
    0x08002268   0x08002268   0x0000001a   Code   RO          634    .text.HAL_MPU_Disable  stm32h7xx_hal_cortex.o
    0x08002282   0x08002282   0x00000006   PAD
    0x08002288   0x08002288   0x00000020   Code   RO          636    .text.HAL_MPU_Enable  stm32h7xx_hal_cortex.o
    0x080022a8   0x080022a8   0x0000002a   Code   RO          186    .text.HAL_MspInit   stm32h7xx_hal_msp.o
    0x080022d2   0x080022d2   0x00000006   PAD
    0x080022d8   0x080022d8   0x00000020   Code   RO          624    .text.HAL_NVIC_EnableIRQ  stm32h7xx_hal_cortex.o
    0x080022f8   0x080022f8   0x0000005c   Code   RO          622    .text.HAL_NVIC_SetPriority  stm32h7xx_hal_cortex.o
    0x08002354   0x08002354   0x00000004   PAD
    0x08002358   0x08002358   0x00000020   Code   RO          620    .text.HAL_NVIC_SetPriorityGrouping  stm32h7xx_hal_cortex.o
    0x08002378   0x08002378   0x00000026   Code   RO         1911    .text.HAL_PCDEx_ActivateLPM  stm32h7xx_hal_pcd_ex.o
    0x0800239e   0x0800239e   0x00000002   PAD
    0x080023a0   0x080023a0   0x00000282   Code   RO         1831    .text.HAL_PCD_Init  stm32h7xx_hal_pcd.o
    0x08002622   0x08002622   0x00000006   PAD
    0x08002628   0x08002628   0x000000bc   Code   RO          140    .text.HAL_PCD_MspInit  usb_otg.o
    0x080026e4   0x080026e4   0x00000004   PAD
    0x080026e8   0x080026e8   0x0000004c   Code   RO         1037    .text.HAL_PWREx_ConfigSupply  stm32h7xx_hal_pwr_ex.o
    0x08002734   0x08002734   0x00000004   PAD
    0x08002738   0x08002738   0x00000012   Code   RO         1087    .text.HAL_PWREx_EnableUSBVoltageDetector  stm32h7xx_hal_pwr_ex.o
    0x0800274a   0x0800274a   0x00000006   PAD
    0x08002750   0x08002750   0x00000026   Code   RO          724    .text.HAL_RCCEx_GetD3PCLK1Freq  stm32h7xx_hal_rcc_ex.o
    0x08002776   0x08002776   0x00000002   PAD
    0x08002778   0x08002778   0x0000012c   Code   RO          720    .text.HAL_RCCEx_GetPLL2ClockFreq  stm32h7xx_hal_rcc_ex.o
    0x080028a4   0x080028a4   0x00000004   PAD
    0x080028a8   0x080028a8   0x0000012c   Code   RO          722    .text.HAL_RCCEx_GetPLL3ClockFreq  stm32h7xx_hal_rcc_ex.o
    0x080029d4   0x080029d4   0x00000004   PAD
    0x080029d8   0x080029d8   0x00000aa8   Code   RO          708    .text.HAL_RCCEx_PeriphCLKConfig  stm32h7xx_hal_rcc_ex.o
    0x08003480   0x08003480   0x00000268   Code   RO          676    .text.HAL_RCC_ClockConfig  stm32h7xx_hal_rcc.o
    0x080036e8   0x080036e8   0x00000058   Code   RO          694    .text.HAL_RCC_GetClockConfig  stm32h7xx_hal_rcc.o
    0x08003740   0x08003740   0x0000004c   Code   RO          686    .text.HAL_RCC_GetHCLKFreq  stm32h7xx_hal_rcc.o
    0x0800378c   0x0800378c   0x00000004   PAD
    0x08003790   0x08003790   0x00000060   Code   RO          688    .text.HAL_RCC_GetPCLK1Freq  stm32h7xx_hal_rcc.o
    0x080037f0   0x080037f0   0x00000060   Code   RO          690    .text.HAL_RCC_GetPCLK2Freq  stm32h7xx_hal_rcc.o
    0x08003850   0x08003850   0x00000114   Code   RO          678    .text.HAL_RCC_GetSysClockFreq  stm32h7xx_hal_rcc.o
    0x08003964   0x08003964   0x00000004   PAD
    0x08003968   0x08003968   0x00000518   Code   RO          674    .text.HAL_RCC_OscConfig  stm32h7xx_hal_rcc.o
    0x08003e80   0x08003e80   0x00000002   Code   RO          606    .text.HAL_TIMEx_Break2Callback  stm32h7xx_hal_tim_ex.o
    0x08003e82   0x08003e82   0x00000006   PAD
    0x08003e88   0x08003e88   0x00000002   Code   RO          604    .text.HAL_TIMEx_BreakCallback  stm32h7xx_hal_tim_ex.o
    0x08003e8a   0x08003e8a   0x00000006   PAD
    0x08003e90   0x08003e90   0x00000002   Code   RO          600    .text.HAL_TIMEx_CommutCallback  stm32h7xx_hal_tim_ex.o
    0x08003e92   0x08003e92   0x00000006   PAD
    0x08003e98   0x08003e98   0x000000da   Code   RO          584    .text.HAL_TIMEx_MasterConfigSynchronization  stm32h7xx_hal_tim_ex.o
    0x08003f72   0x08003f72   0x00000006   PAD
    0x08003f78   0x08003f78   0x00000060   Code   RO          289    .text.HAL_TIM_Base_Init  stm32h7xx_hal_tim.o
    0x08003fd8   0x08003fd8   0x0000009e   Code   RO           87    .text.HAL_TIM_Base_MspInit  tim.o
    0x08004076   0x08004076   0x00000002   PAD
    0x08004078   0x08004078   0x000000dc   Code   RO          303    .text.HAL_TIM_Base_Start_IT  stm32h7xx_hal_tim.o
    0x08004154   0x08004154   0x00000004   PAD
    0x08004158   0x08004158   0x00000002   Code   RO          425    .text.HAL_TIM_IC_CaptureCallback  stm32h7xx_hal_tim.o
    0x0800415a   0x0800415a   0x00000006   PAD
    0x08004160   0x08004160   0x0000016c   Code   RO          423    .text.HAL_TIM_IRQHandler  stm32h7xx_hal_tim.o
    0x080042cc   0x080042cc   0x00000004   PAD
    0x080042d0   0x080042d0   0x00000002   Code   RO          427    .text.HAL_TIM_OC_DelayElapsedCallback  stm32h7xx_hal_tim.o
    0x080042d2   0x080042d2   0x00000006   PAD
    0x080042d8   0x080042d8   0x00000002   Code   RO          429    .text.HAL_TIM_PWM_PulseFinishedCallback  stm32h7xx_hal_tim.o
    0x080042da   0x080042da   0x00000006   PAD
    0x080042e0   0x080042e0   0x00000012   Code   RO           19    .text.HAL_TIM_PeriodElapsedCallback  main.o
    0x080042f2   0x080042f2   0x00000006   PAD
    0x080042f8   0x080042f8   0x00000002   Code   RO          433    .text.HAL_TIM_TriggerCallback  stm32h7xx_hal_tim.o
    0x080042fa   0x080042fa   0x00000006   PAD
    0x08004300   0x08004300   0x00000036   Code   RO         1808    .text.HAL_UARTEx_DisableFifoMode  stm32h7xx_hal_uart_ex.o
    0x08004336   0x08004336   0x00000002   PAD
    0x08004338   0x08004338   0x00000090   Code   RO         1812    .text.HAL_UARTEx_SetRxFifoThreshold  stm32h7xx_hal_uart_ex.o
    0x080043c8   0x080043c8   0x00000090   Code   RO         1810    .text.HAL_UARTEx_SetTxFifoThreshold  stm32h7xx_hal_uart_ex.o
    0x08004458   0x08004458   0x00000068   Code   RO         1645    .text.HAL_UART_Init  stm32h7xx_hal_uart.o
    0x080044c0   0x080044c0   0x0000034e   Code   RO          117    .text.HAL_UART_MspInit  usart.o
    0x0800480e   0x0800480e   0x00000002   PAD
    0x08004810   0x08004810   0x00000002   Code   RO          161    .text.HardFault_Handler  stm32h7xx_it.o
    0x08004812   0x08004812   0x00000006   PAD
    0x08004818   0x08004818   0x00000074   Code   RO           57    .text.MX_FDCAN1_Init  fdcan.o
    0x0800488c   0x0800488c   0x00000004   PAD
    0x08004890   0x08004890   0x00000078   Code   RO           59    .text.MX_FDCAN2_Init  fdcan.o
    0x08004908   0x08004908   0x00000078   Code   RO           61    .text.MX_FDCAN3_Init  fdcan.o
    0x08004980   0x08004980   0x00000030   Code   RO           42    .text.MX_FREERTOS_Init  freertos.o
    0x080049b0   0x080049b0   0x0000007a   Code   RO           30    .text.MX_GPIO_Init  gpio.o
    0x08004a2a   0x08004a2a   0x00000006   PAD
    0x08004a30   0x08004a30   0x00000036   Code   RO           83    .text.MX_TIM13_Init  tim.o
    0x08004a66   0x08004a66   0x00000002   PAD
    0x08004a68   0x08004a68   0x00000036   Code   RO           85    .text.MX_TIM14_Init  tim.o
    0x08004a9e   0x08004a9e   0x00000002   PAD
    0x08004aa0   0x08004aa0   0x0000004c   Code   RO           79    .text.MX_TIM6_Init  tim.o
    0x08004aec   0x08004aec   0x00000004   PAD
    0x08004af0   0x08004af0   0x0000004c   Code   RO           81    .text.MX_TIM7_Init  tim.o
    0x08004b3c   0x08004b3c   0x00000004   PAD
    0x08004b40   0x08004b40   0x0000007c   Code   RO          103    .text.MX_UART4_Init  usart.o
    0x08004bbc   0x08004bbc   0x00000004   PAD
    0x08004bc0   0x08004bc0   0x0000007c   Code   RO          105    .text.MX_UART5_Init  usart.o
    0x08004c3c   0x08004c3c   0x00000004   PAD
    0x08004c40   0x08004c40   0x0000007c   Code   RO          107    .text.MX_UART7_Init  usart.o
    0x08004cbc   0x08004cbc   0x00000004   PAD
    0x08004cc0   0x08004cc0   0x0000007c   Code   RO          109    .text.MX_UART8_Init  usart.o
    0x08004d3c   0x08004d3c   0x00000004   PAD
    0x08004d40   0x08004d40   0x0000007c   Code   RO          115    .text.MX_USART10_UART_Init  usart.o
    0x08004dbc   0x08004dbc   0x00000004   PAD
    0x08004dc0   0x08004dc0   0x0000007c   Code   RO          111    .text.MX_USART1_UART_Init  usart.o
    0x08004e3c   0x08004e3c   0x00000004   PAD
    0x08004e40   0x08004e40   0x0000007c   Code   RO          113    .text.MX_USART2_UART_Init  usart.o
    0x08004ebc   0x08004ebc   0x00000004   PAD
    0x08004ec0   0x08004ec0   0x0000003a   Code   RO          136    .text.MX_USB_OTG_HS_PCD_Init  usb_otg.o
    0x08004efa   0x08004efa   0x00000006   PAD
    0x08004f00   0x08004f00   0x00000002   Code   RO          163    .text.MemManage_Handler  stm32h7xx_it.o
    0x08004f02   0x08004f02   0x00000006   PAD
    0x08004f08   0x08004f08   0x00000002   Code   RO          159    .text.NMI_Handler   stm32h7xx_it.o
    0x08004f0a   0x08004f0a   0x00000006   PAD
    0x08004f10   0x08004f10   0x00000064   Code   RO         2702    .text.PendSV_Handler  port.o
    0x08004f74   0x08004f74   0x00000004   PAD
    0x08004f78   0x08004f78   0x00000122   Code   RO          710    .text.RCCEx_PLL2_Config  stm32h7xx_hal_rcc_ex.o
    0x0800509a   0x0800509a   0x00000006   PAD
    0x080050a0   0x080050a0   0x00000122   Code   RO          712    .text.RCCEx_PLL3_Config  stm32h7xx_hal_rcc_ex.o
    0x080051c2   0x080051c2   0x0000000e   PAD
    0x080051d0   0x080051d0   0x00000024   Code   RO         2686    .text.SVC_Handler   port.o
    0x080051f4   0x080051f4   0x00000004   PAD
    0x080051f8   0x080051f8   0x00000008   Code   RO           44    .text.StartDefaultTask  freertos.o
    0x08005200   0x08005200   0x0000001e   Code   RO         2489    .text.SysTick_Handler  cmsis_os2.o
    0x0800521e   0x0800521e   0x00000002   PAD
    0x08005220   0x08005220   0x000000c8   Code   RO           13    .text.SystemClock_Config  main.o
    0x080052e8   0x080052e8   0x000000d2   Code   RO         2099    .text.SystemInit    system_stm32h7xx.o
    0x080053ba   0x080053ba   0x00000006   PAD
    0x080053c0   0x080053c0   0x0000000c   Code   RO          175    .text.TIM1_UP_IRQHandler  stm32h7xx_it.o
    0x080053cc   0x080053cc   0x00000004   PAD
    0x080053d0   0x080053d0   0x00000178   Code   RO          293    .text.TIM_Base_SetConfig  stm32h7xx_hal_tim.o
    0x08005548   0x08005548   0x000000e0   Code   RO         1649    .text.UART_AdvFeatureConfig  stm32h7xx_hal_uart.o
    0x08005628   0x08005628   0x00000176   Code   RO         1653    .text.UART_CheckIdleState  stm32h7xx_hal_uart.o
    0x0800579e   0x0800579e   0x00000002   PAD
    0x080057a0   0x080057a0   0x000004d4   Code   RO         1651    .text.UART_SetConfig  stm32h7xx_hal_uart.o
    0x08005c74   0x08005c74   0x00000004   PAD
    0x08005c78   0x08005c78   0x00000358   Code   RO         1667    .text.UART_WaitOnFlagUntilTimeout  stm32h7xx_hal_uart.o
    0x08005fd0   0x08005fd0   0x00000292   Code   RO         1933    .text.USB_CoreInit  stm32h7xx_ll_usb.o
    0x08006262   0x08006262   0x00000006   PAD
    0x08006268   0x08006268   0x0000001e   Code   RO         1981    .text.USB_DevDisconnect  stm32h7xx_ll_usb.o
    0x08006286   0x08006286   0x00000002   PAD
    0x08006288   0x08006288   0x000004ac   Code   RO         1945    .text.USB_DevInit   stm32h7xx_ll_usb.o
    0x08006734   0x08006734   0x00000004   PAD
    0x08006738   0x08006738   0x0000000e   Code   RO         1939    .text.USB_DisableGlobalInt  stm32h7xx_ll_usb.o
    0x08006746   0x08006746   0x00000002   PAD
    0x08006748   0x08006748   0x00000368   Code   RO         1941    .text.USB_SetCurrentMode  stm32h7xx_ll_usb.o
    0x08006ab0   0x08006ab0   0x00000002   Code   RO          167    .text.UsageFault_Handler  stm32h7xx_it.o
    0x08006ab2   0x08006ab2   0x00000006   PAD
    0x08006ab8   0x08006ab8   0x000000be   Code   RO           11    .text.main          main.o
    0x08006b76   0x08006b76   0x00000002   PAD
    0x08006b78   0x08006b78   0x0000005c   Code   RO         2551    .text.osDelayUntil  cmsis_os2.o
    0x08006bd4   0x08006bd4   0x00000004   PAD
    0x08006bd8   0x08006bd8   0x00000042   Code   RO         2573    .text.osEventFlagsGet  cmsis_os2.o
    0x08006c1a   0x08006c1a   0x00000006   PAD
    0x08006c20   0x08006c20   0x0000004c   Code   RO         2567    .text.osEventFlagsNew  cmsis_os2.o
    0x08006c6c   0x08006c6c   0x00000004   PAD
    0x08006c70   0x08006c70   0x00000086   Code   RO         2569    .text.osEventFlagsSet  cmsis_os2.o
    0x08006cf6   0x08006cf6   0x00000002   PAD
    0x08006cf8   0x08006cf8   0x000000a2   Code   RO         2575    .text.osEventFlagsWait  cmsis_os2.o
    0x08006d9a   0x08006d9a   0x00000006   PAD
    0x08006da0   0x08006da0   0x00000032   Code   RO         2505    .text.osKernelGetTickCount  cmsis_os2.o
    0x08006dd2   0x08006dd2   0x00000006   PAD
    0x08006dd8   0x08006dd8   0x00000006   Code   RO         2507    .text.osKernelGetTickFreq  cmsis_os2.o
    0x08006dde   0x08006dde   0x00000002   PAD
    0x08006de0   0x08006de0   0x0000004e   Code   RO         2491    .text.osKernelInitialize  cmsis_os2.o
    0x08006e2e   0x08006e2e   0x00000002   PAD
    0x08006e30   0x08006e30   0x0000005e   Code   RO         2497    .text.osKernelStart  cmsis_os2.o
    0x08006e8e   0x08006e8e   0x00000002   PAD
    0x08006e90   0x08006e90   0x000000a8   Code   RO         2603    .text.osMessageQueueGet  cmsis_os2.o
    0x08006f38   0x08006f38   0x000000a2   Code   RO         2599    .text.osMessageQueueNew  cmsis_os2.o
    0x08006fda   0x08006fda   0x00000006   PAD
    0x08006fe0   0x08006fe0   0x000000c0   Code   RO         2601    .text.osMessageQueuePut  cmsis_os2.o
    0x080070a0   0x080070a0   0x000000a4   Code   RO         2579    .text.osMutexNew    cmsis_os2.o
    0x08007144   0x08007144   0x00000004   PAD
    0x08007148   0x08007148   0x0000000a   Code   RO         2533    .text.osThreadExit  cmsis_os2.o
    0x08007152   0x08007152   0x00000006   PAD
    0x08007158   0x08007158   0x000000cc   Code   RO         2513    .text.osThreadNew   cmsis_os2.o
    0x08007224   0x08007224   0x00000004   PAD
    0x08007228   0x08007228   0x00000086   Code   RO         2323    .text.prvAddCurrentTaskToDelayedList  tasks.o
    0x080072ae   0x080072ae   0x00000002   PAD
    0x080072b0   0x080072b0   0x000002b2   Code   RO         2313    .text.prvAddNewTaskToReadyList  tasks.o
    0x08007562   0x08007562   0x00000006   PAD
    0x08007568   0x08007568   0x00000088   Code   RO         2347    .text.prvIdleTask   tasks.o
    0x080075f0   0x080075f0   0x0000018a   Code   RO         2311    .text.prvInitialiseNewTask  tasks.o
    0x0800777a   0x0800777a   0x00000006   PAD
    0x08007780   0x08007780   0x00000028   Code   RO         2694    .text.prvPortStartFirstTask  port.o
    0x080077a8   0x080077a8   0x00000052   Code   RO         2684    .text.prvTaskExitError  port.o
    0x080077fa   0x080077fa   0x00000006   PAD
    0x08007800   0x08007800   0x00000332   Code   RO         2437    .text.prvTimerTask  timers.o
    0x08007b32   0x08007b32   0x00000006   PAD
    0x08007b38   0x08007b38   0x0000007a   Code   RO         2202    .text.prvUnlockQueue  queue.o
    0x08007bb2   0x08007bb2   0x00000006   PAD
    0x08007bb8   0x08007bb8   0x000001d4   Code   RO         2657    .text.pvPortMalloc  heap_4.o
    0x08007d8c   0x08007d8c   0x00000004   PAD
    0x08007d90   0x08007d90   0x0000002c   Code   RO         2682    .text.pxPortInitialiseStack  port.o
    0x08007dbc   0x08007dbc   0x00000004   PAD
    0x08007dc0   0x08007dc0   0x0000002a   Code   RO         2164    .text.uxListRemove  list.o
    0x08007dea   0x08007dea   0x00000006   PAD
    0x08007df0   0x08007df0   0x0000000c   Code   RO         2357    .text.uxTaskGetNumberOfTasks  tasks.o
    0x08007dfc   0x08007dfc   0x00000004   PAD
    0x08007e00   0x08007e00   0x0000001a   Code   RO         2403    .text.uxTaskResetEventItemValue  tasks.o
    0x08007e1a   0x08007e1a   0x00000006   PAD
    0x08007e20   0x08007e20   0x0000001a   Code   RO         2639    .text.vApplicationGetIdleTaskMemory  cmsis_os2.o
    0x08007e3a   0x08007e3a   0x00000006   PAD
    0x08007e40   0x08007e40   0x0000001c   Code   RO         2641    .text.vApplicationGetTimerTaskMemory  cmsis_os2.o
    0x08007e5c   0x08007e5c   0x00000004   PAD
    0x08007e60   0x08007e60   0x00000006   Code   RO           40    .text.vApplicationMallocFailedHook  freertos.o
    0x08007e66   0x08007e66   0x00000002   PAD
    0x08007e68   0x08007e68   0x00000010   Code   RO           38    .text.vApplicationStackOverflowHook  freertos.o
    0x08007e78   0x08007e78   0x00000004   Code   RO         2139    .text.vEventGroupSetBitsCallback  event_groups.o
    0x08007e7c   0x08007e7c   0x00000004   PAD
    0x08007e80   0x08007e80   0x00000016   Code   RO         2156    .text.vListInitialise  list.o
    0x08007e96   0x08007e96   0x00000002   PAD
    0x08007e98   0x08007e98   0x00000006   Code   RO         2158    .text.vListInitialiseItem  list.o
    0x08007e9e   0x08007e9e   0x00000002   PAD
    0x08007ea0   0x08007ea0   0x00000062   Code   RO         2162    .text.vListInsert   list.o
    0x08007f02   0x08007f02   0x00000006   PAD
    0x08007f08   0x08007f08   0x0000001c   Code   RO         2160    .text.vListInsertEnd  list.o
    0x08007f24   0x08007f24   0x00000004   PAD
    0x08007f28   0x08007f28   0x00000014   Code   RO         2692    .text.vPortEnableVFP  port.o
    0x08007f3c   0x08007f3c   0x00000004   PAD
    0x08007f40   0x08007f40   0x0000004a   Code   RO         2698    .text.vPortEnterCritical  port.o
    0x08007f8a   0x08007f8a   0x00000006   PAD
    0x08007f90   0x08007f90   0x00000030   Code   RO         2700    .text.vPortExitCritical  port.o
    0x08007fc0   0x08007fc0   0x000000e0   Code   RO         2659    .text.vPortFree     heap_4.o
    0x080080a0   0x080080a0   0x00000034   Code   RO         2690    .text.vPortSetupTimerInterrupt  port.o
    0x080080d4   0x080080d4   0x00000004   PAD
    0x080080d8   0x080080d8   0x0000005c   Code   RO         2706    .text.vPortValidateInterruptPriority  port.o
    0x08008134   0x08008134   0x00000004   PAD
    0x08008138   0x08008138   0x000001f6   Code   RO         2240    .text.vQueueAddToRegistry  queue.o
    0x0800832e   0x0800832e   0x00000002   PAD
    0x08008330   0x08008330   0x00000064   Code   RO         2244    .text.vQueueWaitForMessageRestricted  queue.o
    0x08008394   0x08008394   0x00000004   PAD
    0x08008398   0x08008398   0x000000f0   Code   RO         2317    .text.vTaskDelete   tasks.o
    0x08008488   0x08008488   0x00000012   Code   RO         2379    .text.vTaskInternalSetTimeOutState  tasks.o
    0x0800849a   0x0800849a   0x00000006   PAD
    0x080084a0   0x080084a0   0x0000000e   Code   RO         2383    .text.vTaskMissedYield  tasks.o
    0x080084ae   0x080084ae   0x00000002   PAD
    0x080084b0   0x080084b0   0x00000038   Code   RO         2367    .text.vTaskPlaceOnEventList  tasks.o
    0x080084e8   0x080084e8   0x000000a2   Code   RO         2371    .text.vTaskPlaceOnEventListRestricted  tasks.o
    0x0800858a   0x0800858a   0x00000006   PAD
    0x08008590   0x08008590   0x00000076   Code   RO         2369    .text.vTaskPlaceOnUnorderedEventList  tasks.o
    0x08008606   0x08008606   0x00000002   PAD
    0x08008608   0x08008608   0x000000d2   Code   RO         2375    .text.vTaskRemoveFromUnorderedEventList  tasks.o
    0x080086da   0x080086da   0x00000006   PAD
    0x080086e0   0x080086e0   0x0000010c   Code   RO         2345    .text.vTaskStartScheduler  tasks.o
    0x080087ec   0x080087ec   0x00000004   PAD
    0x080087f0   0x080087f0   0x00000010   Code   RO         2321    .text.vTaskSuspendAll  tasks.o
    0x08008800   0x08008800   0x000000ca   Code   RO         2339    .text.vTaskSwitchContext  tasks.o
    0x080088ca   0x080088ca   0x00000006   PAD
    0x080088d0   0x080088d0   0x0000004c   Code   RO         2127    .text.xEventGroupClearBits  event_groups.o
    0x0800891c   0x0800891c   0x00000004   PAD
    0x08008920   0x08008920   0x0000001c   Code   RO         2119    .text.xEventGroupCreate  event_groups.o
    0x0800893c   0x0800893c   0x00000004   PAD
    0x08008940   0x08008940   0x00000044   Code   RO         2117    .text.xEventGroupCreateStatic  event_groups.o
    0x08008984   0x08008984   0x00000004   PAD
    0x08008988   0x08008988   0x00000020   Code   RO         2133    .text.xEventGroupGetBitsFromISR  event_groups.o
    0x080089a8   0x080089a8   0x000000a4   Code   RO         2123    .text.xEventGroupSetBits  event_groups.o
    0x08008a4c   0x08008a4c   0x00000004   PAD
    0x08008a50   0x08008a50   0x00000014   Code   RO         2141    .text.xEventGroupSetBitsFromISR  event_groups.o
    0x08008a64   0x08008a64   0x00000004   PAD
    0x08008a68   0x08008a68   0x00000136   Code   RO         2125    .text.xEventGroupWaitBits  event_groups.o
    0x08008b9e   0x08008b9e   0x00000002   PAD
    0x08008ba0   0x08008ba0   0x00000196   Code   RO         2688    .text.xPortStartScheduler  port.o
    0x08008d36   0x08008d36   0x00000002   PAD
    0x08008d38   0x08008d38   0x00000032   Code   RO         2704    .text.xPortSysTickHandler  port.o
    0x08008d6a   0x08008d6a   0x00000006   PAD
    0x08008d70   0x08008d70   0x00000074   Code   RO         2182    .text.xQueueCreateMutex  queue.o
    0x08008de4   0x08008de4   0x00000004   PAD
    0x08008de8   0x08008de8   0x00000032   Code   RO         2184    .text.xQueueCreateMutexStatic  queue.o
    0x08008e1a   0x08008e1a   0x00000006   PAD
    0x08008e20   0x08008e20   0x00000098   Code   RO         2180    .text.xQueueGenericCreate  queue.o
    0x08008eb8   0x08008eb8   0x000000da   Code   RO         2176    .text.xQueueGenericCreateStatic  queue.o
    0x08008f92   0x08008f92   0x00000006   PAD
    0x08008f98   0x08008f98   0x00000226   Code   RO         2192    .text.xQueueGenericSend  queue.o
    0x080091be   0x080091be   0x00000002   PAD
    0x080091c0   0x080091c0   0x0000017c   Code   RO         2204    .text.xQueueGenericSendFromISR  queue.o
    0x0800933c   0x0800933c   0x00000004   PAD
    0x08009340   0x08009340   0x000001ba   Code   RO         2208    .text.xQueueReceive  queue.o
    0x080094fa   0x080094fa   0x00000006   PAD
    0x08009500   0x08009500   0x00000106   Code   RO         2212    .text.xQueueReceiveFromISR  queue.o
    0x08009606   0x08009606   0x00000002   PAD
    0x08009608   0x08009608   0x000000a6   Code   RO         2381    .text.xTaskCheckForTimeOut  tasks.o
    0x080096ae   0x080096ae   0x00000002   PAD
    0x080096b0   0x080096b0   0x00000060   Code   RO         2315    .text.xTaskCreate   tasks.o
    0x08009710   0x08009710   0x000000a4   Code   RO         2309    .text.xTaskCreateStatic  tasks.o
    0x080097b4   0x080097b4   0x00000004   PAD
    0x080097b8   0x080097b8   0x000000ec   Code   RO         2319    .text.xTaskDelayUntil  tasks.o
    0x080098a4   0x080098a4   0x00000004   PAD
    0x080098a8   0x080098a8   0x0000001c   Code   RO         2395    .text.xTaskGetSchedulerState  tasks.o
    0x080098c4   0x080098c4   0x00000004   PAD
    0x080098c8   0x080098c8   0x0000000c   Code   RO         2353    .text.xTaskGetTickCount  tasks.o
    0x080098d4   0x080098d4   0x00000004   PAD
    0x080098d8   0x080098d8   0x00000012   Code   RO         2355    .text.xTaskGetTickCountFromISR  tasks.o
    0x080098ea   0x080098ea   0x00000006   PAD
    0x080098f0   0x080098f0   0x0000017a   Code   RO         2351    .text.xTaskIncrementTick  tasks.o
    0x08009a6a   0x08009a6a   0x00000006   PAD
    0x08009a70   0x08009a70   0x000000a4   Code   RO         2399    .text.xTaskPriorityDisinherit  tasks.o
    0x08009b14   0x08009b14   0x00000004   PAD
    0x08009b18   0x08009b18   0x000000e4   Code   RO         2373    .text.xTaskRemoveFromEventList  tasks.o
    0x08009bfc   0x08009bfc   0x00000004   PAD
    0x08009c00   0x08009c00   0x0000013e   Code   RO         2325    .text.xTaskResumeAll  tasks.o
    0x08009d3e   0x08009d3e   0x00000002   PAD
    0x08009d40   0x08009d40   0x000000b8   Code   RO         2435    .text.xTimerCreateTimerTask  timers.o
    0x08009df8   0x08009df8   0x0000002c   Code   RO         2469    .text.xTimerPendFunctionCallFromISR  timers.o
    0x08009e24   0x08009e24   0x0000001a   Code   RO         2849    x$fpl$fpinit        fz_wv.l(fpinit.o)
    0x08009e3e   0x08009e3e   0x00000002   PAD
    0x08009e40   0x08009e40   0x0000004c   Data   RO         1635    .rodata..L__const.HAL_FDCAN_Init.CvtEltSize  stm32h7xx_hal_fdcan.o
    0x08009e8c   0x08009e8c   0x00000006   Data   RO         1780    .rodata..Lswitch.table.UART_SetConfig.7  stm32h7xx_hal_uart.o
    0x08009e92   0x08009e92   0x00000006   Data   RO         1781    .rodata..Lswitch.table.UART_SetConfig.9  stm32h7xx_hal_uart.o
    0x08009e98   0x08009e98   0x00000010   Data   RO         2105    .rodata.D1CorePrescTable  system_stm32h7xx.o
    0x08009ea8   0x08009ea8   0x00000018   Data   RO         1779    .rodata.UARTPrescTable  stm32h7xx_hal_uart.o
    0x08009ec0   0x08009ec0   0x00000018   Data   RO          265    .rodata.app_can_rx_queue_attributes  app_freertos.o
    0x08009ed8   0x08009ed8   0x00000024   Data   RO          273    .rodata.app_can_rx_task_attributes  app_freertos.o
    0x08009efc   0x08009efc   0x00000018   Data   RO          266    .rodata.app_chassis_command_queue_attributes  app_freertos.o
    0x08009f14   0x08009f14   0x00000018   Data   RO          269    .rodata.app_communication_queue_attributes  app_freertos.o
    0x08009f2c   0x08009f2c   0x00000024   Data   RO          276    .rodata.app_communication_task_attributes  app_freertos.o
    0x08009f50   0x08009f50   0x00000024   Data   RO          274    .rodata.app_control_task_attributes  app_freertos.o
    0x08009f74   0x08009f74   0x00000018   Data   RO          267    .rodata.app_mechanism_command_queue_attributes  app_freertos.o
    0x08009f8c   0x08009f8c   0x00000024   Data   RO          278    .rodata.app_monitor_task_attributes  app_freertos.o
    0x08009fb0   0x08009fb0   0x00000024   Data   RO          275    .rodata.app_navigation_task_attributes  app_freertos.o
    0x08009fd4   0x08009fd4   0x00000024   Data   RO          277    .rodata.app_safety_task_attributes  app_freertos.o
    0x08009ff8   0x08009ff8   0x00000010   Data   RO          272    .rodata.app_state_mutex_attributes  app_freertos.o
    0x0800a008   0x0800a008   0x00000010   Data   RO          271    .rodata.app_system_event_attributes  app_freertos.o
    0x0800a018   0x0800a018   0x00000018   Data   RO          270    .rodata.app_telemetry_queue_attributes  app_freertos.o
    0x0800a030   0x0800a030   0x00000018   Data   RO          268    .rodata.app_trajectory_queue_attributes  app_freertos.o
    0x0800a048   0x0800a048   0x00000010   Data   RO         1636    .rodata.cst16       stm32h7xx_hal_fdcan.o
    0x0800a058   0x0800a058   0x00000010   Data   RO         1822    .rodata.cst8        stm32h7xx_hal_uart_ex.o
    0x0800a068   0x0800a068   0x00000024   Data   RO           47    .rodata.defaultTask_attributes  freertos.o
    0x0800a08c   0x0800a08c   0x0000000c   Data   RO           46    .rodata.str1.1      freertos.o
    0x0800a098   0x0800a098   0x000000ca   Data   RO          279    .rodata.str1.1      app_freertos.o
    0x0800a162   0x0800a162   0x0000003a   Data   RO         2147    .rodata.str1.1      event_groups.o
    0x0800a19c   0x0800a19c   0x00000033   Data   RO         2246    .rodata.str1.1      queue.o
    0x0800a1cf   0x0800a1cf   0x00000033   Data   RO         2423    .rodata.str1.1      tasks.o
    0x0800a202   0x0800a202   0x00000039   Data   RO         2477    .rodata.str1.1      timers.o
    0x0800a23b   0x0800a23b   0x00000045   Data   RO         2671    .rodata.str1.1      heap_4.o
    0x0800a280   0x0800a280   0x0000004c   Data   RO         2708    .rodata.str1.1      port.o
    0x0800a2cc   0x0800a2cc   0x00000004   Data   RO         2422    .rodata.uxTopUsedPriority  tasks.o
    0x0800a2d0   0x0800a2d0   0x00000020   Data   RO         2910    Region$$Table       anon$$obj.o


    Execution Region RW_IRAM1 (Exec base: 0x20000000, Load base: 0x0800a2f0, Size: 0x00000000, Max: 0x00020000, ABSOLUTE)

    **** No section assigned to this execution region ****


    Execution Region RW_IRAM2 (Exec base: 0x24000000, Load base: 0x0800a2f0, Size: 0x00012120, Max: 0x00050000, ABSOLUTE)

    Exec Addr    Load Addr    Size         Type   Attr      Idx    E Section Name        Object

    0x24000000   0x0800a2f0   0x00000008   Data   RW         1230    .data..L_MergedGlobals  stm32h7xx_hal.o
    0x24000008   0x0800a2f8   0x00000008   Data   RW         2106    .data..L_MergedGlobals  system_stm32h7xx.o
    0x24000010   0x0800a300   0x00000004   Data   RW         2709    .data.uxCriticalNesting  port.o
    0x24000014   0x0800a304   0x00000004   PAD
    0x24000018        -       0x00000060   Zero   RW         2775    .bss                c_w.l(libspace.o)
    0x24000078        -       0x0000006c   Zero   RW          280    .bss..L_MergedGlobals  app_freertos.o
    0x240000e4        -       0x00000074   Zero   RW         2425    .bss..L_MergedGlobals  tasks.o
    0x24000158        -       0x0000003c   Zero   RW         2480    .bss..L_MergedGlobals  timers.o
    0x24000194        -       0x0000001c   Zero   RW         2673    .bss..L_MergedGlobals  heap_4.o
    0x240001b0        -       0x00000008   Zero   RW         2710    .bss..L_MergedGlobals  port.o
    0x240001b8        -       0x00000028   Zero   RW         2426    .bss..L_MergedGlobals.2  tasks.o
    0x240001e0        -       0x00000004   Zero   RW           70    .bss.HAL_RCC_FDCAN_CLK_ENABLED  fdcan.o
    0x240001e4        -       0x00000004   Zero   RW          150    .bss.HAL_RCC_USB_OTG_HS_CLK_ENABLED  usb_otg.o
    0x240001e8        -       0x00000004   Zero   RW         2643    .bss.KernelState    cmsis_os2.o
    0x240001ec        -       0x00000040   Zero   RW          264    .bss.app_robot_state  app_freertos.o
    0x2400022c        -       0x00000004   Zero   RW           48    .bss.defaultTaskHandle  freertos.o
    0x24000230        -       0x000000a0   Zero   RW           67    .bss.hfdcan1        fdcan.o
    0x240002d0        -       0x000000a0   Zero   RW           68    .bss.hfdcan2        fdcan.o
    0x24000370        -       0x000000a0   Zero   RW           69    .bss.hfdcan3        fdcan.o
    0x24000410        -       0x000004e4   Zero   RW          148    .bss.hpcd_USB_OTG_HS  usb_otg.o
    0x240008f4        -       0x0000004c   Zero   RW          201    .bss.htim1          stm32h7xx_hal_timebase_tim.o
    0x24000940        -       0x0000004c   Zero   RW           93    .bss.htim13         tim.o
    0x2400098c        -       0x0000004c   Zero   RW           94    .bss.htim14         tim.o
    0x240009d8        -       0x0000004c   Zero   RW           91    .bss.htim6          tim.o
    0x24000a24        -       0x0000004c   Zero   RW           92    .bss.htim7          tim.o
    0x24000a70        -       0x00000094   Zero   RW          125    .bss.huart1         usart.o
    0x24000b04        -       0x00000094   Zero   RW          127    .bss.huart10        usart.o
    0x24000b98        -       0x00000094   Zero   RW          126    .bss.huart2         usart.o
    0x24000c2c        -       0x00000094   Zero   RW          121    .bss.huart4         usart.o
    0x24000cc0        -       0x00000094   Zero   RW          122    .bss.huart5         usart.o
    0x24000d54        -       0x00000094   Zero   RW          123    .bss.huart7         usart.o
    0x24000de8        -       0x00000094   Zero   RW          124    .bss.huart8         usart.o
    0x24000e7c        -       0x000000a0   Zero   RW         2479    .bss.prvCheckForValidListAndQueue.ucStaticTimerQueueStorage  timers.o
    0x24000f1c        -       0x00000050   Zero   RW         2478    .bss.prvCheckForValidListAndQueue.xStaticTimerQueue  timers.o
    0x24000f6c        -       0x00000004   Zero   RW         2421    .bss.pxCurrentTCB   tasks.o
    0x24000f70        -       0x00000460   Zero   RW         2424    .bss.pxReadyTasksLists  tasks.o
    0x240013d0        -       0x00010000   Zero   RW         2672    .bss.ucHeap         heap_4.o
    0x240113d0        -       0x00000004   Zero   RW         1229    .bss.uwTick         stm32h7xx_hal.o
    0x240113d4        -       0x00000200   Zero   RW         2646    .bss.vApplicationGetIdleTaskMemory.Idle_Stack  cmsis_os2.o
    0x240115d4        -       0x00000064   Zero   RW         2645    .bss.vApplicationGetIdleTaskMemory.Idle_TCB  cmsis_os2.o
    0x24011638        -       0x00000400   Zero   RW         2648    .bss.vApplicationGetTimerTaskMemory.Timer_Stack  cmsis_os2.o
    0x24011a38        -       0x00000064   Zero   RW         2647    .bss.vApplicationGetTimerTaskMemory.Timer_TCB  cmsis_os2.o
    0x24011a9c        -       0x00000080   Zero   RW         2247    .bss.xQueueRegistry  queue.o
    0x24011b1c   0x0800a304   0x00000004   PAD
    0x24011b20        -       0x00000200   Zero   RW            2    HEAP                startup_stm32h723xx.o
    0x24011d20        -       0x00000400   Zero   RW            1    STACK               startup_stm32h723xx.o


==============================================================================

Image component sizes


      Code (inc. data)   RO Data    RW Data    ZI Data      Debug   Object Name

      1828          0        594          0        172      19985   app_freertos.o
      1742          0          0          0       1740      62642   cmsis_os2.o
       702          0         58          0          0       9647   event_groups.o
       690          0          0          0        484      10411   fdcan.o
        78          0         48          0          4       3345   freertos.o
       122          0          0          0          0       2324   gpio.o
       692          0         69          0      65564       5829   heap_4.o
       196          0          0          0          0       2340   list.o
       414          0          0          0          0       8737   main.o
      1044         16         76          4          8       4026   port.o
      2894          0         51          0        128      26981   queue.o
        72         30        716          0       1536        844   startup_stm32h723xx.o
       178          0          0          8          4      15889   stm32h7xx_hal.o
       308          0          0          0          0      12485   stm32h7xx_hal_cortex.o
      3678          0         92          0          0      63345   stm32h7xx_hal_fdcan.o
       502          0          0          0          0       7116   stm32h7xx_hal_gpio.o
        42          0          0          0          0       5432   stm32h7xx_hal_msp.o
       642          0          0          0          0      17551   stm32h7xx_hal_pcd.o
        38          0          0          0          0       6319   stm32h7xx_hal_pcd_ex.o
        94          0          0          0          0       9647   stm32h7xx_hal_pwr_ex.o
      2552         16          0          0          0      11359   stm32h7xx_hal_rcc.o
      3946        138          0          0          0      19833   stm32h7xx_hal_rcc_ex.o
      1064          0          0          0          0      65322   stm32h7xx_hal_tim.o
       224          0          0          0          0      26691   stm32h7xx_hal_tim_ex.o
       156          0          0          0         76       9668   stm32h7xx_hal_timebase_tim.o
      2794        330         36          0          0      43712   stm32h7xx_hal_uart.o
       342          0         16          0          0      11530   stm32h7xx_hal_uart_ex.o
        60          0          0          0          0       8008   stm32h7xx_it.o
      2770          0          0          0          0      37440   stm32h7xx_ll_usb.o
       254          0         16          8          0       5677   system_stm32h7xx.o
      4504          8         55          0       1280      42288   tasks.o
       418          8          0          0        304       7028   tim.o
      1046         20         57          0        300      16161   timers.o
      1714          0          0          0       1036      10399   usart.o
       246          0          0          0       1256       9661   usb_otg.o

    ----------------------------------------------------------------------
     38844        598       1916         20      73900     619672   Object Totals
         0          0         32          0          0          0   (incl. Generated)
       798         32          0          0          8          0   (incl. Padding)

    ----------------------------------------------------------------------

      Code (inc. data)   RO Data    RW Data    ZI Data      Debug   Library Member Name

         8          0          0          0          0         68   __main.o
         0          0          0          0          0          0   __rtentry.o
        12          0          0          0          0          0   __rtentry2.o
         6          0          0          0          0          0   __rtentry4.o
        52          8          0          0          0          0   __scatter.o
        26          0          0          0          0          0   __scatter_copy.o
        28          0          0          0          0          0   __scatter_zi.o
        16          0          0          0          0         68   aeabi_memset4.o
        18          0          0          0          0         80   exit.o
         6          0          0          0          0        152   heapauxi.o
         0          0          0          0          0          0   indicate_semi.o
         2          0          0          0          0          0   libinit.o
         6          0          0          0          0          0   libinit2.o
         2          0          0          0          0          0   libshutdown.o
         2          0          0          0          0          0   libshutdown2.o
         8          4          0          0         96         68   libspace.o
       240          0          0          0          0        100   lludivv7m.o
        68          0          0          0          0         68   rt_memclr.o
        78          0          0          0          0         80   rt_memclr_w.o
       138          0          0          0          0         68   rt_memcpy_v6.o
       100          0          0          0          0         80   rt_memcpy_w.o
         2          0          0          0          0          0   rtexit.o
        10          0          0          0          0          0   rtexit2.o
        12          4          0          0          0         68   sys_exit.o
        74          0          0          0          0         80   sys_stackheap_outer.o
         2          0          0          0          0         68   use_no_semi.o
        26          0          0          0          0        116   fpinit.o

    ----------------------------------------------------------------------
       952         16          0          0         96       1164   Library Totals
        10          0          0          0          0          0   (incl. Padding)

    ----------------------------------------------------------------------

      Code (inc. data)   RO Data    RW Data    ZI Data      Debug   Library Name

       916         16          0          0         96       1048   c_w.l
        26          0          0          0          0        116   fz_wv.l

    ----------------------------------------------------------------------
       952         16          0          0         96       1164   Library Totals

    ----------------------------------------------------------------------

==============================================================================


      Code (inc. data)   RO Data    RW Data    ZI Data      Debug   

     39796        614       1916         20      73996     619708   Grand Totals
     39796        614       1916         20      73996     619708   ELF Image Totals
     39796        614       1916         20          0          0   ROM Totals

==============================================================================

    Total RO  Size (Code + RO Data)                41712 (  40.73kB)
    Total RW  Size (RW Data + ZI Data)             74016 (  72.28kB)
    Total ROM Size (Code + RO Data + RW Data)      41732 (  40.75kB)

==============================================================================

